[CodeSkeptic] Analysis starting... (35 files, 9 rules)
[1/35] Processing file /home/runner/work/CodeSkeptic/CodeSkeptic/box2d-3.0.0/src/weld_joint.c.
[2/35] Processing file /home/runner/work/CodeSkeptic/CodeSkeptic/box2d-3.0.0/src/solver.c.
[3/35] Processing file /home/runner/work/CodeSkeptic/CodeSkeptic/box2d-3.0.0/src/table.c.
[4/35] Processing file /home/runner/work/CodeSkeptic/CodeSkeptic/box2d-3.0.0/src/solver_set.c.
[5/35] Processing file /home/runner/work/CodeSkeptic/CodeSkeptic/box2d-3.0.0/src/island.c.
[6/35] Processing file /home/runner/work/CodeSkeptic/CodeSkeptic/box2d-3.0.0/src/motor_joint.c.
[7/35] Processing file /home/runner/work/CodeSkeptic/CodeSkeptic/box2d-3.0.0/src/world.c.
[8/35] Processing file /home/runner/work/CodeSkeptic/CodeSkeptic/box2d-3.0.0/src/joint.c.
[9/35] Processing file /home/runner/work/CodeSkeptic/CodeSkeptic/box2d-3.0.0/src/allocate.c.
[10/35] Processing file /home/runner/work/CodeSkeptic/CodeSkeptic/box2d-3.0.0/src/contact.c.
[11/35] Processing file /home/runner/work/CodeSkeptic/CodeSkeptic/box2d-3.0.0/src/core.c.
[12/35] Processing file /home/runner/work/CodeSkeptic/CodeSkeptic/box2d-3.0.0/src/hull.c.
[13/35] Processing file /home/runner/work/CodeSkeptic/CodeSkeptic/box2d-3.0.0/src/aabb.c.
[14/35] Processing file /home/runner/work/CodeSkeptic/CodeSkeptic/box2d-3.0.0/src/id_pool.c.
[15/35] Processing file /home/runner/work/CodeSkeptic/CodeSkeptic/box2d-3.0.0/src/manifold.c.
[16/35] Processing file /home/runner/work/CodeSkeptic/CodeSkeptic/box2d-3.0.0/src/timer.c.
[17/35] Processing file /home/runner/work/CodeSkeptic/CodeSkeptic/box2d-3.0.0/src/bitset.c.
[18/35] Processing file /home/runner/work/CodeSkeptic/CodeSkeptic/box2d-3.0.0/src/shape.c.
[19/35] Processing file /home/runner/work/CodeSkeptic/CodeSkeptic/box2d-3.0.0/src/block_array.c.
[20/35] Processing file /home/runner/work/CodeSkeptic/CodeSkeptic/box2d-3.0.0/src/revolute_joint.c.
[21/35] Processing file /home/runner/work/CodeSkeptic/CodeSkeptic/box2d-3.0.0/src/broad_phase.c.
[22/35] Processing file /home/runner/work/CodeSkeptic/CodeSkeptic/box2d-3.0.0/src/array.c.
[23/35] Processing file /home/runner/work/CodeSkeptic/CodeSkeptic/box2d-3.0.0/src/constraint_graph.c.
[24/35] Processing file /home/runner/work/CodeSkeptic/CodeSkeptic/box2d-3.0.0/src/geometry.c.
[25/35] Processing file /home/runner/work/CodeSkeptic/CodeSkeptic/box2d-3.0.0/src/mouse_joint.c.
[26/35] Processing file /home/runner/work/CodeSkeptic/CodeSkeptic/box2d-3.0.0/src/types.c.
[27/35] Processing file /home/runner/work/CodeSkeptic/CodeSkeptic/box2d-3.0.0/src/dynamic_tree.c.
[28/35] Processing file /home/runner/work/CodeSkeptic/CodeSkeptic/box2d-3.0.0/src/stack_allocator.c.
[29/35] Processing file /home/runner/work/CodeSkeptic/CodeSkeptic/box2d-3.0.0/src/distance.c.
[30/35] Processing file /home/runner/work/CodeSkeptic/CodeSkeptic/box2d-3.0.0/src/contact_solver.c.
[31/35] Processing file /home/runner/work/CodeSkeptic/CodeSkeptic/box2d-3.0.0/src/body.c.
[32/35] Processing file /home/runner/work/CodeSkeptic/CodeSkeptic/box2d-3.0.0/src/wheel_joint.c.
[33/35] Processing file /home/runner/work/CodeSkeptic/CodeSkeptic/box2d-3.0.0/src/distance_joint.c.
[34/35] Processing file /home/runner/work/CodeSkeptic/CodeSkeptic/box2d-3.0.0/src/math_functions.c.
[35/35] Processing file /home/runner/work/CodeSkeptic/CodeSkeptic/box2d-3.0.0/src/prismatic_joint.c.
CodeSkeptic: Clean! No issues found.
