ition)
    -> /home/runner/work/CodeSkeptic/CodeSkeptic/curl-curl-8_11_0/lib/ftp.c:2246:7 'data' is null on this branch (per this condition)
    -> /home/runner/work/CodeSkeptic/CodeSkeptic/curl-curl-8_11_0/lib/ftp.c:2256:5 'data' is null on this branch (per this condition)
    -> /home/runner/work/CodeSkeptic/CodeSkeptic/curl-curl-8_11_0/lib/ftp.c:2199:44 'data' is also dereferenced here (same origin)
    -> /home/runner/work/CodeSkeptic/CodeSkeptic/curl-curl-8_11_0/lib/ftp.c:2205:6 'data' is also dereferenced here (same origin)
    -> /home/runner/work/CodeSkeptic/CodeSkeptic/curl-curl-8_11_0/lib/ftp.c:2218:10 'data' is also dereferenced here (same origin)
    -> /home/runner/work/CodeSkeptic/CodeSkeptic/curl-curl-8_11_0/lib/ftp.c:2220:24 'data' is also dereferenced here (same origin)
    -> /home/runner/work/CodeSkeptic/CodeSkeptic/curl-curl-8_11_0/lib/ftp.c:2223:17 'data' is also dereferenced here (same origin)
    -> /home/runner/work/CodeSkeptic/CodeSkeptic/curl-curl-8_11_0/lib/ftp.c:2227:30 'data' is also dereferenced here (same origin)
/home/runner/work/CodeSkeptic/CodeSkeptic/curl-curl-8_11_0/lib/ftp.c:2506:8 [warning] null-deref: Possible null dereference: 'data' may be null on some paths
    -> /home/runner/work/CodeSkeptic/CodeSkeptic/curl-curl-8_11_0/lib/ftp.c:2497:5 'data' is null on this branch (per this condition)
    -> /home/runner/work/CodeSkeptic/CodeSkeptic/curl-curl-8_11_0/lib/ftp.c:2500:7 'data' is null on this branch (per this condition)
    -> /home/runner/work/CodeSkeptic/CodeSkeptic/curl-curl-8_11_0/lib/ftp.c:2515:9 'data' is null on this branch (per this condition)
/home/runner/work/CodeSkeptic/CodeSkeptic/curl-curl-8_11_0/lib/ftp.c:2909:11 [warning] null-deref: Possible null dereference: 'data' may be null on some paths
    -> /home/runner/work/CodeSkeptic/CodeSkeptic/curl-curl-8_11_0/lib/ftp.c:2898:13 'data' is null on this branch (per this condition)
    -> /home/runner/work/CodeSkeptic/CodeSkeptic/curl-curl-8_11_0/lib/ftp.c:2907:11 'data' is null on this branch (per this condition)
    -> /home/runner/work/CodeSkeptic/CodeSkeptic/curl-curl-8_11_0/lib/ftp.c:2914:11 'data' is null on this branch (per this condition)
    -> /home/runner/work/CodeSkeptic/CodeSkeptic/curl-curl-8_11_0/lib/ftp.c:2918:7 'data' is null on this branch (per this condition)
    -> /home/runner/work/CodeSkeptic/CodeSkeptic/curl-curl-8_11_0/lib/ftp.c:2963:7 'data' is null on this branch (per this condition)
    -> /home/runner/work/CodeSkeptic/CodeSkeptic/curl-curl-8_11_0/lib/ftp.c:2974:7 'data' is null on this branch (per this condition)
    -> /home/runner/work/CodeSkeptic/CodeSkeptic/curl-curl-8_11_0/lib/ftp.c:2900:13 'data' is also dereferenced here (same origin)
/home/runner/work/CodeSkeptic/CodeSkeptic/curl-curl-8_11_0/lib/ftp.c:3395:40 [warning] null-deref: Possible null dereference: 'data' may be null on some paths
    -> /home/runner/work/CodeSkeptic/CodeSkeptic/curl-curl-8_11_0/lib/ftp.c:3277:7 'data' is null on this branch (per this condition)
    -> /home/runner/work/CodeSkeptic/CodeSkeptic/curl-curl-8_11_0/lib/ftp.c:3335:7 'data' is null on this branch (per this condition)
    -> /home/runner/work/CodeSkeptic/CodeSkeptic/curl-curl-8_11_0/lib/ftp.c:3396:3 'data' is null on this branch (per this condition)
    -> /home/runner/work/CodeSkeptic/CodeSkeptic/curl-curl-8_11_0/lib/ftp.c:3290:39 'data' is also dereferenced here (same origin)
    -> /home/runner/work/CodeSkeptic/CodeSkeptic/curl-curl-8_11_0/lib/ftp.c:3332:28 'data' is also dereferenced here (same origin)
    -> /home/runner/work/CodeSkeptic/CodeSkeptic/curl-curl-8_11_0/lib/ftp.c:3362:11 'data' is also dereferenced here (same origin)
    -> /home/runner/work/CodeSkeptic/CodeSkeptic/curl-curl-8_11_0/lib/ftp.c:3363:15 'data' is also dereferenced here (same origin)
    -> /home/runner/work/CodeSkeptic/CodeSkeptic/curl-curl-8_11_0/lib/ftp.c:3364:9 'data' is also dereferenced here (same origin)
    -> /home/runner/work/CodeSkeptic/CodeSkeptic/curl-curl-8_11_0/lib/ftp.c:3365:9 'data' is also dereferenced here (same origin)
    -> /home/runner/work/CodeSkeptic/CodeSkeptic/curl-curl-8_11_0/lib/ftp.c:3369:13 'data' is also dereferenced here (same origin)
/home/runner/work/CodeSkeptic/CodeSkeptic/curl-curl-8_11_0/lib/ftp.c:3716:39 [warning] null-deref: Possible null dereference: 'data' may be null on some paths
    -> /home/runner/work/CodeSkeptic/CodeSkeptic/curl-curl-8_11_0/lib/ftp.c:3698:3 'data' is null on this branch (per this condition)
    -> /home/runner/work/CodeSkeptic/CodeSkeptic/curl-curl-8_11_0/lib/ftp.c:3719:5 'data' is null on this branch (per this condition)
    -> /home/runner/work/CodeSkeptic/CodeSkeptic/curl-curl-8_11_0/lib/ftp.c:3722:5 'data' is null on this branch (per this condition)
    -> /home/runner/work/CodeSkeptic/CodeSkeptic/curl-curl-8_11_0/lib/ftp.c:3726:5 'data' is null on this branch (per this condition)
    -> /home/runner/work/CodeSkeptic/CodeSkeptic/curl-curl-8_11_0/lib/ftp.c:3700:6 'data' is also dereferenced here (same origin)
    -> /home/runner/work/CodeSkeptic/CodeSkeptic/curl-curl-8_11_0/lib/ftp.c:3702:23 'data' is also dereferenced here (same origin)
/home/runner/work/CodeSkeptic/CodeSkeptic/curl-curl-8_11_0/lib/ftp.c:3933:9 [warning] null-deref: Possible null dereference: 'data' may be null on some paths
    -> /home/runner/work/CodeSkeptic/CodeSkeptic/curl-curl-8_11_0/lib/ftp.c:3886:7 'data' is null on this branch (per this condition)
    -> /home/runner/work/CodeSkeptic/CodeSkeptic/curl-curl-8_11_0/lib/ftp.c:3896:11 'data' is null on this branch (per this condition)
    -> /home/runner/work/CodeSkeptic/CodeSkeptic/curl-curl-8_11_0/lib/ftp.c:3852:7 'data' is also dereferenced here (same origin)
    -> /home/runner/work/CodeSkeptic/CodeSkeptic/curl-curl-8_11_0/lib/ftp.c:3853:7 'data' is also dereferenced here (same origin)
    -> /home/runner/work/CodeSkeptic/CodeSkeptic/curl-curl-8_11_0/lib/ftp.c:3876:25 'data' is also dereferenced here (same origin)
    -> /home/runner/work/CodeSkeptic/CodeSkeptic/curl-curl-8_11_0/lib/ftp.c:3887:10 'data' is also dereferenced here (same origin)
    -> /home/runner/work/CodeSkeptic/CodeSkeptic/curl-curl-8_11_0/lib/ftp.c:3890:24 'data' is also dereferenced here (same origin)
    -> /home/runner/work/CodeSkeptic/CodeSkeptic/curl-curl-8_11_0/lib/ftp.c:3891:18 'data' is also dereferenced here (same origin)
    -> /home/runner/work/CodeSkeptic/CodeSkeptic/curl-curl-8_11_0/lib/ftp.c:3931:10 'data' is also dereferenced here (same origin)
/home/runner/work/CodeSkeptic/CodeSkeptic/curl-curl-8_11_0/lib/hostip.c:335:24 [warning] null-deref: Possible null dereference: 'data' may be null on some paths
    -> /home/runner/work/CodeSkeptic/CodeSkeptic/curl-curl-8_11_0/lib/hostip.c:307:7 'data' is null on this branch (per this condition)
    -> /home/runner/work/CodeSkeptic/CodeSkeptic/curl-curl-8_11_0/lib/hostip.c:333:7 'data' is null on this branch (per this condition)
    -> /home/runner/work/CodeSkeptic/CodeSkeptic/curl-curl-8_11_0/lib/hostip.c:309:24 'data' is also dereferenced here (same origin)
    -> /home/runner/work/CodeSkeptic/CodeSkeptic/curl-curl-8_11_0/lib/hostip.c:314:13 'data' is also dereferenced here (same origin)
    -> /home/runner/work/CodeSkeptic/CodeSkeptic/curl-curl-8_11_0/lib/hostip.c:320:8 'data' is also dereferenced here (same origin)
/home/runner/work/CodeSkeptic/CodeSkeptic/curl-curl-8_11_0/lib/hostip.c:839:10 [warning] null-deref: Possible null dereference: 'data' may be null on some paths
    -> /home/runner/work/CodeSkeptic/CodeSkeptic/curl-curl-8_11_0/lib/hostip.c:716:5 'data' is null on this branch (per this condition)
    -> /home/runner/work/CodeSkeptic/CodeSkeptic/curl-curl-8_11_0/lib/hostip.c:721:6 'data' is also dereferenced here (same origin)
    -> /home/runner/work/CodeSkeptic/CodeSkeptic/curl-curl-8_11_0/lib/hostip.c:740:8 'data' is also dereferenced here (same origin)
    -> /home/runner/work/CodeSkeptic/CodeSkeptic/curl-curl-8_11_0/lib/hostip.c:743:12 'data' is also dereferenced here (same origin)
    -> /home/runner/work/CodeSkeptic/CodeSkeptic/curl-curl-8_11_0/lib/hostip.c:745:9 'data' is also dereferenced here (same origin)
    -> /home/runner/work/CodeSkeptic/CodeSkeptic/curl-curl-8_11_0/lib/hostip.c:750:9 'data' is also dereferenced here (same origin)
    -> /home/runner/work/CodeSkeptic/CodeSkeptic/curl-curl-8_11_0/lib/hostip.c:804:27 'data' is also dereferenced here (same origin)
    -> /home/runner/work/CodeSkeptic/CodeSkeptic/curl-curl-8_11_0/lib/hostip.c:833:10 'data' is also dereferenced here (same origin)
/home/runner/work/CodeSkeptic/CodeSkeptic/curl-curl-8_11_0/lib/hostip.c:1323:3 [warning] null-deref: Possible null dereference: 'data' may be null on some paths
    -> /home/runner/work/CodeSkeptic/CodeSkeptic/curl-curl-8_11_0/lib/hostip.c:1151:9 'data' is null on this branch (per this condition)
    -> /home/runner/work/CodeSkeptic/CodeSkeptic/curl-curl-8_11_0/lib/hostip.c:1243:11 'data' is null on this branch (per this condition)
    -> /home/runner/work/CodeSkeptic/CodeSkeptic/curl-curl-8_11_0/lib/hostip.c:1259:7 'data' assigned a possibly-null value here (callee may return null)
    -> /home/runner/work/CodeSkeptic/CodeSkeptic/curl-curl-8_11_0/lib/hostip.c:1279:9 'data' is null on this branch (per this condition)
    -> /home/runner/work/CodeSkeptic/CodeSkeptic/curl-curl-8_11_0/lib/hostip.c:1311:7 'data' is null on this branch (per this condition)
    -> /home/runner/work/CodeSkeptic/CodeSkeptic/curl-curl-8_11_0/lib/hostip.c:1318:9 'data' is null on this branch (per this condition)
    -> /home/runner/work/CodeSkeptic/CodeSkeptic/curl-curl-8_11_0/lib/hostip.c:1158:10 'data' is also dereferenced here (same origin)
    -> /home/runner/work/CodeSkeptic/CodeSkeptic/curl-curl-8_11_0/lib/hostip.c:1162:24 'data' is also dereferenced here (same origin)
    -> /home/runner/work/CodeSkeptic/CodeSkeptic/curl-curl-8_11_0/lib/hostip.c:1164:10 'data' is also dereferenced here (same origin)
    -> /home/runner/work/CodeSkeptic/CodeSkeptic/curl-curl-8_11_0/lib/hostip.c:1272:10 'data' is also dereferenced here (same origin)
/home/runner/work/CodeSkeptic/CodeSkeptic/curl-curl-8_11_0/lib/http.c:477:5 [warning] null-deref: Possible null dereference: 'data' may be null on some paths
    -> /home/runner/work/CodeSkeptic/CodeSkeptic/curl-curl-8_11_0/lib/http.c:426:5 'data' is null on this branch (per this condition)
    -> /home/runner/work/CodeSkeptic/CodeSkeptic/curl-curl-8_11_0/lib/http.c:465:7 'data' is null on this branch (per this condition)
    -> /home/runner/work/CodeSkeptic/CodeSkeptic/curl-curl-8_11_0/lib/http.c:470:7 'data' is null on this branch (per this condition)
    -> /home/runner/work/CodeSkeptic/CodeSkeptic/curl-curl-8_11_0/lib/http.c:437:9 'data' is also dereferenced here (same origin)
    -> /home/runner/work/CodeSkeptic/CodeSkeptic/curl-curl-8_11_0/lib/http.c:438:9 'data' is also dereferenced here (same origin)
/home/runner/work/CodeSkeptic/CodeSkeptic/curl-curl-8_11_0/lib/http.c:561:11 [warning] null-deref: Possible null dereference: 'data' may be null on some paths
    -> /home/runner/work/CodeSkeptic/CodeSkeptic/curl-curl-8_11_0/lib/http.c:515:7 'data' is null on this branch (per this condition)
    -> /home/runner/work/CodeSkeptic/CodeSkeptic/curl-curl-8_11_0/lib/http.c:517:7 'data' is also dereferenced here (same origin)
    -> /home/runner/work/CodeSkeptic/CodeSkeptic/curl-curl-8_11_0/lib/http.c:522:8 'data' is also dereferenced here (same origin)
    -> /home/runner/work/CodeSkeptic/CodeSkeptic/curl-curl-8_11_0/lib/http.c:523:29 'data' is also dereferenced here (same origin)
    -> /home/runner/work/CodeSkeptic/CodeSkeptic/curl-curl-8_11_0/lib/http.c:524:30 'data' is also dereferenced here (same origin)
    -> /home/runner/work/CodeSkeptic/CodeSkeptic/curl-curl-8_11_0/lib/http.c:527:7 'data' is also dereferenced here (same origin)
    -> /home/runner/work/CodeSkeptic/CodeSkeptic/curl-curl-8_11_0/lib/http.c:539:5 'data' is also dereferenced here (same origin)
    -> /home/runner/work/CodeSkeptic/CodeSkeptic/curl-curl-8_11_0/lib/http.c:540:24 'data' is also dereferenced here (same origin)
    -> /home/runner/work/CodeSkeptic/CodeSkeptic/curl-curl-8_11_0/lib/http.c:541:9 'data' is also dereferenced here (same origin)
    -> /home/runner/work/CodeSkeptic/CodeSkeptic/curl-curl-8_11_0/lib/http.c:544:12 'data' is also dereferenced here (same origin)
/home/runner/work/CodeSkeptic/CodeSkeptic/curl-curl-8_11_0/lib/http.c:973:17 [warning] null-deref: Possible null dereference: 'data' may be null on some paths
    -> /home/runner/work/CodeSkeptic/CodeSkeptic/curl-curl-8_11_0/lib/http.c:916:15 'data' is null on this branch (per this condition)
    -> /home/runner/work/CodeSkeptic/CodeSkeptic/curl-curl-8_11_0/lib/http.c:927:13 'data' is null on this branch (per this condition)
    -> /home/runner/work/CodeSkeptic/CodeSkeptic/curl-curl-8_11_0/lib/http.c:940:15 'data' is null on this branch (per this condition)
    -> /home/runner/work/CodeSkeptic/CodeSkeptic/curl-curl-8_11_0/lib/http.c:957:15 'data' is null on this branch (per this condition)
    -> /home/runner/work/CodeSkeptic/CodeSkeptic/curl-curl-8_11_0/lib/http.c:972:17 'data' is null on this branch (per this condition)
    -> /home/runner/work/CodeSkeptic/CodeSkeptic/curl-curl-8_11_0/lib/http.c:913:15 'data' is also dereferenced here (same origin)
    -> /home/runner/work/CodeSkeptic/CodeSkeptic/curl-curl-8_11_0/lib/http.c:917:15 'data' is also dereferenced here (same origin)
    -> /home/runner/work/CodeSkeptic/CodeSkeptic/curl-curl-8_11_0/lib/http.c:941:15 'data' is also dereferenced here (same origin)
    -> /home/runner/work/CodeSkeptic/CodeSkeptic/curl-curl-8_11_0/lib/http.c:958:15 'data' is also dereferenced here (same origin)
/home/runner/work/CodeSkeptic/CodeSkeptic/curl-curl-8_11_0/lib/http.c:2084:8 [warning] null-deref: Possible null dereference: 'data' may be null on some paths
    -> /home/runner/work/CodeSkeptic/CodeSkeptic/curl-curl-8_11_0/lib/http.c:2082:8 'data' is null on this branch (per this condition)
/home/runner/work/CodeSkeptic/CodeSkeptic/curl-curl-8_11_0/lib/http.c:2424:7 [warning] null-deref: Possible null dereference: 'data' may be null on some paths
    -> /home/runner/work/CodeSkeptic/CodeSkeptic/curl-curl-8_11_0/lib/http.c:2390:5 'data' is null on this branch (per this condition)
    -> /home/runner/work/CodeSkeptic/CodeSkeptic/curl-curl-8_11_0/lib/http.c:2399:7 'data' is null on this branch (per this condition)
    -> /home/runner/work/CodeSkeptic/CodeSkeptic/curl-curl-8_11_0/lib/http.c:2425:7 'data' is null on this branch (per this condition)
    -> /home/runner/work/CodeSkeptic/CodeSkeptic/curl-curl-8_11_0/lib/http.c:2392:6 'data' is also dereferenced here (same origin)
    -> /home/runner/work/CodeSkeptic/CodeSkeptic/curl-curl-8_11_0/lib/http.c:2393:7 'data' is also dereferenced here (same origin)
    -> /home/runner/work/CodeSkeptic/CodeSkeptic/curl-curl-8_11_0/lib/http.c:2396:19 'data' is also dereferenced here (same origin)
    -> /home/runner/work/CodeSkeptic/CodeSkeptic/curl-curl-8_11_0/lib/http.c:2415:34 'data' is also dereferenced here (same origin)
/home/runner/work/CodeSkeptic/CodeSkeptic/curl-curl-8_11_0/lib/http.c:3253:7 [warning] null-deref: Possible null dereference: 'data' may be null on some paths
    -> /home/runner/work/CodeSkeptic/CodeSkeptic/curl-curl-8_11_0/lib/http.c:3237:5 'data' is null on this branch (per this condition)
    -> /home/runner/work/CodeSkeptic/CodeSkeptic/curl-curl-8_11_0/lib/http.c:3252:8 'data' is also dereferenced here (same origin)
/home/runner/work/CodeSkeptic/CodeSkeptic/curl-curl-8_11_0/lib/http.c:3632:6 [warning] null-deref: Possible null dereference: 'data' may be null on some paths
    -> /home/runner/work/CodeSkeptic/CodeSkeptic/curl-curl-8_11_0/lib/http.c:3393:7 'data' is null on this branch (per this condition)
    -> /home/runner/work/CodeSkeptic/CodeSkeptic/curl-curl-8_11_0/lib/http.c:3437:9 'data' is null on this branch (per this condition)
    -> /home/runner/work/CodeSkeptic/CodeSkeptic/curl-curl-8_11_0/lib/http.c:3499:5 'data' is null on this branch (per this condition)
    -> /home/runner/work/CodeSkeptic/CodeSkeptic/curl-curl-8_11_0/lib/http.c:3512:5 'data' is null on this branch (per this condition)
    -> /home/runner/work/CodeSkeptic/CodeSkeptic/curl-curl-8_11_0/lib/http.c:3587:15 'data' is null on this branch (per this condition)
    -> /home/runner/work/CodeSkeptic/CodeSkeptic/curl-curl-8_11_0/lib/http.c:3590:15 'data' is null on this branch (per this condition)
    -> /home/runner/work/CodeSkeptic/CodeSkeptic/curl-curl-8_11_0/lib/http.c:3439:9 'data' is also dereferenced here (same origin)
    -> /home/runner/work/CodeSkeptic/CodeSkeptic/curl-curl-8_11_0/lib/http.c:3459:12 'data' is also dereferenced here (same origin)
    -> /home/runner/work/CodeSkeptic/CodeSkeptic/curl-curl-8_11_0/lib/http.c:3486:5 'data' is also dereferenced here (same origin)
    -> /home/runner/work/CodeSkeptic/CodeSkeptic/curl-curl-8_11_0/lib/http.c:3487:28 'data' is also dereferenced here (same origin)
/home/runner/work/CodeSkeptic/CodeSkeptic/curl-curl-8_11_0/lib/http_aws_sigv4.c:646:5 [warning] bounds: possible buffer overflow: strcpy copies an unbounded amount into a fixed 65-byte buffer; the source length is not checked (use a bounded copy or verify it fits)
/home/runner/work/CodeSkeptic/CodeSkeptic/curl-curl-8_11_0/lib/http_aws_sigv4.c:849:3 [warning] null-deref: Possible null dereference: 'data' may be null on some paths
    -> /home/runner/work/CodeSkeptic/CodeSkeptic/curl-curl-8_11_0/lib/http_aws_sigv4.c:664:5 'data' is null on this branch (per this condition)
    -> /home/runner/work/CodeSkeptic/CodeSkeptic/curl-curl-8_11_0/lib/http_aws_sigv4.c:682:7 'data' is null on this branch (per this condition)
    -> /home/runner/work/CodeSkeptic/CodeSkeptic/curl-curl-8_11_0/lib/http_aws_sigv4.c:745:30 'data' is also dereferenced here (same origin)
    -> /home/runner/work/CodeSkeptic/CodeSkeptic/curl-curl-8_11_0/lib/http_aws_sigv4.c:749:25 'data' is also dereferenced here (same origin)
    -> /home/runner/work/CodeSkeptic/CodeSkeptic/curl-curl-8_11_0/lib/http_aws_sigv4.c:812:20 'data' is also dereferenced here (same origin)
    -> /home/runner/work/CodeSkeptic/CodeSkeptic/curl-curl-8_11_0/lib/http_aws_sigv4.c:813:20 'data' is also dereferenced here (same origin)
    -> /home/runner/work/CodeSkeptic/CodeSkeptic/curl-curl-8_11_0/lib/http_aws_sigv4.c:848:3 'data' is also dereferenced here (same origin)
    -> /home/runner/work/CodeSkeptic/CodeSkeptic/curl-curl-8_11_0/lib/http_aws_sigv4.c:850:3 'data' is also dereferenced here (same origin)
/home/runner/work/CodeSkeptic/CodeSkeptic/curl-curl-8_11_0/lib/http_chunks.c:268:15 [warning] null-deref: Possible null dereference: 'data' may be null on some paths
    -> /home/runner/work/CodeSkeptic/CodeSkeptic/curl-curl-8_11_0/lib/http_chunks.c:191:11 'data' is null on this branch (per this condition)
    -> /home/runner/work/CodeSkeptic/CodeSkeptic/curl-curl-8_11_0/lib/http_chunks.c:228:7 'data' is null on this branch (per this condition)
    -> /home/runner/work/CodeSkeptic/CodeSkeptic/curl-curl-8_11_0/lib/http_chunks.c:350:9 'data' is null on this branch (per this condition)
    -> /home/runner/work/CodeSkeptic/CodeSkeptic/curl-curl-8_11_0/lib/http_chunks.c:356:9 'data' is null on this branch (per this condition)
    -> /home/runner/work/CodeSkeptic/CodeSkeptic/curl-curl-8_11_0/lib/http_chunks.c:210:11 'data' is also dereferenced here (same origin)
/home/runner/work/CodeSkeptic/CodeSkeptic/curl-curl-8_11_0/lib/imap.c:1218:7 [warning] null-deref: Possible null dereference: 'data' may be null on some paths
    -> /home/runner/work/CodeSkeptic/CodeSkeptic/curl-curl-8_11_0/lib/imap.c:1170:5 'data' is null on this branch (per this condition)
    -> /home/runner/work/CodeSkeptic/CodeSkeptic/curl-curl-8_11_0/lib/imap.c:1197:7 'data' is null on this branch (per this condition)
    -> /home/runner/work/CodeSkeptic/CodeSkeptic/curl-curl-8_11_0/lib/imap.c:1213:8 'data' is also dereferenced here (same origin)
    -> /home/runner/work/CodeSkeptic/CodeSkeptic/curl-curl-8_11_0/lib/imap.c:1221:7 'data' is also dereferenced here (same origin)
/home/runner/work/CodeSkeptic/CodeSkeptic/curl-curl-8_11_0/lib/mime.c:2015:5 [warning] null-deref: Possible null dereference: 'data' may be null on some paths
    -> /home/runner/work/CodeSkeptic/CodeSkeptic/curl-curl-8_11_0/lib/mime.c:1955:5 'data' is null on this branch (per this condition)
    -> /home/runner/work/CodeSkeptic/CodeSkeptic/curl-curl-8_11_0/lib/mime.c:1962:5 'data' is null on this branch (per this condition)
    -> /home/runner/work/CodeSkeptic/CodeSkeptic/curl-curl-8_11_0/lib/mime.c:1981:5 'data' is null on this branch (per this condition)
    -> /home/runner/work/CodeSkeptic/CodeSkeptic/curl-curl-8_11_0/lib/mime.c:1988:3 'data' is null on this branch (per this condition)
    -> /home/runner/work/CodeSkeptic/CodeSkeptic/curl-curl-8_11_0/lib/mime.c:2014:5 'data' is null on this branch (per this condition)
    -> /home/runner/work/CodeSkeptic/CodeSkeptic/curl-curl-8_11_0/lib/mime.c:2048:3 'data' is null on this branch (per this condition)
/home/runner/work/CodeSkeptic/CodeSkeptic/curl-curl-8_11_0/lib/mqtt.c:345:3 [warning] null-deref: Possible null dereference: 'data' may be null on some paths
    -> /home/runner/work/CodeSkeptic/CodeSkeptic/curl-curl-8_11_0/lib/mqtt.c:309:3 'data' is null on this branch (per this condition)
    -> /home/runner/work/CodeSkeptic/CodeSkeptic/curl-curl-8_11_0/lib/mqtt.c:344:3 'data' is also dereferenced here (same origin)
/home/runner/work/CodeSkeptic/CodeSkeptic/curl-curl-8_11_0/lib/mqtt.c:671:5 [warning] null-deref: Possible null dereference: 'data' may be null on some paths
    -> /home/runner/work/CodeSkeptic/CodeSkeptic/curl-curl-8_11_0/lib/mqtt.c:652:7 'data' is null on this branch (per this condition)
    -> /home/runner/work/CodeSkeptic/CodeSkeptic/curl-curl-8_11_0/lib/mqtt.c:663:5 'data' is null on this branch (per this condition)
    -> /home/runner/work/CodeSkeptic/CodeSkeptic/curl-curl-8_11_0/lib/mqtt.c:684:9 'data' is null on this branch (per this condition)
    -> /home/runner/work/CodeSkeptic/CodeSkeptic/curl-curl-8_11_0/lib/mqtt.c:689:7 'data' is null on this branch (per this condition)
    -> /home/runner/work/CodeSkeptic/CodeSkeptic/curl-curl-8_11_0/lib/mqtt.c:664:8 'data' is also dereferenced here (same origin)
    -> /home/runner/work/CodeSkeptic/CodeSkeptic/curl-curl-8_11_0/lib/mqtt.c:665:29 'data' is also dereferenced here (same origin)
    -> /home/runner/work/CodeSkeptic/CodeSkeptic/curl-curl-8_11_0/lib/mqtt.c:672:5 'data' is also dereferenced here (same origin)
/home/runner/work/CodeSkeptic/CodeSkeptic/curl-curl-8_11_0/lib/mqtt.c:809:8 [warning] null-deref: Possible null dereference: 'data' may be null on some paths
    -> /home/runner/work/CodeSkeptic/CodeSkeptic/curl-curl-8_11_0/lib/mqtt.c:759:3 'data' is null on this branch (per this condition)
    -> /home/runner/work/CodeSkeptic/CodeSkeptic/curl-curl-8_11_0/lib/mqtt.c:800:7 'data' is null on this branch (per this condition)
/home/runner/work/CodeSkeptic/CodeSkeptic/curl-curl-8_11_0/lib/multi.c:2015:10 [warning] null-deref: Possible null dereference: 'data' may be null on some paths
    -> /home/runner/work/CodeSkeptic/CodeSkeptic/curl-curl-8_11_0/lib/multi.c:1957:9 'data' is null on this branch (per this condition)
    -> /home/runner/work/CodeSkeptic/CodeSkeptic/curl-curl-8_11_0/lib/multi.c:1972:11 'data' is null on this branch (per this condition)
    -> /home/runner/work/CodeSkeptic/CodeSkeptic/curl-curl-8_11_0/lib/multi.c:2006:3 'data' is null on this branch (per this condition)
    -> /home/runner/work/CodeSkeptic/CodeSkeptic/curl-curl-8_11_0/lib/multi.c:2049:7 'data' is null on this branch (per this condition)
    -> /home/runner/work/CodeSkeptic/CodeSkeptic/curl-curl-8_11_0/lib/multi.c:2075:7 'data' is null on this branch (per this condition)
    -> /home/runner/work/CodeSkeptic/CodeSkeptic/curl-curl-8_11_0/lib/multi.c:2093:7 'data' is null on this branch (per this condition)
    -> /home/runner/work/CodeSkeptic/CodeSkeptic/curl-curl-8_11_0/lib/multi.c:1979:9 'data' is also dereferenced here (same origin)
    -> /home/runner/work/CodeSkeptic/CodeSkeptic/curl-curl-8_11_0/lib/multi.c:1980:9 'data' is also dereferenced here (same origin)
    -> /home/runner/work/CodeSkeptic/CodeSkeptic/curl-curl-8_11_0/lib/multi.c:1998:5 'data' is also dereferenced here (same origin)
    -> /home/runner/work/CodeSkeptic/CodeSkeptic/curl-curl-8_11_0/lib/multi.c:2000:6 'data' is also dereferenced here (same origin)
/home/runner/work/CodeSkeptic/CodeSkeptic/curl-curl-8_11_0/lib/multi.c:2519:7 [warning] null-deref: Possible null dereference: 'data' may be null on some paths
    -> /home/runner/work/CodeSkeptic/CodeSkeptic/curl-curl-8_11_0/lib/multi.c:2495:5 'data' is null on this branch (per this condition)
/home/runner/work/CodeSkeptic/CodeSkeptic/curl-curl-8_11_0/lib/multi.c:3979:18 [warning] null-deref: Possible null dereference: 'data' may be null on some paths
    -> /home/runner/work/CodeSkeptic/CodeSkeptic/curl-curl-8_11_0/lib/multi.c:3973:7 'data' is null on this branch (per this condition)
    -> /home/runner/work/CodeSkeptic/CodeSkeptic/curl-curl-8_11_0/lib/multi.c:3981:39 'data' is also dereferenced here (same origin)
/home/runner/work/CodeSkeptic/CodeSkeptic/curl-curl-8_11_0/lib/sendf.c:140:3 [warning] null-deref: Possible null dereference: 'data' may be null on some paths
    -> /home/runner/work/CodeSkeptic/CodeSkeptic/curl-curl-8_11_0/lib/sendf.c:132:5 'data' is null on this branch (per this condition)
    -> /home/runner/work/CodeSkeptic/CodeSkeptic/curl-curl-8_11_0/lib/sendf.c:135:5 'data' is null on this branch (per this condition)
    -> /home/runner/work/CodeSkeptic/CodeSkeptic/curl-curl-8_11_0/lib/sendf.c:141:3 'data' is also dereferenced here (same origin)
/home/runner/work/CodeSkeptic/CodeSkeptic/curl-curl-8_11_0/lib/sendf.c:160:5 [warning] null-deref: Possible null dereference: 'data' may be null on some paths
    -> /home/runner/work/CodeSkeptic/CodeSkeptic/curl-curl-8_11_0/lib/sendf.c:150:5 'data' is null on this branch (per this condition)
/home/runner/work/CodeSkeptic/CodeSkeptic/curl-curl-8_11_0/lib/sendf.c:342:11 [warning] null-deref: Possible null dereference: 'data' may be null on some paths
    -> /home/runner/work/CodeSkeptic/CodeSkeptic/curl-curl-8_11_0/lib/sendf.c:254:5 'data' is null on this branch (per this condition)
    -> /home/runner/work/CodeSkeptic/CodeSkeptic/curl-curl-8_11_0/lib/sendf.c:268:5 'data' is null on this branch (per this condition)
    -> /home/runner/work/CodeSkeptic/CodeSkeptic/curl-curl-8_11_0/lib/sendf.c:312:5 'data' is null on this branch (per this condition)
    -> /home/runner/work/CodeSkeptic/CodeSkeptic/curl-curl-8_11_0/lib/sendf.c:322:3 'data' assigned a possibly-null value here (callee may return null)
    -> /home/runner/work/CodeSkeptic/CodeSkeptic/curl-curl-8_11_0/lib/sendf.c:328:7 'data' is null on this branch (per this condition)
    -> /home/runner/work/CodeSkeptic/CodeSkeptic/curl-curl-8_11_0/lib/sendf.c:270:5 'data' is also dereferenced here (same origin)
    -> /home/runner/work/CodeSkeptic/CodeSkeptic/curl-curl-8_11_0/lib/sendf.c:271:8 'data' is also dereferenced here (same origin)
    -> /home/runner/work/CodeSkeptic/CodeSkeptic/curl-curl-8_11_0/lib/sendf.c:318:3 'data' is also dereferenced here (same origin)
    -> /home/runner/work/CodeSkeptic/CodeSkeptic/curl-curl-8_11_0/lib/sendf.c:322:46 'data' is also dereferenced here (same origin)
    -> /home/runner/work/CodeSkeptic/CodeSkeptic/curl-curl-8_11_0/lib/sendf.c:327:9 'data' is also dereferenced here (same origin)
/home/runner/work/CodeSkeptic/CodeSkeptic/curl-curl-8_11_0/lib/sendf.c:718:5 [warning] null-deref: Possible null dereference: 'data' may be null on some paths
    -> /home/runner/work/CodeSkeptic/CodeSkeptic/curl-curl-8_11_0/lib/sendf.c:716:5 'data' is null on this branch (per this condition)
    -> /home/runner/work/CodeSkeptic/CodeSkeptic/curl-curl-8_11_0/lib/sendf.c:740:3 'data' is null on this branch (per this condition)
/home/runner/work/CodeSkeptic/CodeSkeptic/curl-curl-8_11_0/lib/slist.c:80:3 [warning] null-deref: Possible null dereference: 'last' may be null on some paths
    -> /home/runner/work/CodeSkeptic/CodeSkeptic/curl-curl-8_11_0/lib/slist.c:79:3 'last' assigned a possibly-null value here (callee may return null)
/home/runner/work/CodeSkeptic/CodeSkeptic/curl-curl-8_11_0/lib/smb.c:726:3 [warning] bounds: possible buffer overflow: strcpy copies an unbounded amount into a fixed 1024-byte buffer; the source length is not checked (use a bounded copy or verify it fits)
/home/runner/work/CodeSkeptic/CodeSkeptic/curl-curl-8_11_0/lib/smtp.c:1480:39 [warning] null-deref: Possible null dereference: 'data' may be null on some paths
    -> /home/runner/work/CodeSkeptic/CodeSkeptic/curl-curl-8_11_0/lib/smtp.c:1443:3 'data' is null on this branch (per this condition)
    -> /home/runner/work/CodeSkeptic/CodeSkeptic/curl-curl-8_11_0/lib/smtp.c:1483:3 'data' is null on this branch (per this condition)
    -> /home/runner/work/CodeSkeptic/CodeSkeptic/curl-curl-8_11_0/lib/smtp.c:1445:6 'data' is also dereferenced here (same origin)
    -> /home/runner/work/CodeSkeptic/CodeSkeptic/curl-curl-8_11_0/lib/smtp.c:1453:16 'data' is also dereferenced here (same origin)
    -> /home/runner/work/CodeSkeptic/CodeSkeptic/curl-curl-8_11_0/lib/smtp.c:1467:52 'data' is also dereferenced here (same origin)
/home/runner/work/CodeSkeptic/CodeSkeptic/curl-curl-8_11_0/lib/socks.c:843:27 [warning] null-deref: Possible null dereference: 'data' may be null on some paths
    -> /home/runner/work/CodeSkeptic/CodeSkeptic/curl-curl-8_11_0/lib/socks.c:597:7 'data' is null on this branch (per this condition)
    -> /home/runner/work/CodeSkeptic/CodeSkeptic/curl-curl-8_11_0/lib/socks.c:608:7 'data' is null on this branch (per this condition)
    -> /home/runner/work/CodeSkeptic/CodeSkeptic/curl-curl-8_11_0/lib/socks.c:764:5 'data' assigned a possibly-null value here (callee may return null)
    -> /home/runner/work/CodeSkeptic/CodeSkeptic/curl-curl-8_11_0/lib/socks.c:822:7 'data' is null on this branch (per this condition)
    -> /home/runner/work/CodeSkeptic/CodeSkeptic/curl-curl-8_11_0/lib/socks.c:872:7 'data' is null on this branch (per this condition)
    -> /home/runner/work/CodeSkeptic/CodeSkeptic/curl-curl-8_11_0/lib/socks.c:887:7 'data' is null on this branch (per this condition)
    -> /home/runner/work/CodeSkeptic/CodeSkeptic/curl-curl-8_11_0/lib/socks.c:842:8 'data' is also dereferenced here (same origin)
/home/runner/work/CodeSkeptic/CodeSkeptic/curl-curl-8_11_0/lib/splay.c:123:21 [warning] null-deref: Possible null dereference: 't' may be null on some paths
    -> /home/runner/work/CodeSkeptic/CodeSkeptic/curl-curl-8_11_0/lib/splay.c:112:6 't' is null on this branch (per this condition)
    -> /home/runner/work/CodeSkeptic/CodeSkeptic/curl-curl-8_11_0/lib/splay.c:113:5 't' assigned a possibly-null value here (callee may return null)
    -> /home/runner/work/CodeSkeptic/CodeSkeptic/curl-curl-8_11_0/lib/splay.c:131:7 't' is null on this branch (per this condition)
    -> /home/runner/work/CodeSkeptic/CodeSkeptic/curl-curl-8_11_0/lib/splay.c:115:8 't' is also dereferenced here (same origin)
    -> /home/runner/work/CodeSkeptic/CodeSkeptic/curl-curl-8_11_0/lib/splay.c:124:7 't' is also dereferenced here (same origin)
    -> /home/runner/work/CodeSkeptic/CodeSkeptic/curl-curl-8_11_0/lib/splay.c:125:7 't' is also dereferenced here (same origin)
/home/runner/work/CodeSkeptic/CodeSkeptic/curl-curl-8_11_0/lib/splay.c:195:7 [warning] null-deref: Possible null dereference: 't' may be null on some paths
    -> /home/runner/work/CodeSkeptic/CodeSkeptic/curl-curl-8_11_0/lib/splay.c:163:7 't' is null on this branch (per this condition)
    -> /home/runner/work/CodeSkeptic/CodeSkeptic/curl-curl-8_11_0/lib/splay.c:169:3 't' assigned a possibly-null value here (callee may return null)
    -> /home/runner/work/CodeSkeptic/CodeSkeptic/curl-curl-8_11_0/lib/splay.c:171:6 't' is also dereferenced here (same origin)
    -> /home/runner/work/CodeSkeptic/CodeSkeptic/curl-curl-8_11_0/lib/splay.c:178:7 't' is also dereferenced here (same origin)
    -> /home/runner/work/CodeSkeptic/CodeSkeptic/curl-curl-8_11_0/lib/splay.c:184:14 't' is also dereferenced here (same origin)
    -> /home/runner/work/CodeSkeptic/CodeSkeptic/curl-curl-8_11_0/lib/splay.c:185:17 't' is also dereferenced here (same origin)
    -> /home/runner/work/CodeSkeptic/CodeSkeptic/curl-curl-8_11_0/lib/splay.c:186:18 't' is also dereferenced here (same origin)
    -> /home/runner/work/CodeSkeptic/CodeSkeptic/curl-curl-8_11_0/lib/splay.c:187:16 't' is also dereferenced here (same origin)
    -> /home/runner/work/CodeSkeptic/CodeSkeptic/curl-curl-8_11_0/lib/splay.c:188:5 't' is also dereferenced here (same origin)
/home/runner/work/CodeSkeptic/CodeSkeptic/curl-curl-8_11_0/lib/splay.c:277:7 [warning] null-deref: Possible null dereference: 'x' may be null on some paths
    -> /home/runner/work/CodeSkeptic/CodeSkeptic/curl-curl-8_11_0/lib/splay.c:275:7 'x' assigned a possibly-null value here (callee may return null)
/home/runner/work/CodeSkeptic/CodeSkeptic/curl-curl-8_11_0/lib/splay.c:277:19 [warning] null-deref: Possible null dereference: 't' may be null on some paths
    -> /home/runner/work/CodeSkeptic/CodeSkeptic/curl-curl-8_11_0/lib/splay.c:222:7 't' is null on this branch (per this condition)
    -> /home/runner/work/CodeSkeptic/CodeSkeptic/curl-curl-8_11_0/lib/splay.c:244:3 't' assigned a possibly-null value here (callee may return null)
    -> /home/runner/work/CodeSkeptic/CodeSkeptic/curl-curl-8_11_0/lib/splay.c:259:7 't' is also dereferenced here (same origin)
    -> /home/runner/work/CodeSkeptic/CodeSkeptic/curl-curl-8_11_0/lib/splay.c:264:14 't' is also dereferenced here (same origin)
    -> /home/runner/work/CodeSkeptic/CodeSkeptic/curl-curl-8_11_0/lib/splay.c:265:17 't' is also dereferenced here (same origin)
    -> /home/runner/work/CodeSkeptic/CodeSkeptic/curl-curl-8_11_0/lib/splay.c:266:18 't' is also dereferenced here (same origin)
    -> /home/runner/work/CodeSkeptic/CodeSkeptic/curl-curl-8_11_0/lib/splay.c:267:16 't' is also dereferenced here (same origin)
    -> /home/runner/work/CodeSkeptic/CodeSkeptic/curl-curl-8_11_0/lib/splay.c:268:5 't' is also dereferenced here (same origin)
    -> /home/runner/work/CodeSkeptic/CodeSkeptic/curl-curl-8_11_0/lib/splay.c:272:9 't' is also dereferenced here (same origin)
    -> /home/runner/work/CodeSkeptic/CodeSkeptic/curl-curl-8_11_0/lib/splay.c:273:11 't' is also dereferenced here (same origin)
/home/runner/work/CodeSkeptic/CodeSkeptic/curl-curl-8_11_0/lib/tftp.c:371:11 [warning] null-deref: Possible null dereference: 'data' may be null on some paths
    -> /home/runner/work/CodeSkeptic/CodeSkeptic/curl-curl-8_11_0/lib/tftp.c:329:5 'data' is null on this branch (per this condition)
    -> /home/runner/work/CodeSkeptic/CodeSkeptic/curl-curl-8_11_0/lib/tftp.c:360:7 'data' is null on this branch (per this condition)
    -> /home/runner/work/CodeSkeptic/CodeSkeptic/curl-curl-8_11_0/lib/tftp.c:367:7 'data' is null on this branch (per this condition)
/home/runner/work/CodeSkeptic/CodeSkeptic/curl-curl-8_11_0/lib/transfer.c:153:7 [warning] null-deref: Possible null dereference: 'data' may be null on some paths
    -> /home/runner/work/CodeSkeptic/CodeSkeptic/curl-curl-8_11_0/lib/transfer.c:143:7 'data' is null on this branch (per this condition)
    -> /home/runner/work/CodeSkeptic/CodeSkeptic/curl-curl-8_11_0/lib/transfer.c:151:7 'data' is null on this branch (per this condition)
    -> /home/runner/work/CodeSkeptic/CodeSkeptic/curl-curl-8_11_0/lib/transfer.c:145:7 'data' is also dereferenced here (same origin)
/home/runner/work/CodeSkeptic/CodeSkeptic/curl-curl-8_11_0/lib/transfer.c:756:12 [warning] null-deref: Possible null dereference: 'data' may be null on some paths
    -> /home/runner/work/CodeSkeptic/CodeSkeptic/curl-curl-8_11_0/lib/transfer.c:742:5 'data' is null on this branch (per this condition)
    -> /home/runner/work/CodeSkeptic/CodeSkeptic/curl-curl-8_11_0/lib/transfer.c:754:5 'data' is null on this branch (per this condition)
    -> /home/runner/work/CodeSkeptic/CodeSkeptic/curl-curl-8_11_0/lib/transfer.c:743:5 'data' is also dereferenced here (same origin)
    -> /home/runner/work/CodeSkeptic/CodeSkeptic/curl-curl-8_11_0/lib/transfer.c:748:8 'data' is also dereferenced here (same origin)
    -> /home/runner/work/CodeSkeptic/CodeSkeptic/curl-curl-8_11_0/lib/transfer.c:751:7 'data' is also dereferenced here (same origin)
/home/runner/work/CodeSkeptic/CodeSkeptic/curl-curl-8_11_0/lib/url.c:1937:22 [warning] null-deref: Possible null dereference: 'data' may be null on some paths
    -> /home/runner/work/CodeSkeptic/CodeSkeptic/curl-curl-8_11_0/lib/url.c:1849:7 'data' is null on this branch (per this condition)
    -> /home/runner/work/CodeSkeptic/CodeSkeptic/curl-curl-8_11_0/lib/url.c:1889:7 'data' assigned a possibly-null value here (callee may return null)
    -> /home/runner/work/CodeSkeptic/CodeSkeptic/curl-curl-8_11_0/lib/url.c:1904:3 'data' assigned a possibly-null value here (callee may return null)
    -> /home/runner/work/CodeSkeptic/CodeSkeptic/curl-curl-8_11_0/lib/url.c:1855:37 'data' is also dereferenced here (same origin)
    -> /home/runner/work/CodeSkeptic/CodeSkeptic/curl-curl-8_11_0/lib/url.c:1863:35 'data' is also dereferenced here (same origin)
    -> /home/runner/work/CodeSkeptic/CodeSkeptic/curl-curl-8_11_0/lib/url.c:1864:48 'data' is also dereferenced here (same origin)
    -> /home/runner/work/CodeSkeptic/CodeSkeptic/curl-curl-8_11_0/lib/url.c:1867:31 'data' is also dereferenced here (same origin)
    -> /home/runner/work/CodeSkeptic/CodeSkeptic/curl-curl-8_11_0/lib/url.c:1873:32 'data' is also dereferenced here (same origin)
    -> /home/runner/work/CodeSkeptic/CodeSkeptic/curl-curl-8_11_0/lib/url.c:1876:7 'data' is also dereferenced here (same origin)
    -> /home/runner/work/CodeSkeptic/CodeSkeptic/curl-curl-8_11_0/lib/url.c:1882:33 'data' is also dereferenced here (same origin)
/home/runner/work/CodeSkeptic/CodeSkeptic/curl-curl-8_11_0/lib/url.c:2315:20 [warning] null-deref: Possible null dereference: 'host' may be null on some paths
    -> /home/runner/work/CodeSkeptic/CodeSkeptic/curl-curl-8_11_0/lib/url.c:2144:3 'host' assigned null here
    -> /home/runner/work/CodeSkeptic/CodeSkeptic/curl-curl-8_11_0/lib/url.c:2298:11 'host' is null on this branch (per this condition)
    -> /home/runner/work/CodeSkeptic/CodeSkeptic/curl-curl-8_11_0/lib/url.c:2305:7 'host' assigned null here
    -> /home/runner/work/CodeSkeptic/CodeSkeptic/curl-curl-8_11_0/lib/url.c:2321:5 'host' assigned null here
    -> /home/runner/work/CodeSkeptic/CodeSkeptic/curl-curl-8_11_0/lib/url.c:2313:8 'host' is also dereferenced here (same origin)
    -> /home/runner/work/CodeSkeptic/CodeSkeptic/curl-curl-8_11_0/lib/url.c:2316:7 'host' is also dereferenced here (same origin)
/home/runner/work/CodeSkeptic/CodeSkeptic/curl-curl-8_11_0/lib/url.c:2416:25 [warning] null-deref: Possible null dereference: 'data' may be null on some paths
    -> /home/runner/work/CodeSkeptic/CodeSkeptic/curl-curl-8_11_0/lib/url.c:2411:7 'data' is null on this branch (per this condition)
    -> /home/runner/work/CodeSkeptic/CodeSkeptic/curl-curl-8_11_0/lib/url.c:2455:7 'data' assigned a possibly-null value here (callee may return null)
    -> /home/runner/work/CodeSkeptic/CodeSkeptic/curl-curl-8_11_0/lib/url.c:2415:42 'data' is also dereferenced here (same origin)
/home/runner/work/CodeSkeptic/CodeSkeptic/curl-curl-8_11_0/lib/url.c:2613:28 [warning] null-deref: Possible null dereference: 'osep' may be null on some paths
    -> /home/runner/work/CodeSkeptic/CodeSkeptic/curl-curl-8_11_0/lib/url.c:2571:3 'osep' assigned null here
    -> /home/runner/work/CodeSkeptic/CodeSkeptic/curl-curl-8_11_0/lib/url.c:2588:20 'osep' is null on this branch (per this condition)
    -> /home/runner/work/CodeSkeptic/CodeSkeptic/curl-curl-8_11_0/lib/url.c:2589:12 'osep' is null on this branch (per this condition)
    -> /home/runner/work/CodeSkeptic/CodeSkeptic/curl-curl-8_11_0/lib/url.c:2591:12 'osep' is null on this branch (per this condition)
    -> /home/runner/work/CodeSkeptic/CodeSkeptic/curl-curl-8_11_0/lib/url.c:2593:11 'osep' is null on this branch (per this condition)
/home/runner/work/CodeSkeptic/CodeSkeptic/curl-curl-8_11_0/lib/url.c:2758:18 [warning] null-deref: Possible null dereference: 'data' may be null on some paths
    -> /home/runner/work/CodeSkeptic/CodeSkeptic/curl-curl-8_11_0/lib/url.c:2694:7 'data' is null on this branch (per this condition)
    -> /home/runner/work/CodeSkeptic/CodeSkeptic/curl-curl-8_11_0/lib/url.c:2727:8 'data' is also dereferenced here (same origin)
    -> /home/runner/work/CodeSkeptic/CodeSkeptic/curl-curl-8_11_0/lib/url.c:2729:32 'data' is also dereferenced here (same origin)
    -> /home/runner/work/CodeSkeptic/CodeSkeptic/curl-curl-8_11_0/lib/url.c:2732:7 'data' is also dereferenced here (same origin)
    -> /home/runner/work/CodeSkeptic/CodeSkeptic/curl-curl-8_11_0/lib/url.c:2735:6 'data' is also dereferenced here (same origin)
    -> /home/runner/work/CodeSkeptic/CodeSkeptic/curl-curl-8_11_0/lib/url.c:2736:23 'data' is also dereferenced here (same origin)
    -> /home/runner/work/CodeSkeptic/CodeSkeptic/curl-curl-8_11_0/lib/url.c:2741:16 'data' is also dereferenced here (same origin)
    -> /home/runner/work/CodeSkeptic/CodeSkeptic/curl-curl-8_11_0/lib/url.c:2747:39 'data' is also dereferenced here (same origin)
    -> /home/runner/work/CodeSkeptic/CodeSkeptic/curl-curl-8_11_0/lib/url.c:2750:5 'data' is also dereferenced here (same origin)
    -> /home/runner/work/CodeSkeptic/CodeSkeptic/curl-curl-8_11_0/lib/url.c:2752:6 'data' is also dereferenced here (same origin)
/home/runner/work/CodeSkeptic/CodeSkeptic/curl-curl-8_11_0/lib/url.c:3094:32 [warning] null-deref: Possible null dereference: 'data' may be null on some paths
    -> /home/runner/work/CodeSkeptic/CodeSkeptic/curl-curl-8_11_0/lib/url.c:2997:7 'data' is null on this branch (per this condition)
    -> /home/runner/work/CodeSkeptic/CodeSkeptic/curl-curl-8_11_0/lib/url.c:3008:7 'data' is null on this branch (per this condition)
    -> /home/runner/work/CodeSkeptic/CodeSkeptic/curl-curl-8_11_0/lib/url.c:3111:7 'data' is null on this branch (per this condition)
    -> /home/runner/work/CodeSkeptic/CodeSkeptic/curl-curl-8_11_0/lib/url.c:3020:6 'data' is also dereferenced here (same origin)
    -> /home/runner/work/CodeSkeptic/CodeSkeptic/curl-curl-8_11_0/lib/url.c:3041:11 'data' is also dereferenced here (same origin)
    -> /home/runner/work/CodeSkeptic/CodeSkeptic/curl-curl-8_11_0/lib/url.c:3053:12 'data' is also dereferenced here (same origin)
    -> /home/runner/work/CodeSkeptic/CodeSkeptic/curl-curl-8_11_0/lib/url.c:3086:34 'data' is also dereferenced here (same origin)
/home/runner/work/CodeSkeptic/CodeSkeptic/curl-curl-8_11_0/lib/url.c:3707:3 [warning] null-deref: Possible null dereference: 'data' may be null on some paths
    -> /home/runner/work/CodeSkeptic/CodeSkeptic/curl-curl-8_11_0/lib/url.c:3585:5 'data' is null on this branch (per this condition)
    -> /home/runner/work/CodeSkeptic/CodeSkeptic/curl-curl-8_11_0/lib/url.c:3614:9 'data' is null on this branch (per this condition)
    -> /home/runner/work/CodeSkeptic/CodeSkeptic/curl-curl-8_11_0/lib/url.c:3620:11 'data' is null on this branch (per this condition)
    -> /home/runner/work/CodeSkeptic/CodeSkeptic/curl-curl-8_11_0/lib/url.c:3624:11 'data' is null on this branch (per this condition)
    -> /home/runner/work/CodeSkeptic/CodeSkeptic/curl-curl-8_11_0/lib/url.c:3634:7 'data' is null on this branch (per this condition)
    -> /home/runner/work/CodeSkeptic/CodeSkeptic/curl-curl-8_11_0/lib/url.c:3665:7 'data' is null on this branch (per this condition)
    -> /home/runner/work/CodeSkeptic/CodeSkeptic/curl-curl-8_11_0/lib/url.c:3663:9 'data' is also dereferenced here (same origin)
    -> /home/runner/work/CodeSkeptic/CodeSkeptic/curl-curl-8_11_0/lib/url.c:3664:8 'data' is also dereferenced here (same origin)
    -> /home/runner/work/CodeSkeptic/CodeSkeptic/curl-curl-8_11_0/lib/url.c:3666:7 'data' is also dereferenced here (same origin)
    -> /home/runner/work/CodeSkeptic/CodeSkeptic/curl-curl-8_11_0/lib/url.c:3667:7 'data' is also dereferenced here (same origin)
/home/runner/work/CodeSkeptic/CodeSkeptic/curl-curl-8_11_0/lib/vtls/openssl.c:2940:36 [warning] null-deref: Possible null dereference: 'connssl' may be null on some paths
    -> /home/runner/work/CodeSkeptic/CodeSkeptic/curl-curl-8_11_0/lib/vtls/openssl.c:2939:10 'connssl' is null on this branch (per this condition)
/home/runner/work/CodeSkeptic/CodeSkeptic/curl-curl-8_11_0/lib/vtls/openssl.c:3801:16 [warning] null-deref: Possible null dereference: 'data' may be null on some paths
    -> /home/runner/work/CodeSkeptic/CodeSkeptic/curl-curl-8_11_0/lib/vtls/openssl.c:3706:5 'data' is null on this branch (per this condition)
    -> /home/runner/work/CodeSkeptic/CodeSkeptic/curl-curl-8_11_0/lib/vtls/openssl.c:3717:7 'data' is null on this branch (per this condition)
    -> /home/runner/work/CodeSkeptic/CodeSkeptic/curl-curl-8_11_0/lib/vtls/openssl.c:3743:5 'data' is null on this branch (per this condition)
    -> /home/runner/work/CodeSkeptic/CodeSkeptic/curl-curl-8_11_0/lib/vtls/openssl.c:3754:7 'data' is null on this branch (per this condition)
    -> /home/runner/work/CodeSkeptic/CodeSkeptic/curl-curl-8_11_0/lib/vtls/openssl.c:3993:9 'data' is null on this branch (per this condition)
    -> /home/runner/work/CodeSkeptic/CodeSkeptic/curl-curl-8_11_0/lib/vtls/openssl.c:3790:6 'data' is also dereferenced here (same origin)
    -> /home/runner/work/CodeSkeptic/CodeSkeptic/curl-curl-8_11_0/lib/vtls/openssl.c:3802:39 'data' is also dereferenced here (same origin)
/home/runner/work/CodeSkeptic/CodeSkeptic/curl-curl-8_11_0/lib/vtls/openssl.c:4736:5 [warning] null-deref: Possible null dereference: 'data' may be null on some paths
    -> /home/runner/work/CodeSkeptic/CodeSkeptic/curl-curl-8_11_0/lib/vtls/openssl.c:4564:3 'data' is null on this branch (per this condition)
    -> /home/runner/work/CodeSkeptic/CodeSkeptic/curl-curl-8_11_0/lib/vtls/openssl.c:4569:3 'data' is null on this branch (per this condition)
    -> /home/runner/work/CodeSkeptic/CodeSkeptic/curl-curl-8_11_0/lib/vtls/openssl.c:4576:5 'data' is null on this branch (per this condition)
    -> /home/runner/work/CodeSkeptic/CodeSkeptic/curl-curl-8_11_0/lib/vtls/openssl.c:4581:5 'data' is null on this branch (per this condition)
    -> /home/runner/work/CodeSkeptic/CodeSkeptic/curl-curl-8_11_0/lib/vtls/openssl.c:4606:5 'data' is null on this branch (per this condition)
    -> /home/runner/work/CodeSkeptic/CodeSkeptic/curl-curl-8_11_0/lib/vtls/openssl.c:4675:7 'data' is null on this branch (per this condition)
    -> /home/runner/work/CodeSkeptic/CodeSkeptic/curl-curl-8_11_0/lib/vtls/openssl.c:4737:5 'data' is also dereferenced here (same origin)
/home/runner/work/CodeSkeptic/CodeSkeptic/curl-curl-8_11_0/lib/ws.c:728:3 [warning] bounds: possible buffer overflow: strcpy copies an unbounded amount into a fixed 40-byte buffer; the source length is not checked (use a bounded copy or verify it fits)
/home/runner/work/CodeSkeptic/CodeSkeptic/curl-curl-8_11_0/lib/ws.c:832:6 [warning] null-deref: Possible null dereference: 'data' may be null on some paths
    -> /home/runner/work/CodeSkeptic/CodeSkeptic/curl-curl-8_11_0/lib/ws.c:779:5 'data' is null on this branch (per this condition)
    -> /home/runner/work/CodeSkeptic/CodeSkeptic/curl-curl-8_11_0/lib/ws.c:817:3 'data' is null on this branch (per this condition)
    -> /home/runner/work/CodeSkeptic/CodeSkeptic/curl-curl-8_11_0/lib/ws.c:841:5 'data' is null on this branch (per this condition)
/home/runner/work/CodeSkeptic/CodeSkeptic/curl-curl-8_11_0/lib/ws.c:1026:15 [warning] null-deref: Possible null dereference: 'data' may be null on some paths
    -> /home/runner/work/CodeSkeptic/CodeSkeptic/curl-curl-8_11_0/lib/ws.c:1035:9 'data' is null on this branch (per this condition)
    -> /home/runner/work/CodeSkeptic/CodeSkeptic/curl-curl-8_11_0/lib/ws.c:1044:9 'data' is null on this branch (per this condition)
/home/runner/work/CodeSkeptic/CodeSkeptic/curl-curl-8_11_0/lib/ws.c:1068:28 [warning] null-deref: Possible null dereference: 'data' may be null on some paths
    -> /home/runner/work/CodeSkeptic/CodeSkeptic/curl-curl-8_11_0/lib/ws.c:1072:7 'data' is null on this branch (per this condition)
/home/runner/work/CodeSkeptic/CodeSkeptic/curl-curl-8_11_0/lib/ws.c:1167:6 [warning] null-deref: Possible null dereference: 'data' may be null on some paths
    -> /home/runner/work/CodeSkeptic/CodeSkeptic/curl-curl-8_11_0/lib/ws.c:1141:3 'data' is null on this branch (per this condition)
    -> /home/runner/work/CodeSkeptic/CodeSkeptic/curl-curl-8_11_0/lib/ws.c:1179:3 'data' is null on this branch (per this condition)
    -> /home/runner/work/CodeSkeptic/CodeSkeptic/curl-curl-8_11_0/lib/ws.c:1196:9 'data' is null on this branch (per this condition)
    -> /home/runner/work/CodeSkeptic/CodeSkeptic/curl-curl-8_11_0/lib/ws.c:1226:9 'data' assigned a possibly-null value here (callee may return null)
    -> /home/runner/work/CodeSkeptic/CodeSkeptic/curl-curl-8_11_0/lib/ws.c:1262:3 'data' is null on this branch (per this condition)
    -> /home/runner/work/CodeSkeptic/CodeSkeptic/curl-curl-8_11_0/lib/ws.c:1145:21 'data' is also dereferenced here (same origin)
    -> /home/runner/work/CodeSkeptic/CodeSkeptic/curl-curl-8_11_0/lib/ws.c:1150:7 'data' is also dereferenced here (same origin)
    -> /home/runner/work/CodeSkeptic/CodeSkeptic/curl-curl-8_11_0/lib/ws.c:1155:7 'data' is also dereferenced here (same origin)
    -> /home/runner/work/CodeSkeptic/CodeSkeptic/curl-curl-8_11_0/lib/ws.c:1160:8 'data' is also dereferenced here (same origin)
----------------------------------------
