 is also dereferenced here (same origin)
    -> /home/runner/work/CodeSkeptic/CodeSkeptic/curl-curl-8_11_0/lib/mqtt.c:665:29 'data' is also dereferenced here (same origin)
    -> /home/runner/work/CodeSkeptic/CodeSkeptic/curl-curl-8_11_0/lib/mqtt.c:672:5 'data' is also dereferenced here (same origin)
/home/runner/work/CodeSkeptic/CodeSkeptic/curl-curl-8_11_0/lib/mqtt.c:809:8 [warning] null-deref: Possible null dereference: 'data' may be null on some paths
    -> /home/runner/work/CodeSkeptic/CodeSkeptic/curl-curl-8_11_0/lib/mqtt.c:759:3 'data' is null on this branch (per this condition)
    -> /home/runner/work/CodeSkeptic/CodeSkeptic/curl-curl-8_11_0/lib/mqtt.c:800:7 'data' is null on this branch (per this condition)
/home/runner/work/CodeSkeptic/CodeSkeptic/curl-curl-8_11_0/lib/multi.c:203:28 [warning] null-deref: Possible null dereference: 'data' may be null on some paths
    -> /home/runner/work/CodeSkeptic/CodeSkeptic/curl-curl-8_11_0/lib/multi.c:190:5 'data' is null on this branch (per this condition)
    -> /home/runner/work/CodeSkeptic/CodeSkeptic/curl-curl-8_11_0/lib/multi.c:199:5 'data' is also dereferenced here (same origin)
    -> /home/runner/work/CodeSkeptic/CodeSkeptic/curl-curl-8_11_0/lib/multi.c:200:5 'data' is also dereferenced here (same origin)
    -> /home/runner/work/CodeSkeptic/CodeSkeptic/curl-curl-8_11_0/lib/multi.c:201:9 'data' is also dereferenced here (same origin)
/home/runner/work/CodeSkeptic/CodeSkeptic/curl-curl-8_11_0/lib/multi.c:564:45 [warning] null-deref: Possible null dereference: 'data' may be null on some paths
    -> /home/runner/work/CodeSkeptic/CodeSkeptic/curl-curl-8_11_0/lib/multi.c:485:7 'data' is null on this branch (per this condition)
    -> /home/runner/work/CodeSkeptic/CodeSkeptic/curl-curl-8_11_0/lib/multi.c:490:6 'data' is also dereferenced here (same origin)
    -> /home/runner/work/CodeSkeptic/CodeSkeptic/curl-curl-8_11_0/lib/multi.c:505:6 'data' is also dereferenced here (same origin)
    -> /home/runner/work/CodeSkeptic/CodeSkeptic/curl-curl-8_11_0/lib/multi.c:508:24 'data' is also dereferenced here (same origin)
    -> /home/runner/work/CodeSkeptic/CodeSkeptic/curl-curl-8_11_0/lib/multi.c:509:5 'data' is also dereferenced here (same origin)
    -> /home/runner/work/CodeSkeptic/CodeSkeptic/curl-curl-8_11_0/lib/multi.c:513:20 'data' is also dereferenced here (same origin)
    -> /home/runner/work/CodeSkeptic/CodeSkeptic/curl-curl-8_11_0/lib/multi.c:521:6 'data' is also dereferenced here (same origin)
    -> /home/runner/work/CodeSkeptic/CodeSkeptic/curl-curl-8_11_0/lib/multi.c:522:5 'data' is also dereferenced here (same origin)
    -> /home/runner/work/CodeSkeptic/CodeSkeptic/curl-curl-8_11_0/lib/multi.c:524:3 'data' is also dereferenced here (same origin)
    -> /home/runner/work/CodeSkeptic/CodeSkeptic/curl-curl-8_11_0/lib/multi.c:528:3 'data' is also dereferenced here (same origin)
/home/runner/work/CodeSkeptic/CodeSkeptic/curl-curl-8_11_0/lib/multi.c:575:5 [warning] null-deref: Possible null dereference: 'multi' may be null on some paths
    -> /home/runner/work/CodeSkeptic/CodeSkeptic/curl-curl-8_11_0/lib/multi.c:481:7 'multi' is null on this branch (per this condition)
    -> /home/runner/work/CodeSkeptic/CodeSkeptic/curl-curl-8_11_0/lib/multi.c:493:6 'multi' is also dereferenced here (same origin)
    -> /home/runner/work/CodeSkeptic/CodeSkeptic/curl-curl-8_11_0/lib/multi.c:496:6 'multi' is also dereferenced here (same origin)
    -> /home/runner/work/CodeSkeptic/CodeSkeptic/curl-curl-8_11_0/lib/multi.c:500:8 'multi' is also dereferenced here (same origin)
    -> /home/runner/work/CodeSkeptic/CodeSkeptic/curl-curl-8_11_0/lib/multi.c:502:5 'multi' is also dereferenced here (same origin)
    -> /home/runner/work/CodeSkeptic/CodeSkeptic/curl-curl-8_11_0/lib/multi.c:551:28 'multi' is also dereferenced here (same origin)
    -> /home/runner/work/CodeSkeptic/CodeSkeptic/curl-curl-8_11_0/lib/multi.c:564:22 'multi' is also dereferenced here (same origin)
    -> /home/runner/work/CodeSkeptic/CodeSkeptic/curl-curl-8_11_0/lib/multi.c:567:3 'multi' is also dereferenced here (same origin)
    -> /home/runner/work/CodeSkeptic/CodeSkeptic/curl-curl-8_11_0/lib/multi.c:570:3 'multi' is also dereferenced here (same origin)
    -> /home/runner/work/CodeSkeptic/CodeSkeptic/curl-curl-8_11_0/lib/multi.c:573:15 'multi' is also dereferenced here (same origin)
/home/runner/work/CodeSkeptic/CodeSkeptic/curl-curl-8_11_0/lib/multi.c:759:30 [warning] null-deref: Possible null dereference: 'data' may be null on some paths
    -> /home/runner/work/CodeSkeptic/CodeSkeptic/curl-curl-8_11_0/lib/multi.c:696:3 'data' is null on this branch (per this condition)
    -> /home/runner/work/CodeSkeptic/CodeSkeptic/curl-curl-8_11_0/lib/multi.c:704:6 'data' is also dereferenced here (same origin)
    -> /home/runner/work/CodeSkeptic/CodeSkeptic/curl-curl-8_11_0/lib/multi.c:712:3 'data' is also dereferenced here (same origin)
    -> /home/runner/work/CodeSkeptic/CodeSkeptic/curl-curl-8_11_0/lib/multi.c:713:3 'data' is also dereferenced here (same origin)
    -> /home/runner/work/CodeSkeptic/CodeSkeptic/curl-curl-8_11_0/lib/multi.c:751:27 'data' is also dereferenced here (same origin)
    -> /home/runner/work/CodeSkeptic/CodeSkeptic/curl-curl-8_11_0/lib/multi.c:754:29 'data' is also dereferenced here (same origin)
    -> /home/runner/work/CodeSkeptic/CodeSkeptic/curl-curl-8_11_0/lib/multi.c:762:23 'data' is also dereferenced here (same origin)
/home/runner/work/CodeSkeptic/CodeSkeptic/curl-curl-8_11_0/lib/multi.c:901:3 [warning] null-deref: Possible null dereference: 'data' may be null on some paths
    -> /home/runner/work/CodeSkeptic/CodeSkeptic/curl-curl-8_11_0/lib/multi.c:790:7 'data' is null on this branch (per this condition)
    -> /home/runner/work/CodeSkeptic/CodeSkeptic/curl-curl-8_11_0/lib/multi.c:794:7 'data' is also dereferenced here (same origin)
    -> /home/runner/work/CodeSkeptic/CodeSkeptic/curl-curl-8_11_0/lib/multi.c:798:6 'data' is also dereferenced here (same origin)
    -> /home/runner/work/CodeSkeptic/CodeSkeptic/curl-curl-8_11_0/lib/multi.c:804:16 'data' is also dereferenced here (same origin)
    -> /home/runner/work/CodeSkeptic/CodeSkeptic/curl-curl-8_11_0/lib/multi.c:814:6 'data' is also dereferenced here (same origin)
    -> /home/runner/work/CodeSkeptic/CodeSkeptic/curl-curl-8_11_0/lib/multi.c:815:6 'data' is also dereferenced here (same origin)
    -> /home/runner/work/CodeSkeptic/CodeSkeptic/curl-curl-8_11_0/lib/multi.c:816:6 'data' is also dereferenced here (same origin)
    -> /home/runner/work/CodeSkeptic/CodeSkeptic/curl-curl-8_11_0/lib/multi.c:819:5 'data' is also dereferenced here (same origin)
    -> /home/runner/work/CodeSkeptic/CodeSkeptic/curl-curl-8_11_0/lib/multi.c:822:6 'data' is also dereferenced here (same origin)
    -> /home/runner/work/CodeSkeptic/CodeSkeptic/curl-curl-8_11_0/lib/multi.c:828:28 'data' is also dereferenced here (same origin)
/home/runner/work/CodeSkeptic/CodeSkeptic/curl-curl-8_11_0/lib/multi.c:906:3 [warning] null-deref: Possible null dereference: 'multi' may be null on some paths
    -> /home/runner/work/CodeSkeptic/CodeSkeptic/curl-curl-8_11_0/lib/multi.c:786:7 'multi' is null on this branch (per this condition)
    -> /home/runner/work/CodeSkeptic/CodeSkeptic/curl-curl-8_11_0/lib/multi.c:790:34 'multi' is also dereferenced here (same origin)
    -> /home/runner/work/CodeSkeptic/CodeSkeptic/curl-curl-8_11_0/lib/multi.c:801:6 'multi' is also dereferenced here (same origin)
    -> /home/runner/work/CodeSkeptic/CodeSkeptic/curl-curl-8_11_0/lib/multi.c:811:5 'multi' is also dereferenced here (same origin)
    -> /home/runner/work/CodeSkeptic/CodeSkeptic/curl-curl-8_11_0/lib/multi.c:891:28 'multi' is also dereferenced here (same origin)
/home/runner/work/CodeSkeptic/CodeSkeptic/curl-curl-8_11_0/lib/multi.c:1163:28 [warning] null-deref: Possible null dereference: 'multi' may be null on some paths
    -> /home/runner/work/CodeSkeptic/CodeSkeptic/curl-curl-8_11_0/lib/multi.c:1157:7 'multi' is null on this branch (per this condition)
    -> /home/runner/work/CodeSkeptic/CodeSkeptic/curl-curl-8_11_0/lib/multi.c:1160:6 'multi' is also dereferenced here (same origin)
/home/runner/work/CodeSkeptic/CodeSkeptic/curl-curl-8_11_0/lib/multi.c:1216:30 [warning] null-deref: Possible null dereference: 'multi' may be null on some paths
    -> /home/runner/work/CodeSkeptic/CodeSkeptic/curl-curl-8_11_0/lib/multi.c:1200:7 'multi' is null on this branch (per this condition)
    -> /home/runner/work/CodeSkeptic/CodeSkeptic/curl-curl-8_11_0/lib/multi.c:1203:6 'multi' is also dereferenced here (same origin)
    -> /home/runner/work/CodeSkeptic/CodeSkeptic/curl-curl-8_11_0/lib/multi.c:1207:28 'multi' is also dereferenced here (same origin)
/home/runner/work/CodeSkeptic/CodeSkeptic/curl-curl-8_11_0/lib/multi.c:1451:33 [warning] null-deref: Possible null dereference: 'multi' may be null on some paths
    -> /home/runner/work/CodeSkeptic/CodeSkeptic/curl-curl-8_11_0/lib/multi.c:1271:7 'multi' is null on this branch (per this condition)
    -> /home/runner/work/CodeSkeptic/CodeSkeptic/curl-curl-8_11_0/lib/multi.c:1274:6 'multi' is also dereferenced here (same origin)
    -> /home/runner/work/CodeSkeptic/CodeSkeptic/curl-curl-8_11_0/lib/multi.c:1283:28 'multi' is also dereferenced here (same origin)
    -> /home/runner/work/CodeSkeptic/CodeSkeptic/curl-curl-8_11_0/lib/multi.c:1293:30 'multi' is also dereferenced here (same origin)
    -> /home/runner/work/CodeSkeptic/CodeSkeptic/curl-curl-8_11_0/lib/multi.c:1337:20 'multi' is also dereferenced here (same origin)
    -> /home/runner/work/CodeSkeptic/CodeSkeptic/curl-curl-8_11_0/lib/multi.c:1338:38 'multi' is also dereferenced here (same origin)
    -> /home/runner/work/CodeSkeptic/CodeSkeptic/curl-curl-8_11_0/lib/multi.c:1442:24 'multi' is also dereferenced here (same origin)
/home/runner/work/CodeSkeptic/CodeSkeptic/curl-curl-8_11_0/lib/multi.c:1557:23 [warning] null-deref: Possible null dereference: 'multi' may be null on some paths
    -> /home/runner/work/CodeSkeptic/CodeSkeptic/curl-curl-8_11_0/lib/multi.c:1530:7 'multi' is null on this branch (per this condition)
    -> /home/runner/work/CodeSkeptic/CodeSkeptic/curl-curl-8_11_0/lib/multi.c:1541:6 'multi' is also dereferenced here (same origin)
/home/runner/work/CodeSkeptic/CodeSkeptic/curl-curl-8_11_0/lib/multi.c:2015:10 [warning] null-deref: Possible null dereference: 'data' may be null on some paths
    -> /home/runner/work/CodeSkeptic/CodeSkeptic/curl-curl-8_11_0/lib/multi.c:1957:9 'data' is null on this branch (per this condition)
    -> /home/runner/work/CodeSkeptic/CodeSkeptic/curl-curl-8_11_0/lib/multi.c:1972:11 'data' is null on this branch (per this condition)
    -> /home/runner/work/CodeSkeptic/CodeSkeptic/curl-curl-8_11_0/lib/multi.c:2006:3 'data' is null on this branch (per this condition)
    -> /home/runner/work/CodeSkeptic/CodeSkeptic/curl-curl-8_11_0/lib/multi.c:2049:7 'data' is null on this branch (per this condition)
    -> /home/runner/work/CodeSkeptic/CodeSkeptic/curl-curl-8_11_0/lib/multi.c:2075:7 'data' is null on this branch (per this condition)
    -> /home/runner/work/CodeSkeptic/CodeSkeptic/curl-curl-8_11_0/lib/multi.c:2093:7 'data' is null on this branch (per this condition)
    -> /home/runner/work/CodeSkeptic/CodeSkeptic/curl-curl-8_11_0/lib/multi.c:1979:9 'data' is also dereferenced here (same origin)
    -> /home/runner/work/CodeSkeptic/CodeSkeptic/curl-curl-8_11_0/lib/multi.c:1980:9 'data' is also dereferenced here (same origin)
    -> /home/runner/work/CodeSkeptic/CodeSkeptic/curl-curl-8_11_0/lib/multi.c:1998:5 'data' is also dereferenced here (same origin)
    -> /home/runner/work/CodeSkeptic/CodeSkeptic/curl-curl-8_11_0/lib/multi.c:2000:6 'data' is also dereferenced here (same origin)
/home/runner/work/CodeSkeptic/CodeSkeptic/curl-curl-8_11_0/lib/multi.c:2519:7 [warning] null-deref: Possible null dereference: 'data' may be null on some paths
    -> /home/runner/work/CodeSkeptic/CodeSkeptic/curl-curl-8_11_0/lib/multi.c:2495:5 'data' is null on this branch (per this condition)
/home/runner/work/CodeSkeptic/CodeSkeptic/curl-curl-8_11_0/lib/multi.c:2978:3 [warning] null-deref: Possible null dereference: 'data' may be null on some paths
    -> /home/runner/work/CodeSkeptic/CodeSkeptic/curl-curl-8_11_0/lib/multi.c:2604:7 'data' is null on this branch (per this condition)
    -> /home/runner/work/CodeSkeptic/CodeSkeptic/curl-curl-8_11_0/lib/multi.c:2625:7 'data' is null on this branch (per this condition)
    -> /home/runner/work/CodeSkeptic/CodeSkeptic/curl-curl-8_11_0/lib/multi.c:2648:7 'data' assigned a possibly-null value here (callee may return null)
    -> /home/runner/work/CodeSkeptic/CodeSkeptic/curl-curl-8_11_0/lib/multi.c:2685:7 'data' assigned a possibly-null value here (callee may return null)
    -> /home/runner/work/CodeSkeptic/CodeSkeptic/curl-curl-8_11_0/lib/multi.c:2699:7 'data' assigned a possibly-null value here (callee may return null)
    -> /home/runner/work/CodeSkeptic/CodeSkeptic/curl-curl-8_11_0/lib/multi.c:2729:9 'data' assigned a possibly-null value here (callee may return null)
    -> /home/runner/work/CodeSkeptic/CodeSkeptic/curl-curl-8_11_0/lib/multi.c:2629:8 'data' is also dereferenced here (same origin)
    -> /home/runner/work/CodeSkeptic/CodeSkeptic/curl-curl-8_11_0/lib/multi.c:2630:8 'data' is also dereferenced here (same origin)
    -> /home/runner/work/CodeSkeptic/CodeSkeptic/curl-curl-8_11_0/lib/multi.c:2632:7 'data' is also dereferenced here (same origin)
    -> /home/runner/work/CodeSkeptic/CodeSkeptic/curl-curl-8_11_0/lib/multi.c:2633:11 'data' is also dereferenced here (same origin)
/home/runner/work/CodeSkeptic/CodeSkeptic/curl-curl-8_11_0/lib/multi.c:3052:29 [warning] null-deref: Possible null dereference: 'multi' may be null on some paths
    -> /home/runner/work/CodeSkeptic/CodeSkeptic/curl-curl-8_11_0/lib/multi.c:2993:7 'multi' is null on this branch (per this condition)
    -> /home/runner/work/CodeSkeptic/CodeSkeptic/curl-curl-8_11_0/lib/multi.c:2996:6 'multi' is also dereferenced here (same origin)
    -> /home/runner/work/CodeSkeptic/CodeSkeptic/curl-curl-8_11_0/lib/multi.c:3000:28 'multi' is also dereferenced here (same origin)
    -> /home/runner/work/CodeSkeptic/CodeSkeptic/curl-curl-8_11_0/lib/multi.c:3010:16 'multi' is also dereferenced here (same origin)
    -> /home/runner/work/CodeSkeptic/CodeSkeptic/curl-curl-8_11_0/lib/multi.c:3019:17 'multi' is also dereferenced here (same origin)
    -> /home/runner/work/CodeSkeptic/CodeSkeptic/curl-curl-8_11_0/lib/multi.c:3035:46 'multi' is also dereferenced here (same origin)
/home/runner/work/CodeSkeptic/CodeSkeptic/curl-curl-8_11_0/lib/multi.c:3108:7 [warning] null-deref: Possible null dereference: 'data' may be null on some paths
    -> /home/runner/work/CodeSkeptic/CodeSkeptic/curl-curl-8_11_0/lib/multi.c:3094:11 'data' is null on this branch (per this condition)
    -> /home/runner/work/CodeSkeptic/CodeSkeptic/curl-curl-8_11_0/lib/multi.c:3098:31 'data' is also dereferenced here (same origin)
    -> /home/runner/work/CodeSkeptic/CodeSkeptic/curl-curl-8_11_0/lib/multi.c:3101:10 'data' is also dereferenced here (same origin)
    -> /home/runner/work/CodeSkeptic/CodeSkeptic/curl-curl-8_11_0/lib/multi.c:3103:36 'data' is also dereferenced here (same origin)
    -> /home/runner/work/CodeSkeptic/CodeSkeptic/curl-curl-8_11_0/lib/multi.c:3104:9 'data' is also dereferenced here (same origin)
    -> /home/runner/work/CodeSkeptic/CodeSkeptic/curl-curl-8_11_0/lib/multi.c:3105:9 'data' is also dereferenced here (same origin)
/home/runner/work/CodeSkeptic/CodeSkeptic/curl-curl-8_11_0/lib/multi.c:3116:25 [warning] null-deref: Possible null dereference: 'multi' may be null on some paths
    -> /home/runner/work/CodeSkeptic/CodeSkeptic/curl-curl-8_11_0/lib/multi.c:3079:6 'multi' is null on this branch (per this condition)
    -> /home/runner/work/CodeSkeptic/CodeSkeptic/curl-curl-8_11_0/lib/multi.c:3082:8 'multi' is also dereferenced here (same origin)
    -> /home/runner/work/CodeSkeptic/CodeSkeptic/curl-curl-8_11_0/lib/multi.c:3091:30 'multi' is also dereferenced here (same origin)
    -> /home/runner/work/CodeSkeptic/CodeSkeptic/curl-curl-8_11_0/lib/multi.c:3118:5 'multi' is also dereferenced here (same origin)
    -> /home/runner/work/CodeSkeptic/CodeSkeptic/curl-curl-8_11_0/lib/multi.c:3120:23 'multi' is also dereferenced here (same origin)
    -> /home/runner/work/CodeSkeptic/CodeSkeptic/curl-curl-8_11_0/lib/multi.c:3121:24 'multi' is also dereferenced here (same origin)
    -> /home/runner/work/CodeSkeptic/CodeSkeptic/curl-curl-8_11_0/lib/multi.c:3122:24 'multi' is also dereferenced here (same origin)
    -> /home/runner/work/CodeSkeptic/CodeSkeptic/curl-curl-8_11_0/lib/multi.c:3129:18 'multi' is also dereferenced here (same origin)
    -> /home/runner/work/CodeSkeptic/CodeSkeptic/curl-curl-8_11_0/lib/multi.c:3131:18 'multi' is also dereferenced here (same origin)
/home/runner/work/CodeSkeptic/CodeSkeptic/curl-curl-8_11_0/lib/multi.c:3168:26 [warning] null-deref: Possible null dereference: 'multi' may be null on some paths
    -> /home/runner/work/CodeSkeptic/CodeSkeptic/curl-curl-8_11_0/lib/multi.c:3161:6 'multi' is null on this branch (per this condition)
    -> /home/runner/work/CodeSkeptic/CodeSkeptic/curl-curl-8_11_0/lib/multi.c:3162:7 'multi' is also dereferenced here (same origin)
    -> /home/runner/work/CodeSkeptic/CodeSkeptic/curl-curl-8_11_0/lib/multi.c:3163:24 'multi' is also dereferenced here (same origin)
    -> /home/runner/work/CodeSkeptic/CodeSkeptic/curl-curl-8_11_0/lib/multi.c:3175:53 'multi' is also dereferenced here (same origin)
/home/runner/work/CodeSkeptic/CodeSkeptic/curl-curl-8_11_0/lib/multi.c:3688:7 [warning] null-deref: Possible null dereference: 'multi' may be null on some paths
    -> /home/runner/work/CodeSkeptic/CodeSkeptic/curl-curl-8_11_0/lib/multi.c:3628:7 'multi' is null on this branch (per this condition)
    -> /home/runner/work/CodeSkeptic/CodeSkeptic/curl-curl-8_11_0/lib/multi.c:3631:6 'multi' is also dereferenced here (same origin)
    -> /home/runner/work/CodeSkeptic/CodeSkeptic/curl-curl-8_11_0/lib/multi.c:3638:5 'multi' is also dereferenced here (same origin)
    -> /home/runner/work/CodeSkeptic/CodeSkeptic/curl-curl-8_11_0/lib/multi.c:3641:5 'multi' is also dereferenced here (same origin)
    -> /home/runner/work/CodeSkeptic/CodeSkeptic/curl-curl-8_11_0/lib/multi.c:3644:5 'multi' is also dereferenced here (same origin)
    -> /home/runner/work/CodeSkeptic/CodeSkeptic/curl-curl-8_11_0/lib/multi.c:3647:5 'multi' is also dereferenced here (same origin)
    -> /home/runner/work/CodeSkeptic/CodeSkeptic/curl-curl-8_11_0/lib/multi.c:3650:5 'multi' is also dereferenced here (same origin)
    -> /home/runner/work/CodeSkeptic/CodeSkeptic/curl-curl-8_11_0/lib/multi.c:3653:5 'multi' is also dereferenced here (same origin)
    -> /home/runner/work/CodeSkeptic/CodeSkeptic/curl-curl-8_11_0/lib/multi.c:3656:5 'multi' is also dereferenced here (same origin)
    -> /home/runner/work/CodeSkeptic/CodeSkeptic/curl-curl-8_11_0/lib/multi.c:3661:7 'multi' is also dereferenced here (same origin)
/home/runner/work/CodeSkeptic/CodeSkeptic/curl-curl-8_11_0/lib/multi.c:3781:6 [warning] null-deref: Possible null dereference: 'multi' may be null on some paths
    -> /home/runner/work/CodeSkeptic/CodeSkeptic/curl-curl-8_11_0/lib/multi.c:3778:7 'multi' is null on this branch (per this condition)
/home/runner/work/CodeSkeptic/CodeSkeptic/curl-curl-8_11_0/lib/multi.c:3979:18 [warning] null-deref: Possible null dereference: 'data' may be null on some paths
    -> /home/runner/work/CodeSkeptic/CodeSkeptic/curl-curl-8_11_0/lib/multi.c:3973:7 'data' is null on this branch (per this condition)
    -> /home/runner/work/CodeSkeptic/CodeSkeptic/curl-curl-8_11_0/lib/multi.c:3981:39 'data' is also dereferenced here (same origin)
/home/runner/work/CodeSkeptic/CodeSkeptic/curl-curl-8_11_0/lib/multi.c:4060:24 [warning] null-deref: Possible null dereference: 'multi' may be null on some paths
    -> /home/runner/work/CodeSkeptic/CodeSkeptic/curl-curl-8_11_0/lib/multi.c:4057:7 'multi' is null on this branch (per this condition)
/home/runner/work/CodeSkeptic/CodeSkeptic/curl-curl-8_11_0/lib/pop3.c:1270:39 [warning] null-deref: Possible null dereference: 'data' may be null on some paths
    -> /home/runner/work/CodeSkeptic/CodeSkeptic/curl-curl-8_11_0/lib/pop3.c:1254:3 'data' is null on this branch (per this condition)
    -> /home/runner/work/CodeSkeptic/CodeSkeptic/curl-curl-8_11_0/lib/pop3.c:1273:5 'data' is null on this branch (per this condition)
    -> /home/runner/work/CodeSkeptic/CodeSkeptic/curl-curl-8_11_0/lib/pop3.c:1256:6 'data' is also dereferenced here (same origin)
/home/runner/work/CodeSkeptic/CodeSkeptic/curl-curl-8_11_0/lib/request.c:232:9 [warning] null-deref: Possible null dereference: 'data' may be null on some paths
    -> /home/runner/work/CodeSkeptic/CodeSkeptic/curl-curl-8_11_0/lib/request.c:218:5 'data' is null on this branch (per this condition)
    -> /home/runner/work/CodeSkeptic/CodeSkeptic/curl-curl-8_11_0/lib/request.c:224:7 'data' is also dereferenced here (same origin)
    -> /home/runner/work/CodeSkeptic/CodeSkeptic/curl-curl-8_11_0/lib/request.c:233:41 'data' is also dereferenced here (same origin)
/home/runner/work/CodeSkeptic/CodeSkeptic/curl-curl-8_11_0/lib/rtsp.c:692:12 [warning] null-deref: Possible null dereference: 'data' may be null on some paths
    -> /home/runner/work/CodeSkeptic/CodeSkeptic/curl-curl-8_11_0/lib/rtsp.c:652:15 'data' is null on this branch (per this condition)
    -> /home/runner/work/CodeSkeptic/CodeSkeptic/curl-curl-8_11_0/lib/rtsp.c:670:11 'data' assigned a possibly-null value here (callee may return null)
    -> /home/runner/work/CodeSkeptic/CodeSkeptic/curl-curl-8_11_0/lib/rtsp.c:677:11 'data' assigned a possibly-null value here (callee may return null)
    -> /home/runner/work/CodeSkeptic/CodeSkeptic/curl-curl-8_11_0/lib/rtsp.c:697:9 'data' is null on this branch (per this condition)
    -> /home/runner/work/CodeSkeptic/CodeSkeptic/curl-curl-8_11_0/lib/rtsp.c:716:9 'data' assigned a possibly-null value here (callee may return null)
    -> /home/runner/work/CodeSkeptic/CodeSkeptic/curl-curl-8_11_0/lib/rtsp.c:731:9 'data' assigned a possibly-null value here (callee may return null)
    -> /home/runner/work/CodeSkeptic/CodeSkeptic/curl-curl-8_11_0/lib/rtsp.c:639:21 'data' is also dereferenced here (same origin)
    -> /home/runner/work/CodeSkeptic/CodeSkeptic/curl-curl-8_11_0/lib/rtsp.c:640:21 'data' is also dereferenced here (same origin)
    -> /home/runner/work/CodeSkeptic/CodeSkeptic/curl-curl-8_11_0/lib/rtsp.c:641:21 'data' is also dereferenced here (same origin)
    -> /home/runner/work/CodeSkeptic/CodeSkeptic/curl-curl-8_11_0/lib/rtsp.c:648:12 'data' is also dereferenced here (same origin)
/home/runner/work/CodeSkeptic/CodeSkeptic/curl-curl-8_11_0/lib/rtsp.c:871:5 [warning] null-deref: Possible null dereference: 'data' may be null on some paths
    -> /home/runner/work/CodeSkeptic/CodeSkeptic/curl-curl-8_11_0/lib/rtsp.c:806:3 'data' is null on this branch (per this condition)
    -> /home/runner/work/CodeSkeptic/CodeSkeptic/curl-curl-8_11_0/lib/rtsp.c:818:7 'data' is null on this branch (per this condition)
    -> /home/runner/work/CodeSkeptic/CodeSkeptic/curl-curl-8_11_0/lib/rtsp.c:855:3 'data' is null on this branch (per this condition)
    -> /home/runner/work/CodeSkeptic/CodeSkeptic/curl-curl-8_11_0/lib/rtsp.c:817:17 'data' is also dereferenced here (same origin)
    -> /home/runner/work/CodeSkeptic/CodeSkeptic/curl-curl-8_11_0/lib/rtsp.c:823:6 'data' is also dereferenced here (same origin)
    -> /home/runner/work/CodeSkeptic/CodeSkeptic/curl-curl-8_11_0/lib/rtsp.c:832:9 'data' is also dereferenced here (same origin)
    -> /home/runner/work/CodeSkeptic/CodeSkeptic/curl-curl-8_11_0/lib/rtsp.c:837:10 'data' is also dereferenced here (same origin)
    -> /home/runner/work/CodeSkeptic/CodeSkeptic/curl-curl-8_11_0/lib/rtsp.c:840:9 'data' is also dereferenced here (same origin)
    -> /home/runner/work/CodeSkeptic/CodeSkeptic/curl-curl-8_11_0/lib/rtsp.c:841:9 'data' is also dereferenced here (same origin)
    -> /home/runner/work/CodeSkeptic/CodeSkeptic/curl-curl-8_11_0/lib/rtsp.c:851:5 'data' is also dereferenced here (same origin)
/home/runner/work/CodeSkeptic/CodeSkeptic/curl-curl-8_11_0/lib/sendf.c:140:3 [warning] null-deref: Possible null dereference: 'data' may be null on some paths
    -> /home/runner/work/CodeSkeptic/CodeSkeptic/curl-curl-8_11_0/lib/sendf.c:132:5 'data' is null on this branch (per this condition)
    -> /home/runner/work/CodeSkeptic/CodeSkeptic/curl-curl-8_11_0/lib/sendf.c:135:5 'data' is null on this branch (per this condition)
    -> /home/runner/work/CodeSkeptic/CodeSkeptic/curl-curl-8_11_0/lib/sendf.c:141:3 'data' is also dereferenced here (same origin)
/home/runner/work/CodeSkeptic/CodeSkeptic/curl-curl-8_11_0/lib/sendf.c:160:5 [warning] null-deref: Possible null dereference: 'data' may be null on some paths
    -> /home/runner/work/CodeSkeptic/CodeSkeptic/curl-curl-8_11_0/lib/sendf.c:150:5 'data' is null on this branch (per this condition)
/home/runner/work/CodeSkeptic/CodeSkeptic/curl-curl-8_11_0/lib/sendf.c:342:11 [warning] null-deref: Possible null dereference: 'data' may be null on some paths
    -> /home/runner/work/CodeSkeptic/CodeSkeptic/curl-curl-8_11_0/lib/sendf.c:254:5 'data' is null on this branch (per this condition)
    -> /home/runner/work/CodeSkeptic/CodeSkeptic/curl-curl-8_11_0/lib/sendf.c:268:5 'data' is null on this branch (per this condition)
    -> /home/runner/work/CodeSkeptic/CodeSkeptic/curl-curl-8_11_0/lib/sendf.c:312:5 'data' is null on this branch (per this condition)
    -> /home/runner/work/CodeSkeptic/CodeSkeptic/curl-curl-8_11_0/lib/sendf.c:322:3 'data' assigned a possibly-null value here (callee may return null)
    -> /home/runner/work/CodeSkeptic/CodeSkeptic/curl-curl-8_11_0/lib/sendf.c:328:7 'data' is null on this branch (per this condition)
    -> /home/runner/work/CodeSkeptic/CodeSkeptic/curl-curl-8_11_0/lib/sendf.c:270:5 'data' is also dereferenced here (same origin)
    -> /home/runner/work/CodeSkeptic/CodeSkeptic/curl-curl-8_11_0/lib/sendf.c:271:8 'data' is also dereferenced here (same origin)
    -> /home/runner/work/CodeSkeptic/CodeSkeptic/curl-curl-8_11_0/lib/sendf.c:318:3 'data' is also dereferenced here (same origin)
    -> /home/runner/work/CodeSkeptic/CodeSkeptic/curl-curl-8_11_0/lib/sendf.c:322:46 'data' is also dereferenced here (same origin)
    -> /home/runner/work/CodeSkeptic/CodeSkeptic/curl-curl-8_11_0/lib/sendf.c:327:9 'data' is also dereferenced here (same origin)
/home/runner/work/CodeSkeptic/CodeSkeptic/curl-curl-8_11_0/lib/sendf.c:718:5 [warning] null-deref: Possible null dereference: 'data' may be null on some paths
    -> /home/runner/work/CodeSkeptic/CodeSkeptic/curl-curl-8_11_0/lib/sendf.c:716:5 'data' is null on this branch (per this condition)
    -> /home/runner/work/CodeSkeptic/CodeSkeptic/curl-curl-8_11_0/lib/sendf.c:740:3 'data' is null on this branch (per this condition)
/home/runner/work/CodeSkeptic/CodeSkeptic/curl-curl-8_11_0/lib/slist.c:80:3 [warning] null-deref: Possible null dereference: 'last' may be null on some paths
    -> /home/runner/work/CodeSkeptic/CodeSkeptic/curl-curl-8_11_0/lib/slist.c:79:3 'last' assigned a possibly-null value here (callee may return null)
/home/runner/work/CodeSkeptic/CodeSkeptic/curl-curl-8_11_0/lib/smb.c:726:3 [warning] bounds: possible buffer overflow: strcpy copies an unbounded amount into a fixed 1024-byte buffer; the source length is not checked (use a bounded copy or verify it fits)
/home/runner/work/CodeSkeptic/CodeSkeptic/curl-curl-8_11_0/lib/smtp.c:1480:39 [warning] null-deref: Possible null dereference: 'data' may be null on some paths
    -> /home/runner/work/CodeSkeptic/CodeSkeptic/curl-curl-8_11_0/lib/smtp.c:1443:3 'data' is null on this branch (per this condition)
    -> /home/runner/work/CodeSkeptic/CodeSkeptic/curl-curl-8_11_0/lib/smtp.c:1483:3 'data' is null on this branch (per this condition)
    -> /home/runner/work/CodeSkeptic/CodeSkeptic/curl-curl-8_11_0/lib/smtp.c:1445:6 'data' is also dereferenced here (same origin)
    -> /home/runner/work/CodeSkeptic/CodeSkeptic/curl-curl-8_11_0/lib/smtp.c:1453:16 'data' is also dereferenced here (same origin)
    -> /home/runner/work/CodeSkeptic/CodeSkeptic/curl-curl-8_11_0/lib/smtp.c:1467:52 'data' is also dereferenced here (same origin)
/home/runner/work/CodeSkeptic/CodeSkeptic/curl-curl-8_11_0/lib/socks.c:843:27 [warning] null-deref: Possible null dereference: 'data' may be null on some paths
    -> /home/runner/work/CodeSkeptic/CodeSkeptic/curl-curl-8_11_0/lib/socks.c:597:7 'data' is null on this branch (per this condition)
    -> /home/runner/work/CodeSkeptic/CodeSkeptic/curl-curl-8_11_0/lib/socks.c:608:7 'data' is null on this branch (per this condition)
    -> /home/runner/work/CodeSkeptic/CodeSkeptic/curl-curl-8_11_0/lib/socks.c:764:5 'data' assigned a possibly-null value here (callee may return null)
    -> /home/runner/work/CodeSkeptic/CodeSkeptic/curl-curl-8_11_0/lib/socks.c:822:7 'data' is null on this branch (per this condition)
    -> /home/runner/work/CodeSkeptic/CodeSkeptic/curl-curl-8_11_0/lib/socks.c:872:7 'data' is null on this branch (per this condition)
    -> /home/runner/work/CodeSkeptic/CodeSkeptic/curl-curl-8_11_0/lib/socks.c:887:7 'data' is null on this branch (per this condition)
    -> /home/runner/work/CodeSkeptic/CodeSkeptic/curl-curl-8_11_0/lib/socks.c:842:8 'data' is also dereferenced here (same origin)
/home/runner/work/CodeSkeptic/CodeSkeptic/curl-curl-8_11_0/lib/telnet.c:1628:47 [warning] null-deref: Possible null dereference: 'data' may be null on some paths
    -> /home/runner/work/CodeSkeptic/CodeSkeptic/curl-curl-8_11_0/lib/telnet.c:1540:5 'data' is null on this branch (per this condition)
    -> /home/runner/work/CodeSkeptic/CodeSkeptic/curl-curl-8_11_0/lib/telnet.c:1564:13 'data' is null on this branch (per this condition)
    -> /home/runner/work/CodeSkeptic/CodeSkeptic/curl-curl-8_11_0/lib/telnet.c:1580:11 'data' assigned a possibly-null value here (callee may return null)
    -> /home/runner/work/CodeSkeptic/CodeSkeptic/curl-curl-8_11_0/lib/telnet.c:1563:14 'data' is also dereferenced here (same origin)
    -> /home/runner/work/CodeSkeptic/CodeSkeptic/curl-curl-8_11_0/lib/telnet.c:1601:22 'data' is also dereferenced here (same origin)
    -> /home/runner/work/CodeSkeptic/CodeSkeptic/curl-curl-8_11_0/lib/telnet.c:1602:45 'data' is also dereferenced here (same origin)
    -> /home/runner/work/CodeSkeptic/CodeSkeptic/curl-curl-8_11_0/lib/telnet.c:1626:8 'data' is also dereferenced here (same origin)
/home/runner/work/CodeSkeptic/CodeSkeptic/curl-curl-8_11_0/lib/tftp.c:371:11 [warning] null-deref: Possible null dereference: 'data' may be null on some paths
    -> /home/runner/work/CodeSkeptic/CodeSkeptic/curl-curl-8_11_0/lib/tftp.c:329:5 'data' is null on this branch (per this condition)
    -> /home/runner/work/CodeSkeptic/CodeSkeptic/curl-curl-8_11_0/lib/tftp.c:360:7 'data' is null on this branch (per this condition)
    -> /home/runner/work/CodeSkeptic/CodeSkeptic/curl-curl-8_11_0/lib/tftp.c:367:7 'data' is null on this branch (per this condition)
/home/runner/work/CodeSkeptic/CodeSkeptic/curl-curl-8_11_0/lib/transfer.c:153:7 [warning] null-deref: Possible null dereference: 'data' may be null on some paths
    -> /home/runner/work/CodeSkeptic/CodeSkeptic/curl-curl-8_11_0/lib/transfer.c:143:7 'data' is null on this branch (per this condition)
    -> /home/runner/work/CodeSkeptic/CodeSkeptic/curl-curl-8_11_0/lib/transfer.c:151:7 'data' is null on this branch (per this condition)
    -> /home/runner/work/CodeSkeptic/CodeSkeptic/curl-curl-8_11_0/lib/transfer.c:145:7 'data' is also dereferenced here (same origin)
/home/runner/work/CodeSkeptic/CodeSkeptic/curl-curl-8_11_0/lib/transfer.c:362:7 [warning] null-deref: Possible null dereference: 'data' may be null on some paths
    -> /home/runner/work/CodeSkeptic/CodeSkeptic/curl-curl-8_11_0/lib/transfer.c:312:9 'data' is null on this branch (per this condition)
    -> /home/runner/work/CodeSkeptic/CodeSkeptic/curl-curl-8_11_0/lib/transfer.c:330:9 'data' is null on this branch (per this condition)
    -> /home/runner/work/CodeSkeptic/CodeSkeptic/curl-curl-8_11_0/lib/transfer.c:332:9 'data' is null on this branch (per this condition)
    -> /home/runner/work/CodeSkeptic/CodeSkeptic/curl-curl-8_11_0/lib/transfer.c:370:5 'data' is null on this branch (per this condition)
    -> /home/runner/work/CodeSkeptic/CodeSkeptic/curl-curl-8_11_0/lib/transfer.c:377:5 'data' is null on this branch (per this condition)
    -> /home/runner/work/CodeSkeptic/CodeSkeptic/curl-curl-8_11_0/lib/transfer.c:295:23 'data' is also dereferenced here (same origin)
    -> /home/runner/work/CodeSkeptic/CodeSkeptic/curl-curl-8_11_0/lib/transfer.c:301:10 'data' is also dereferenced here (same origin)
    -> /home/runner/work/CodeSkeptic/CodeSkeptic/curl-curl-8_11_0/lib/transfer.c:302:31 'data' is also dereferenced here (same origin)
    -> /home/runner/work/CodeSkeptic/CodeSkeptic/curl-curl-8_11_0/lib/transfer.c:310:37 'data' is also dereferenced here (same origin)
    -> /home/runner/work/CodeSkeptic/CodeSkeptic/curl-curl-8_11_0/lib/transfer.c:311:11 'data' is also dereferenced here (same origin)
/home/runner/work/CodeSkeptic/CodeSkeptic/curl-curl-8_11_0/lib/transfer.c:756:12 [warning] null-deref: Possible null dereference: 'data' may be null on some paths
    -> /home/runner/work/CodeSkeptic/CodeSkeptic/curl-curl-8_11_0/lib/transfer.c:742:5 'data' is null on this branch (per this condition)
    -> /home/runner/work/CodeSkeptic/CodeSkeptic/curl-curl-8_11_0/lib/transfer.c:754:5 'data' is null on this branch (per this condition)
    -> /home/runner/work/CodeSkeptic/CodeSkeptic/curl-curl-8_11_0/lib/transfer.c:743:5 'data' is also dereferenced here (same origin)
    -> /home/runner/work/CodeSkeptic/CodeSkeptic/curl-curl-8_11_0/lib/transfer.c:748:8 'data' is also dereferenced here (same origin)
    -> /home/runner/work/CodeSkeptic/CodeSkeptic/curl-curl-8_11_0/lib/transfer.c:751:7 'data' is also dereferenced here (same origin)
/home/runner/work/CodeSkeptic/CodeSkeptic/curl-curl-8_11_0/lib/url.c:1177:47 [warning] null-deref: Possible null dereference: 'data' may be null on some paths
    -> /home/runner/work/CodeSkeptic/CodeSkeptic/curl-curl-8_11_0/lib/url.c:918:7 'data' is null on this branch (per this condition)
    -> /home/runner/work/CodeSkeptic/CodeSkeptic/curl-curl-8_11_0/lib/url.c:992:9 'data' is null on this branch (per this condition)
    -> /home/runner/work/CodeSkeptic/CodeSkeptic/curl-curl-8_11_0/lib/url.c:1009:7 'data' is null on this branch (per this condition)
    -> /home/runner/work/CodeSkeptic/CodeSkeptic/curl-curl-8_11_0/lib/url.c:1014:5 'data' is null on this branch (per this condition)
    -> /home/runner/work/CodeSkeptic/CodeSkeptic/curl-curl-8_11_0/lib/url.c:1043:7 'data' is null on this branch (per this condition)
    -> /home/runner/work/CodeSkeptic/CodeSkeptic/curl-curl-8_11_0/lib/url.c:1049:7 'data' is null on this branch (per this condition)
    -> /home/runner/work/CodeSkeptic/CodeSkeptic/curl-curl-8_11_0/lib/url.c:1048:9 'data' is also dereferenced here (same origin)
/home/runner/work/CodeSkeptic/CodeSkeptic/curl-curl-8_11_0/lib/url.c:1937:22 [warning] null-deref: Possible null dereference: 'data' may be null on some paths
    -> /home/runner/work/CodeSkeptic/CodeSkeptic/curl-curl-8_11_0/lib/url.c:1849:7 'data' is null on this branch (per this condition)
    -> /home/runner/work/CodeSkeptic/CodeSkeptic/curl-curl-8_11_0/lib/url.c:1889:7 'data' assigned a possibly-null value here (callee may return null)
    -> /home/runner/work/CodeSkeptic/CodeSkeptic/curl-curl-8_11_0/lib/url.c:1904:3 'data' assigned a possibly-null value here (callee may return null)
    -> /home/runner/work/CodeSkeptic/CodeSkeptic/curl-curl-8_11_0/lib/url.c:1855:37 'data' is also dereferenced here (same origin)
    -> /home/runner/work/CodeSkeptic/CodeSkeptic/curl-curl-8_11_0/lib/url.c:1863:35 'data' is also dereferenced here (same origin)
    -> /home/runner/work/CodeSkeptic/CodeSkeptic/curl-curl-8_11_0/lib/url.c:1864:48 'data' is also dereferenced here (same origin)
    -> /home/runner/work/CodeSkeptic/CodeSkeptic/curl-curl-8_11_0/lib/url.c:1867:31 'data' is also dereferenced here (same origin)
    -> /home/runner/work/CodeSkeptic/CodeSkeptic/curl-curl-8_11_0/lib/url.c:1873:32 'data' is also dereferenced here (same origin)
    -> /home/runner/work/CodeSkeptic/CodeSkeptic/curl-curl-8_11_0/lib/url.c:1876:7 'data' is also dereferenced here (same origin)
    -> /home/runner/work/CodeSkeptic/CodeSkeptic/curl-curl-8_11_0/lib/url.c:1882:33 'data' is also dereferenced here (same origin)
/home/runner/work/CodeSkeptic/CodeSkeptic/curl-curl-8_11_0/lib/url.c:2315:20 [warning] null-deref: Possible null dereference: 'host' may be null on some paths
    -> /home/runner/work/CodeSkeptic/CodeSkeptic/curl-curl-8_11_0/lib/url.c:2144:3 'host' assigned null here
    -> /home/runner/work/CodeSkeptic/CodeSkeptic/curl-curl-8_11_0/lib/url.c:2298:11 'host' is null on this branch (per this condition)
    -> /home/runner/work/CodeSkeptic/CodeSkeptic/curl-curl-8_11_0/lib/url.c:2305:7 'host' assigned null here
    -> /home/runner/work/CodeSkeptic/CodeSkeptic/curl-curl-8_11_0/lib/url.c:2321:5 'host' assigned null here
    -> /home/runner/work/CodeSkeptic/CodeSkeptic/curl-curl-8_11_0/lib/url.c:2313:8 'host' is also dereferenced here (same origin)
    -> /home/runner/work/CodeSkeptic/CodeSkeptic/curl-curl-8_11_0/lib/url.c:2316:7 'host' is also dereferenced here (same origin)
/home/runner/work/CodeSkeptic/CodeSkeptic/curl-curl-8_11_0/lib/url.c:2416:25 [warning] null-deref: Possible null dereference: 'data' may be null on some paths
    -> /home/runner/work/CodeSkeptic/CodeSkeptic/curl-curl-8_11_0/lib/url.c:2411:7 'data' is null on this branch (per this condition)
    -> /home/runner/work/CodeSkeptic/CodeSkeptic/curl-curl-8_11_0/lib/url.c:2455:7 'data' assigned a possibly-null value here (callee may return null)
    -> /home/runner/work/CodeSkeptic/CodeSkeptic/curl-curl-8_11_0/lib/url.c:2415:42 'data' is also dereferenced here (same origin)
/home/runner/work/CodeSkeptic/CodeSkeptic/curl-curl-8_11_0/lib/url.c:2613:28 [warning] null-deref: Possible null dereference: 'osep' may be null on some paths
    -> /home/runner/work/CodeSkeptic/CodeSkeptic/curl-curl-8_11_0/lib/url.c:2571:3 'osep' assigned null here
    -> /home/runner/work/CodeSkeptic/CodeSkeptic/curl-curl-8_11_0/lib/url.c:2588:20 'osep' is null on this branch (per this condition)
    -> /home/runner/work/CodeSkeptic/CodeSkeptic/curl-curl-8_11_0/lib/url.c:2589:12 'osep' is null on this branch (per this condition)
    -> /home/runner/work/CodeSkeptic/CodeSkeptic/curl-curl-8_11_0/lib/url.c:2591:12 'osep' is null on this branch (per this condition)
    -> /home/runner/work/CodeSkeptic/CodeSkeptic/curl-curl-8_11_0/lib/url.c:2593:11 'osep' is null on this branch (per this condition)
/home/runner/work/CodeSkeptic/CodeSkeptic/curl-curl-8_11_0/lib/url.c:2758:18 [warning] null-deref: Possible null dereference: 'data' may be null on some paths
    -> /home/runner/work/CodeSkeptic/CodeSkeptic/curl-curl-8_11_0/lib/url.c:2694:7 'data' is null on this branch (per this condition)
    -> /home/runner/work/CodeSkeptic/CodeSkeptic/curl-curl-8_11_0/lib/url.c:2727:8 'data' is also dereferenced here (same origin)
    -> /home/runner/work/CodeSkeptic/CodeSkeptic/curl-curl-8_11_0/lib/url.c:2729:32 'data' is also dereferenced here (same origin)
    -> /home/runner/work/CodeSkeptic/CodeSkeptic/curl-curl-8_11_0/lib/url.c:2732:7 'data' is also dereferenced here (same origin)
    -> /home/runner/work/CodeSkeptic/CodeSkeptic/curl-curl-8_11_0/lib/url.c:2735:6 'data' is also dereferenced here (same origin)
    -> /home/runner/work/CodeSkeptic/CodeSkeptic/curl-curl-8_11_0/lib/url.c:2736:23 'data' is also dereferenced here (same origin)
    -> /home/runner/work/CodeSkeptic/CodeSkeptic/curl-curl-8_11_0/lib/url.c:2741:16 'data' is also dereferenced here (same origin)
    -> /home/runner/work/CodeSkeptic/CodeSkeptic/curl-curl-8_11_0/lib/url.c:2747:39 'data' is also dereferenced here (same origin)
    -> /home/runner/work/CodeSkeptic/CodeSkeptic/curl-curl-8_11_0/lib/url.c:2750:5 'data' is also dereferenced here (same origin)
    -> /home/runner/work/CodeSkeptic/CodeSkeptic/curl-curl-8_11_0/lib/url.c:2752:6 'data' is also dereferenced here (same origin)
/home/runner/work/CodeSkeptic/CodeSkeptic/curl-curl-8_11_0/lib/url.c:3094:32 [warning] null-deref: Possible null dereference: 'data' may be null on some paths
    -> /home/runner/work/CodeSkeptic/CodeSkeptic/curl-curl-8_11_0/lib/url.c:2997:7 'data' is null on this branch (per this condition)
    -> /home/runner/work/CodeSkeptic/CodeSkeptic/curl-curl-8_11_0/lib/url.c:3008:7 'data' is null on this branch (per this condition)
    -> /home/runner/work/CodeSkeptic/CodeSkeptic/curl-curl-8_11_0/lib/url.c:3081:5 'data' is null on this branch (per this condition)
    -> /home/runner/work/CodeSkeptic/CodeSkeptic/curl-curl-8_11_0/lib/url.c:3111:7 'data' is null on this branch (per this condition)
    -> /home/runner/work/CodeSkeptic/CodeSkeptic/curl-curl-8_11_0/lib/url.c:3020:6 'data' is also dereferenced here (same origin)
    -> /home/runner/work/CodeSkeptic/CodeSkeptic/curl-curl-8_11_0/lib/url.c:3041:11 'data' is also dereferenced here (same origin)
    -> /home/runner/work/CodeSkeptic/CodeSkeptic/curl-curl-8_11_0/lib/url.c:3053:12 'data' is also dereferenced here (same origin)
    -> /home/runner/work/CodeSkeptic/CodeSkeptic/curl-curl-8_11_0/lib/url.c:3086:34 'data' is also dereferenced here (same origin)
/home/runner/work/CodeSkeptic/CodeSkeptic/curl-curl-8_11_0/lib/url.c:3707:3 [warning] null-deref: Possible null dereference: 'data' may be null on some paths
    -> /home/runner/work/CodeSkeptic/CodeSkeptic/curl-curl-8_11_0/lib/url.c:3585:5 'data' is null on this branch (per this condition)
    -> /home/runner/work/CodeSkeptic/CodeSkeptic/curl-curl-8_11_0/lib/url.c:3614:9 'data' is null on this branch (per this condition)
    -> /home/runner/work/CodeSkeptic/CodeSkeptic/curl-curl-8_11_0/lib/url.c:3620:11 'data' is null on this branch (per this condition)
    -> /home/runner/work/CodeSkeptic/CodeSkeptic/curl-curl-8_11_0/lib/url.c:3624:11 'data' is null on this branch (per this condition)
    -> /home/runner/work/CodeSkeptic/CodeSkeptic/curl-curl-8_11_0/lib/url.c:3634:7 'data' is null on this branch (per this condition)
    -> /home/runner/work/CodeSkeptic/CodeSkeptic/curl-curl-8_11_0/lib/url.c:3665:7 'data' is null on this branch (per this condition)
    -> /home/runner/work/CodeSkeptic/CodeSkeptic/curl-curl-8_11_0/lib/url.c:3663:9 'data' is also dereferenced here (same origin)
    -> /home/runner/work/CodeSkeptic/CodeSkeptic/curl-curl-8_11_0/lib/url.c:3664:8 'data' is also dereferenced here (same origin)
    -> /home/runner/work/CodeSkeptic/CodeSkeptic/curl-curl-8_11_0/lib/url.c:3666:7 'data' is also dereferenced here (same origin)
    -> /home/runner/work/CodeSkeptic/CodeSkeptic/curl-curl-8_11_0/lib/url.c:3667:7 'data' is also dereferenced here (same origin)
/home/runner/work/CodeSkeptic/CodeSkeptic/curl-curl-8_11_0/lib/vtls/openssl.c:2940:36 [warning] null-deref: Possible null dereference: 'connssl' may be null on some paths
    -> /home/runner/work/CodeSkeptic/CodeSkeptic/curl-curl-8_11_0/lib/vtls/openssl.c:2939:10 'connssl' is null on this branch (per this condition)
/home/runner/work/CodeSkeptic/CodeSkeptic/curl-curl-8_11_0/lib/vtls/openssl.c:3801:16 [warning] null-deref: Possible null dereference: 'data' may be null on some paths
    -> /home/runner/work/CodeSkeptic/CodeSkeptic/curl-curl-8_11_0/lib/vtls/openssl.c:3706:5 'data' is null on this branch (per this condition)
    -> /home/runner/work/CodeSkeptic/CodeSkeptic/curl-curl-8_11_0/lib/vtls/openssl.c:3717:7 'data' is null on this branch (per this condition)
    -> /home/runner/work/CodeSkeptic/CodeSkeptic/curl-curl-8_11_0/lib/vtls/openssl.c:3743:5 'data' is null on this branch (per this condition)
    -> /home/runner/work/CodeSkeptic/CodeSkeptic/curl-curl-8_11_0/lib/vtls/openssl.c:3754:7 'data' is null on this branch (per this condition)
    -> /home/runner/work/CodeSkeptic/CodeSkeptic/curl-curl-8_11_0/lib/vtls/openssl.c:3993:9 'data' is null on this branch (per this condition)
    -> /home/runner/work/CodeSkeptic/CodeSkeptic/curl-curl-8_11_0/lib/vtls/openssl.c:3790:6 'data' is also dereferenced here (same origin)
    -> /home/runner/work/CodeSkeptic/CodeSkeptic/curl-curl-8_11_0/lib/vtls/openssl.c:3802:39 'data' is also dereferenced here (same origin)
/home/runner/work/CodeSkeptic/CodeSkeptic/curl-curl-8_11_0/lib/vtls/openssl.c:4736:5 [warning] null-deref: Possible null dereference: 'data' may be null on some paths
    -> /home/runner/work/CodeSkeptic/CodeSkeptic/curl-curl-8_11_0/lib/vtls/openssl.c:4564:3 'data' is null on this branch (per this condition)
    -> /home/runner/work/CodeSkeptic/CodeSkeptic/curl-curl-8_11_0/lib/vtls/openssl.c:4569:3 'data' is null on this branch (per this condition)
    -> /home/runner/work/CodeSkeptic/CodeSkeptic/curl-curl-8_11_0/lib/vtls/openssl.c:4576:5 'data' is null on this branch (per this condition)
    -> /home/runner/work/CodeSkeptic/CodeSkeptic/curl-curl-8_11_0/lib/vtls/openssl.c:4581:5 'data' is null on this branch (per this condition)
    -> /home/runner/work/CodeSkeptic/CodeSkeptic/curl-curl-8_11_0/lib/vtls/openssl.c:4606:5 'data' is null on this branch (per this condition)
    -> /home/runner/work/CodeSkeptic/CodeSkeptic/curl-curl-8_11_0/lib/vtls/openssl.c:4675:7 'data' is null on this branch (per this condition)
    -> /home/runner/work/CodeSkeptic/CodeSkeptic/curl-curl-8_11_0/lib/vtls/openssl.c:4737:5 'data' is also dereferenced here (same origin)
/home/runner/work/CodeSkeptic/CodeSkeptic/curl-curl-8_11_0/lib/vtls/vtls.c:1726:3 [warning] null-deref: Possible null dereference: 'data' may be null on some paths
    -> /home/runner/work/CodeSkeptic/CodeSkeptic/curl-curl-8_11_0/lib/vtls/vtls.c:1724:3 'data' is null on this branch (per this condition)
    -> /home/runner/work/CodeSkeptic/CodeSkeptic/curl-curl-8_11_0/lib/vtls/vtls.c:1752:3 'data' is null on this branch (per this condition)
    -> /home/runner/work/CodeSkeptic/CodeSkeptic/curl-curl-8_11_0/lib/vtls/vtls.c:1725:3 'data' is also dereferenced here (same origin)
/home/runner/work/CodeSkeptic/CodeSkeptic/curl-curl-8_11_0/lib/ws.c:728:3 [warning] bounds: possible buffer overflow: strcpy copies an unbounded amount into a fixed 40-byte buffer; the source length is not checked (use a bounded copy or verify it fits)
/home/runner/work/CodeSkeptic/CodeSkeptic/curl-curl-8_11_0/lib/ws.c:832:6 [warning] null-deref: Possible null dereference: 'data' may be null on some paths
    -> /home/runner/work/CodeSkeptic/CodeSkeptic/curl-curl-8_11_0/lib/ws.c:779:5 'data' is null on this branch (per this condition)
    -> /home/runner/work/CodeSkeptic/CodeSkeptic/curl-curl-8_11_0/lib/ws.c:817:3 'data' is null on this branch (per this condition)
    -> /home/runner/work/CodeSkeptic/CodeSkeptic/curl-curl-8_11_0/lib/ws.c:841:5 'data' is null on this branch (per this condition)
/home/runner/work/CodeSkeptic/CodeSkeptic/curl-curl-8_11_0/lib/ws.c:1026:15 [warning] null-deref: Possible null dereference: 'data' may be null on some paths
    -> /home/runner/work/CodeSkeptic/CodeSkeptic/curl-curl-8_11_0/lib/ws.c:1035:9 'data' is null on this branch (per this condition)
    -> /home/runner/work/CodeSkeptic/CodeSkeptic/curl-curl-8_11_0/lib/ws.c:1044:9 'data' is null on this branch (per this condition)
/home/runner/work/CodeSkeptic/CodeSkeptic/curl-curl-8_11_0/lib/ws.c:1068:28 [warning] null-deref: Possible null dereference: 'data' may be null on some paths
    -> /home/runner/work/CodeSkeptic/CodeSkeptic/curl-curl-8_11_0/lib/ws.c:1072:7 'data' is null on this branch (per this condition)
/home/runner/work/CodeSkeptic/CodeSkeptic/curl-curl-8_11_0/lib/ws.c:1167:6 [warning] null-deref: Possible null dereference: 'data' may be null on some paths
    -> /home/runner/work/CodeSkeptic/CodeSkeptic/curl-curl-8_11_0/lib/ws.c:1141:3 'data' is null on this branch (per this condition)
    -> /home/runner/work/CodeSkeptic/CodeSkeptic/curl-curl-8_11_0/lib/ws.c:1179:3 'data' is null on this branch (per this condition)
    -> /home/runner/work/CodeSkeptic/CodeSkeptic/curl-curl-8_11_0/lib/ws.c:1196:9 'data' is null on this branch (per this condition)
    -> /home/runner/work/CodeSkeptic/CodeSkeptic/curl-curl-8_11_0/lib/ws.c:1226:9 'data' assigned a possibly-null value here (callee may return null)
    -> /home/runner/work/CodeSkeptic/CodeSkeptic/curl-curl-8_11_0/lib/ws.c:1262:3 'data' is null on this branch (per this condition)
    -> /home/runner/work/CodeSkeptic/CodeSkeptic/curl-curl-8_11_0/lib/ws.c:1145:21 'data' is also dereferenced here (same origin)
    -> /home/runner/work/CodeSkeptic/CodeSkeptic/curl-curl-8_11_0/lib/ws.c:1150:7 'data' is also dereferenced here (same origin)
    -> /home/runner/work/CodeSkeptic/CodeSkeptic/curl-curl-8_11_0/lib/ws.c:1155:7 'data' is also dereferenced here (same origin)
    -> /home/runner/work/CodeSkeptic/CodeSkeptic/curl-curl-8_11_0/lib/ws.c:1160:8 'data' is also dereferenced here (same origin)
/home/runner/work/CodeSkeptic/CodeSkeptic/curl-curl-8_11_0/lib/ws.c:1303:13 [warning] null-deref: Possible null dereference: 'data' may be null on some paths
    -> /home/runner/work/CodeSkeptic/CodeSkeptic/curl-curl-8_11_0/lib/ws.c:1301:6 'data' is null on this branch (per this condition)
    -> /home/runner/work/CodeSkeptic/CodeSkeptic/curl-curl-8_11_0/lib/ws.c:1301:61 'data' is also dereferenced here (same origin)
    -> /home/runner/work/CodeSkeptic/CodeSkeptic/curl-curl-8_11_0/lib/ws.c:1302:31 'data' is also dereferenced here (same origin)
----------------------------------------
