[CodeSkeptic] Analysis starting... (38 files, 11 rules)
[1/38] Processing file /home/runner/work/CodeSkeptic/CodeSkeptic/rtp2httpd/src/access_log.c.
[2/38] Processing file /home/runner/work/CodeSkeptic/CodeSkeptic/rtp2httpd/src/buffer_pool.c.
[3/38] Processing file /home/runner/work/CodeSkeptic/CodeSkeptic/rtp2httpd/src/configuration.c.
[4/38] Processing file /home/runner/work/CodeSkeptic/CodeSkeptic/rtp2httpd/src/connection.c.
[5/38] Processing file /home/runner/work/CodeSkeptic/CodeSkeptic/rtp2httpd/src/embedded_web.c.
[6/38] Processing file /home/runner/work/CodeSkeptic/CodeSkeptic/rtp2httpd/src/epg.c.
[7/38] Processing file /home/runner/work/CodeSkeptic/CodeSkeptic/rtp2httpd/src/fcc.c.
[8/38] Processing file /home/runner/work/CodeSkeptic/CodeSkeptic/rtp2httpd/src/fcc_huawei.c.
[9/38] Processing file /home/runner/work/CodeSkeptic/CodeSkeptic/rtp2httpd/src/fcc_telecom.c.
[10/38] Processing file /home/runner/work/CodeSkeptic/CodeSkeptic/rtp2httpd/src/hashmap.c.
[11/38] Processing file /home/runner/work/CodeSkeptic/CodeSkeptic/rtp2httpd/src/http.c.
[12/38] Processing file /home/runner/work/CodeSkeptic/CodeSkeptic/rtp2httpd/src/http_chunked_decoder.c.
[13/38] Processing file /home/runner/work/CodeSkeptic/CodeSkeptic/rtp2httpd/src/http_fetch.c.
[14/38] Processing file /home/runner/work/CodeSkeptic/CodeSkeptic/rtp2httpd/src/http_proxy.c.
[15/38] Processing file /home/runner/work/CodeSkeptic/CodeSkeptic/rtp2httpd/src/http_proxy_rewrite.c.
[16/38] Processing file /home/runner/work/CodeSkeptic/CodeSkeptic/rtp2httpd/src/m3u.c.
[17/38] Processing file /home/runner/work/CodeSkeptic/CodeSkeptic/rtp2httpd/src/md5.c.
[18/38] Processing file /home/runner/work/CodeSkeptic/CodeSkeptic/rtp2httpd/src/multicast.c.
[19/38] Processing file /home/runner/work/CodeSkeptic/CodeSkeptic/rtp2httpd/src/pid_file.c.
[20/38] Processing file /home/runner/work/CodeSkeptic/CodeSkeptic/rtp2httpd/src/poller_epoll.c.
[21/38] Processing file /home/runner/work/CodeSkeptic/CodeSkeptic/rtp2httpd/src/rs_fec.c.
[22/38] Processing file /home/runner/work/CodeSkeptic/CodeSkeptic/rtp2httpd/src/rtp.c.
[23/38] Processing file /home/runner/work/CodeSkeptic/CodeSkeptic/rtp2httpd/src/rtp2httpd.c.
[24/38] Processing file /home/runner/work/CodeSkeptic/CodeSkeptic/rtp2httpd/src/rtp_fec.c.
[25/38] Processing file /home/runner/work/CodeSkeptic/CodeSkeptic/rtp2httpd/src/rtp_reorder.c.
[26/38] Processing file /home/runner/work/CodeSkeptic/CodeSkeptic/rtp2httpd/src/rtsp.c.
[27/38] Processing file /home/runner/work/CodeSkeptic/CodeSkeptic/rtp2httpd/src/service.c.
[28/38] Processing file /home/runner/work/CodeSkeptic/CodeSkeptic/rtp2httpd/src/snapshot.c.
[29/38] Processing file /home/runner/work/CodeSkeptic/CodeSkeptic/rtp2httpd/src/status.c.
[30/38] Processing file /home/runner/work/CodeSkeptic/CodeSkeptic/rtp2httpd/src/stream.c.
[31/38] Processing file /home/runner/work/CodeSkeptic/CodeSkeptic/rtp2httpd/src/stun.c.
[32/38] Processing file /home/runner/work/CodeSkeptic/CodeSkeptic/rtp2httpd/src/supervisor.c.
[33/38] Processing file /home/runner/work/CodeSkeptic/CodeSkeptic/rtp2httpd/src/timezone.c.
[34/38] Processing file /home/runner/work/CodeSkeptic/CodeSkeptic/rtp2httpd/src/unix_socket.c.
[35/38] Processing file /home/runner/work/CodeSkeptic/CodeSkeptic/rtp2httpd/src/url_template.c.
[36/38] Processing file /home/runner/work/CodeSkeptic/CodeSkeptic/rtp2httpd/src/utils.c.
[37/38] Processing file /home/runner/work/CodeSkeptic/CodeSkeptic/rtp2httpd/src/worker.c.
[38/38] Processing file /home/runner/work/CodeSkeptic/CodeSkeptic/rtp2httpd/src/zerocopy.c.
CodeSkeptic: 4 finding(s)
[CodeSkeptic] Verdict gate: 1 blocking, 3 experimental report-only finding(s).
----------------------------------------
/home/runner/work/CodeSkeptic/CodeSkeptic/rtp2httpd/src/configuration.c:542:26 [warning] sign-conversion: possible negative length: untrusted signed 'int' value may be negative, and converting it to 'loglevel_t' turns it into a huge value - check for negative before the conversion
/home/runner/work/CodeSkeptic/CodeSkeptic/rtp2httpd/src/configuration.c:938:3 [warning] null-deref: Possible null dereference: 'ba' may be null on some paths
    -> /home/runner/work/CodeSkeptic/CodeSkeptic/rtp2httpd/src/configuration.c:936:3 'ba' assigned a possibly-null value here (callee may return null)
    -> /home/runner/work/CodeSkeptic/CodeSkeptic/rtp2httpd/src/configuration.c:939:3 'ba' is also dereferenced here (same origin)
/home/runner/work/CodeSkeptic/CodeSkeptic/rtp2httpd/src/configuration.c:1455:26 [warning] sign-conversion: possible negative length: untrusted signed 'int' value may be negative, and converting it to 'loglevel_t' turns it into a huge value - check for negative before the conversion
/home/runner/work/CodeSkeptic/CodeSkeptic/rtp2httpd/src/rtsp.c:2233:31 [warning] sign-conversion: possible negative length: untrusted signed 'int' value may be negative, and converting it to 'size_t' turns it into a huge value - check for negative before the conversion
----------------------------------------
