Unable to find image 'ubuntu:22.04' locally
22.04: Pulling from library/ubuntu
39a945af8df2: Pulling fs layer
39a945af8df2: Verifying Checksum
39a945af8df2: Download complete
39a945af8df2: Pull complete
Digest: sha256:3b06811b2afd352be909dd088a004166d665dc76d38b13eada33522a9d915c6f
Status: Downloaded newer image for ubuntu:22.04
+ apt-get update -qq
+ apt-get install -y -qq libc6-dev
debconf: delaying package configuration, since apt-utils is not installed
+ tar xzf /dist/codeskeptic-v0.4.8-linux-x86_64.tar.gz -C /tmp
+ cd /tmp/codeskeptic-v0.4.8-linux-x86_64
+ ldd ./bin/codeskeptic
+ tee /tmp/ldd.txt
	linux-vdso.so.1 (0x00007ffc6ad7a000)
	libLLVM.so.20.1 => /tmp/codeskeptic-v0.4.8-linux-x86_64/./bin/../lib/libLLVM.so.20.1 (0x00007f3e19efb000)
	libc.so.6 => /lib/x86_64-linux-gnu/libc.so.6 (0x00007f3e19cd0000)
	/lib64/ld-linux-x86-64.so.2 (0x00007f3e25217000)
	libffi.so.8 => /tmp/codeskeptic-v0.4.8-linux-x86_64/./bin/../lib/../lib/libffi.so.8 (0x00007f3e19cc3000)
	libedit.so.2 => /tmp/codeskeptic-v0.4.8-linux-x86_64/./bin/../lib/../lib/libedit.so.2 (0x00007f3e19c89000)
	libm.so.6 => /lib/x86_64-linux-gnu/libm.so.6 (0x00007f3e19ba2000)
	libz.so.1 => /tmp/codeskeptic-v0.4.8-linux-x86_64/./bin/../lib/../lib/libz.so.1 (0x00007f3e19b84000)
	libzstd.so.1 => /tmp/codeskeptic-v0.4.8-linux-x86_64/./bin/../lib/../lib/libzstd.so.1 (0x00007f3e19ab5000)
	libxml2.so.2 => /tmp/codeskeptic-v0.4.8-linux-x86_64/./bin/../lib/../lib/libxml2.so.2 (0x00007f3e198d3000)
	libstdc++.so.6 => /lib/x86_64-linux-gnu/libstdc++.so.6 (0x00007f3e196a7000)
	libgcc_s.so.1 => /lib/x86_64-linux-gnu/libgcc_s.so.1 (0x00007f3e19687000)
	libtinfo.so.6 => /tmp/codeskeptic-v0.4.8-linux-x86_64/./bin/../lib/libtinfo.so.6 (0x00007f3e19653000)
	libbsd.so.0 => /tmp/codeskeptic-v0.4.8-linux-x86_64/./bin/../lib/libbsd.so.0 (0x00007f3e1963b000)
	libicuuc.so.70 => /tmp/codeskeptic-v0.4.8-linux-x86_64/./bin/../lib/libicuuc.so.70 (0x00007f3e19440000)
	liblzma.so.5 => /tmp/codeskeptic-v0.4.8-linux-x86_64/./bin/../lib/liblzma.so.5 (0x00007f3e19415000)
	libmd.so.0 => /tmp/codeskeptic-v0.4.8-linux-x86_64/./bin/../lib/libmd.so.0 (0x00007f3e19408000)
	libicudata.so.70 => /tmp/codeskeptic-v0.4.8-linux-x86_64/./bin/../lib/libicudata.so.70 (0x00007f3e177e8000)
+ grep -q 'not found' /tmp/ldd.txt
+ for so in "libLLVM\.so" "libzstd\.so" "libz\.so" "libtinfo\.so"
+ grep -E 'libLLVM\.so' /tmp/ldd.txt
+ grep -qE '=> /tmp/codeskeptic-'
+ for so in "libLLVM\.so" "libzstd\.so" "libz\.so" "libtinfo\.so"
+ grep -E 'libzstd\.so' /tmp/ldd.txt
+ grep -qE '=> /tmp/codeskeptic-'
+ for so in "libLLVM\.so" "libzstd\.so" "libz\.so" "libtinfo\.so"
+ grep -E 'libz\.so' /tmp/ldd.txt
+ grep -qE '=> /tmp/codeskeptic-'
+ for so in "libLLVM\.so" "libzstd\.so" "libz\.so" "libtinfo\.so"
+ grep -qE '=> /tmp/codeskeptic-'
+ grep -E 'libtinfo\.so' /tmp/ldd.txt
+ code=0
++ ./bin/codeskeptic /demo/demo.c
+ out='[CodeSkeptic] compile_commands.json not found: fixed-compilation-database: Error while opening fixed database: No such file or directory
json-compilation-database: Error while opening JSON database: No such file or directory

[CodeSkeptic] Fallback: continuing with -std=c++17.
[CodeSkeptic] Analysis starting... (1 files, 11 rules)
CodeSkeptic: 3 finding(s)
----------------------------------------
/demo/demo.c:7:25 [warning] null-deref: Possible null dereference: '\''val'\'' may be null on some paths
    -> /demo/demo.c:6:5 '\''val'\'' assigned a possibly-null value here (callee may return null)
    -> /demo/demo.c:8:5 '\''val'\'' is also dereferenced here (same origin)
/demo/demo.c:8:5 [warning] null-deref: Possible null dereference: '\''copy'\'' may be null on some paths
    -> /demo/demo.c:7:5 '\''copy'\'' assigned a possibly-null value here (callee may return null)
/demo/demo.c:14:14 [warning] int-overflow: possible integer overflow: this multiplication can exceed '\''int'\''
----------------------------------------'
+ code=1
+ echo '[CodeSkeptic] compile_commands.json not found: fixed-compilation-database: Error while opening fixed database: No such file or directory
json-compilation-database: Error while opening JSON database: No such file or directory

[CodeSkeptic] Fallback: continuing with -std=c++17.
[CodeSkeptic] Analysis starting... (1 files, 11 rules)
CodeSkeptic: 3 finding(s)
----------------------------------------
/demo/demo.c:7:25 [warning] null-deref: Possible null dereference: '\''val'\'' may be null on some paths
    -> /demo/demo.c:6:5 '\''val'\'' assigned a possibly-null value here (callee may return null)
    -> /demo/demo.c:8:5 '\''val'\'' is also dereferenced here (same origin)
/demo/demo.c:8:5 [warning] null-deref: Possible null dereference: '\''copy'\'' may be null on some paths
    -> /demo/demo.c:7:5 '\''copy'\'' assigned a possibly-null value here (callee may return null)
/demo/demo.c:14:14 [warning] int-overflow: possible integer overflow: this multiplication can exceed '\''int'\''
----------------------------------------'
+ test 1 -eq 1
[CodeSkeptic] compile_commands.json not found: fixed-compilation-database: Error while opening fixed database: No such file or directory
json-compilation-database: Error while opening JSON database: No such file or directory

[CodeSkeptic] Fallback: continuing with -std=c++17.
[CodeSkeptic] Analysis starting... (1 files, 11 rules)
CodeSkeptic: 3 finding(s)
----------------------------------------
/demo/demo.c:7:25 [warning] null-deref: Possible null dereference: 'val' may be null on some paths
    -> /demo/demo.c:6:5 'val' assigned a possibly-null value here (callee may return null)
    -> /demo/demo.c:8:5 'val' is also dereferenced here (same origin)
/demo/demo.c:8:5 [warning] null-deref: Possible null dereference: 'copy' may be null on some paths
    -> /demo/demo.c:7:5 'copy' assigned a possibly-null value here (callee may return null)
/demo/demo.c:14:14 [warning] int-overflow: possible integer overflow: this multiplication can exceed 'int'
----------------------------------------
+ grep -qi finding
+ echo '[CodeSkeptic] compile_commands.json not found: fixed-compilation-database: Error while opening fixed database: No such file or directory
json-compilation-database: Error while opening JSON database: No such file or directory

[CodeSkeptic] Fallback: continuing with -std=c++17.
[CodeSkeptic] Analysis starting... (1 files, 11 rules)
CodeSkeptic: 3 finding(s)
----------------------------------------
/demo/demo.c:7:25 [warning] null-deref: Possible null dereference: '\''val'\'' may be null on some paths
    -> /demo/demo.c:6:5 '\''val'\'' assigned a possibly-null value here (callee may return null)
    -> /demo/demo.c:8:5 '\''val'\'' is also dereferenced here (same origin)
/demo/demo.c:8:5 [warning] null-deref: Possible null dereference: '\''copy'\'' may be null on some paths
    -> /demo/demo.c:7:5 '\''copy'\'' assigned a possibly-null value here (callee may return null)
/demo/demo.c:14:14 [warning] int-overflow: possible integer overflow: this multiplication can exceed '\''int'\''
----------------------------------------'
Unable to find image 'ubuntu:24.04' locally
24.04: Pulling from library/ubuntu
966c395d29cb: Pulling fs layer
966c395d29cb: Verifying Checksum
966c395d29cb: Download complete
966c395d29cb: Pull complete
Digest: sha256:561618e2c15bf2397621dd04f96926663a3b5616c189cf7e38db7e82f5c538ea
Status: Downloaded newer image for ubuntu:24.04
+ apt-get update -qq
+ apt-get install -y -qq libc6-dev
debconf: delaying package configuration, since apt-utils is not installed
+ tar xzf /dist/codeskeptic-v0.4.8-linux-x86_64.tar.gz -C /tmp
+ cd /tmp/codeskeptic-v0.4.8-linux-x86_64
+ ldd ./bin/codeskeptic
+ tee /tmp/ldd.txt
	linux-vdso.so.1 (0x00007ffe1f7da000)
	libLLVM.so.20.1 => /tmp/codeskeptic-v0.4.8-linux-x86_64/./bin/../lib/libLLVM.so.20.1 (0x00007f4fb98c3000)
	libc.so.6 => /lib/x86_64-linux-gnu/libc.so.6 (0x00007f4fb96af000)
	/lib64/ld-linux-x86-64.so.2 (0x00007f4fc4bdf000)
	libffi.so.8 => /tmp/codeskeptic-v0.4.8-linux-x86_64/./bin/../lib/../lib/libffi.so.8 (0x00007f4fb96a2000)
	libedit.so.2 => /tmp/codeskeptic-v0.4.8-linux-x86_64/./bin/../lib/../lib/libedit.so.2 (0x00007f4fb9668000)
	libm.so.6 => /lib/x86_64-linux-gnu/libm.so.6 (0x00007f4fb957f000)
	libz.so.1 => /tmp/codeskeptic-v0.4.8-linux-x86_64/./bin/../lib/../lib/libz.so.1 (0x00007f4fb9561000)
	libzstd.so.1 => /tmp/codeskeptic-v0.4.8-linux-x86_64/./bin/../lib/../lib/libzstd.so.1 (0x00007f4fb9492000)
	libxml2.so.2 => /tmp/codeskeptic-v0.4.8-linux-x86_64/./bin/../lib/../lib/libxml2.so.2 (0x00007f4fb92b0000)
	libstdc++.so.6 => /lib/x86_64-linux-gnu/libstdc++.so.6 (0x00007f4fb9032000)
	libgcc_s.so.1 => /lib/x86_64-linux-gnu/libgcc_s.so.1 (0x00007f4fb9004000)
	libtinfo.so.6 => /tmp/codeskeptic-v0.4.8-linux-x86_64/./bin/../lib/libtinfo.so.6 (0x00007f4fb8fd0000)
	libbsd.so.0 => /tmp/codeskeptic-v0.4.8-linux-x86_64/./bin/../lib/libbsd.so.0 (0x00007f4fb8fb8000)
	libicuuc.so.70 => /tmp/codeskeptic-v0.4.8-linux-x86_64/./bin/../lib/libicuuc.so.70 (0x00007f4fb8dbd000)
	liblzma.so.5 => /tmp/codeskeptic-v0.4.8-linux-x86_64/./bin/../lib/liblzma.so.5 (0x00007f4fb8d92000)
	libmd.so.0 => /tmp/codeskeptic-v0.4.8-linux-x86_64/./bin/../lib/libmd.so.0 (0x00007f4fb8d85000)
	libicudata.so.70 => /tmp/codeskeptic-v0.4.8-linux-x86_64/./bin/../lib/libicudata.so.70 (0x00007f4fb7165000)
+ grep -q 'not found' /tmp/ldd.txt
+ for so in "libLLVM\.so" "libzstd\.so" "libz\.so" "libtinfo\.so"
+ grep -qE '=> /tmp/codeskeptic-'
+ grep -E 'libLLVM\.so' /tmp/ldd.txt
+ for so in "libLLVM\.so" "libzstd\.so" "libz\.so" "libtinfo\.so"
+ grep -E 'libzstd\.so' /tmp/ldd.txt
+ grep -qE '=> /tmp/codeskeptic-'
+ for so in "libLLVM\.so" "libzstd\.so" "libz\.so" "libtinfo\.so"
+ grep -qE '=> /tmp/codeskeptic-'
+ grep -E 'libz\.so' /tmp/ldd.txt
+ for so in "libLLVM\.so" "libzstd\.so" "libz\.so" "libtinfo\.so"
+ grep -qE '=> /tmp/codeskeptic-'
+ grep -E 'libtinfo\.so' /tmp/ldd.txt
+ code=0
++ ./bin/codeskeptic /demo/demo.c
[CodeSkeptic] compile_commands.json not found: fixed-compilation-database: Error while opening fixed database: No such file or directory
json-compilation-database: Error while opening JSON database: No such file or directory

[CodeSkeptic] Fallback: continuing with -std=c++17.
[CodeSkeptic] Analysis starting... (1 files, 11 rules)
CodeSkeptic: 3 finding(s)
----------------------------------------
/demo/demo.c:7:25 [warning] null-deref: Possible null dereference: 'val' may be null on some paths
    -> /demo/demo.c:6:5 'val' assigned a possibly-null value here (callee may return null)
    -> /demo/demo.c:8:5 'val' is also dereferenced here (same origin)
/demo/demo.c:8:5 [warning] null-deref: Possible null dereference: 'copy' may be null on some paths
    -> /demo/demo.c:7:5 'copy' assigned a possibly-null value here (callee may return null)
/demo/demo.c:14:14 [warning] int-overflow: possible integer overflow: this multiplication can exceed 'int'
----------------------------------------
+ out='[CodeSkeptic] compile_commands.json not found: fixed-compilation-database: Error while opening fixed database: No such file or directory
json-compilation-database: Error while opening JSON database: No such file or directory

[CodeSkeptic] Fallback: continuing with -std=c++17.
[CodeSkeptic] Analysis starting... (1 files, 11 rules)
CodeSkeptic: 3 finding(s)
----------------------------------------
/demo/demo.c:7:25 [warning] null-deref: Possible null dereference: '\''val'\'' may be null on some paths
    -> /demo/demo.c:6:5 '\''val'\'' assigned a possibly-null value here (callee may return null)
    -> /demo/demo.c:8:5 '\''val'\'' is also dereferenced here (same origin)
/demo/demo.c:8:5 [warning] null-deref: Possible null dereference: '\''copy'\'' may be null on some paths
    -> /demo/demo.c:7:5 '\''copy'\'' assigned a possibly-null value here (callee may return null)
/demo/demo.c:14:14 [warning] int-overflow: possible integer overflow: this multiplication can exceed '\''int'\''
----------------------------------------'
+ code=1
+ echo '[CodeSkeptic] compile_commands.json not found: fixed-compilation-database: Error while opening fixed database: No such file or directory
json-compilation-database: Error while opening JSON database: No such file or directory

[CodeSkeptic] Fallback: continuing with -std=c++17.
[CodeSkeptic] Analysis starting... (1 files, 11 rules)
CodeSkeptic: 3 finding(s)
----------------------------------------
/demo/demo.c:7:25 [warning] null-deref: Possible null dereference: '\''val'\'' may be null on some paths
    -> /demo/demo.c:6:5 '\''val'\'' assigned a possibly-null value here (callee may return null)
    -> /demo/demo.c:8:5 '\''val'\'' is also dereferenced here (same origin)
/demo/demo.c:8:5 [warning] null-deref: Possible null dereference: '\''copy'\'' may be null on some paths
    -> /demo/demo.c:7:5 '\''copy'\'' assigned a possibly-null value here (callee may return null)
/demo/demo.c:14:14 [warning] int-overflow: possible integer overflow: this multiplication can exceed '\''int'\''
----------------------------------------'
+ test 1 -eq 1
+ echo '[CodeSkeptic] compile_commands.json not found: fixed-compilation-database: Error while opening fixed database: No such file or directory
json-compilation-database: Error while opening JSON database: No such file or directory

[CodeSkeptic] Fallback: continuing with -std=c++17.
[CodeSkeptic] Analysis starting... (1 files, 11 rules)
CodeSkeptic: 3 finding(s)
----------------------------------------
/demo/demo.c:7:25 [warning] null-deref: Possible null dereference: '\''val'\'' may be null on some paths
    -> /demo/demo.c:6:5 '\''val'\'' assigned a possibly-null value here (callee may return null)
    -> /demo/demo.c:8:5 '\''val'\'' is also dereferenced here (same origin)
/demo/demo.c:8:5 [warning] null-deref: Possible null dereference: '\''copy'\'' may be null on some paths
    -> /demo/demo.c:7:5 '\''copy'\'' assigned a possibly-null value here (callee may return null)
/demo/demo.c:14:14 [warning] int-overflow: possible integer overflow: this multiplication can exceed '\''int'\''
----------------------------------------'
+ grep -qi finding
