[CodeSkeptic] Analysis starting... (47 files, 9 rules)
[1/47] Processing file /home/runner/work/CodeSkeptic/CodeSkeptic/zlib-1.3.1/gzwrite.c.
[2/47] Processing file /home/runner/work/CodeSkeptic/CodeSkeptic/zlib-1.3.1/gzwrite.c.
[3/47] Processing file /home/runner/work/CodeSkeptic/CodeSkeptic/zlib-1.3.1/contrib/iostream2/zstream_test.cpp.
In file included from /home/runner/work/CodeSkeptic/CodeSkeptic/zlib-1.3.1/contrib/iostream2/zstream_test.cpp:1:
/home/runner/work/CodeSkeptic/CodeSkeptic/zlib-1.3.1/contrib/iostream2/zstream.h:27:10: fatal error: 'strstream.h' file not found
   27 | #include <strstream.h>
      |          ^~~~~~~~~~~~~
1 error generated.
Error while processing /home/runner/work/CodeSkeptic/CodeSkeptic/zlib-1.3.1/contrib/iostream2/zstream_test.cpp.
[4/47] Processing file /home/runner/work/CodeSkeptic/CodeSkeptic/zlib-1.3.1/contrib/iostream/test.cpp.
In file included from /home/runner/work/CodeSkeptic/CodeSkeptic/zlib-1.3.1/contrib/iostream/test.cpp:2:
/home/runner/work/CodeSkeptic/CodeSkeptic/zlib-1.3.1/contrib/iostream/zfstream.h:5:10: fatal error: 'fstream.h' file not found
    5 | #include <fstream.h>
      |          ^~~~~~~~~~~
1 error generated.
Error while processing /home/runner/work/CodeSkeptic/CodeSkeptic/zlib-1.3.1/contrib/iostream/test.cpp.
[5/47] Processing file /home/runner/work/CodeSkeptic/CodeSkeptic/zlib-1.3.1/contrib/iostream/zfstream.cpp.
In file included from /home/runner/work/CodeSkeptic/CodeSkeptic/zlib-1.3.1/contrib/iostream/zfstream.cpp:2:
/home/runner/work/CodeSkeptic/CodeSkeptic/zlib-1.3.1/contrib/iostream/zfstream.h:5:10: fatal error: 'fstream.h' file not found
    5 | #include <fstream.h>
      |          ^~~~~~~~~~~
1 error generated.
Error while processing /home/runner/work/CodeSkeptic/CodeSkeptic/zlib-1.3.1/contrib/iostream/zfstream.cpp.
[6/47] Processing file /home/runner/work/CodeSkeptic/CodeSkeptic/zlib-1.3.1/contrib/testzlib/testzlib.c.
/home/runner/work/CodeSkeptic/CodeSkeptic/zlib-1.3.1/contrib/testzlib/testzlib.c:3:10: fatal error: 'windows.h' file not found
    3 | #include <windows.h>
      |          ^~~~~~~~~~~
1 error generated.
Error while processing /home/runner/work/CodeSkeptic/CodeSkeptic/zlib-1.3.1/contrib/testzlib/testzlib.c.
[7/47] Processing file /home/runner/work/CodeSkeptic/CodeSkeptic/zlib-1.3.1/contrib/untgz/untgz.c.
[8/47] Processing file /home/runner/work/CodeSkeptic/CodeSkeptic/zlib-1.3.1/contrib/puff/puff.c.
[9/47] Processing file /home/runner/work/CodeSkeptic/CodeSkeptic/zlib-1.3.1/contrib/puff/pufftest.c.
[10/47] Processing file /home/runner/work/CodeSkeptic/CodeSkeptic/zlib-1.3.1/contrib/iostream3/zfstream.cc.
[11/47] Processing file /home/runner/work/CodeSkeptic/CodeSkeptic/zlib-1.3.1/contrib/iostream3/test.cc.
[12/47] Processing file /home/runner/work/CodeSkeptic/CodeSkeptic/zlib-1.3.1/contrib/minizip/ioapi.c.
[13/47] Processing file /home/runner/work/CodeSkeptic/CodeSkeptic/zlib-1.3.1/contrib/minizip/unzip.c.
[14/47] Processing file /home/runner/work/CodeSkeptic/CodeSkeptic/zlib-1.3.1/contrib/minizip/iowin32.c.
In file included from /home/runner/work/CodeSkeptic/CodeSkeptic/zlib-1.3.1/contrib/minizip/iowin32.c:18:
/home/runner/work/CodeSkeptic/CodeSkeptic/zlib-1.3.1/contrib/minizip/iowin32.h:14:10: fatal error: 'windows.h' file not found
   14 | #include <windows.h>
      |          ^~~~~~~~~~~
1 error generated.
Error while processing /home/runner/work/CodeSkeptic/CodeSkeptic/zlib-1.3.1/contrib/minizip/iowin32.c.
[15/47] Processing file /home/runner/work/CodeSkeptic/CodeSkeptic/zlib-1.3.1/contrib/minizip/mztools.c.
[16/47] Processing file /home/runner/work/CodeSkeptic/CodeSkeptic/zlib-1.3.1/contrib/minizip/miniunz.c.
[17/47] Processing file /home/runner/work/CodeSkeptic/CodeSkeptic/zlib-1.3.1/contrib/minizip/zip.c.
[18/47] Processing file /home/runner/work/CodeSkeptic/CodeSkeptic/zlib-1.3.1/contrib/minizip/minizip.c.
[19/47] Processing file /home/runner/work/CodeSkeptic/CodeSkeptic/zlib-1.3.1/contrib/infback9/infback9.c.
[20/47] Processing file /home/runner/work/CodeSkeptic/CodeSkeptic/zlib-1.3.1/contrib/infback9/inftree9.c.
[21/47] Processing file /home/runner/work/CodeSkeptic/CodeSkeptic/zlib-1.3.1/contrib/blast/blast.c.
[22/47] Processing file /home/runner/work/CodeSkeptic/CodeSkeptic/zlib-1.3.1/examples/gzappend.c.
[23/47] Processing file /home/runner/work/CodeSkeptic/CodeSkeptic/zlib-1.3.1/examples/enough.c.
[24/47] Processing file /home/runner/work/CodeSkeptic/CodeSkeptic/zlib-1.3.1/examples/zpipe.c.
[25/47] Processing file /home/runner/work/CodeSkeptic/CodeSkeptic/zlib-1.3.1/examples/gzjoin.c.
[26/47] Processing file /home/runner/work/CodeSkeptic/CodeSkeptic/zlib-1.3.1/examples/gzlog.c.
[27/47] Processing file /home/runner/work/CodeSkeptic/CodeSkeptic/zlib-1.3.1/examples/gznorm.c.
[28/47] Processing file /home/runner/work/CodeSkeptic/CodeSkeptic/zlib-1.3.1/examples/zran.c.
[29/47] Processing file /home/runner/work/CodeSkeptic/CodeSkeptic/zlib-1.3.1/examples/fitblk.c.
[30/47] Processing file /home/runner/work/CodeSkeptic/CodeSkeptic/zlib-1.3.1/examples/gun.c.
[31/47] Processing file /home/runner/work/CodeSkeptic/CodeSkeptic/zlib-1.3.1/crc32.c.
[32/47] Processing file /home/runner/work/CodeSkeptic/CodeSkeptic/zlib-1.3.1/crc32.c.
[33/47] Processing file /home/runner/work/CodeSkeptic/CodeSkeptic/zlib-1.3.1/compress.c.
[34/47] Processing file /home/runner/work/CodeSkeptic/CodeSkeptic/zlib-1.3.1/compress.c.
[35/47] Processing file /home/runner/work/CodeSkeptic/CodeSkeptic/zlib-1.3.1/inflate.c.
[36/47] Processing file /home/runner/work/CodeSkeptic/CodeSkeptic/zlib-1.3.1/inflate.c.
[37/47] Processing file /home/runner/work/CodeSkeptic/CodeSkeptic/zlib-1.3.1/inftrees.c.
[38/47] Processing file /home/runner/work/CodeSkeptic/CodeSkeptic/zlib-1.3.1/inftrees.c.
[39/47] Processing file /home/runner/work/CodeSkeptic/CodeSkeptic/zlib-1.3.1/gzclose.c.
[40/47] Processing file /home/runner/work/CodeSkeptic/CodeSkeptic/zlib-1.3.1/gzclose.c.
[41/47] Processing file /home/runner/work/CodeSkeptic/CodeSkeptic/zlib-1.3.1/uncompr.c.
[42/47] Processing file /home/runner/work/CodeSkeptic/CodeSkeptic/zlib-1.3.1/uncompr.c.
[43/47] Processing file /home/runner/work/CodeSkeptic/CodeSkeptic/zlib-1.3.1/build/CMakeFiles/3.31.6/CompilerIdC/CMakeCCompilerId.c.
[44/47] Processing file /home/runner/work/CodeSkeptic/CodeSkeptic/zlib-1.3.1/zutil.c.
[45/47] Processing file /home/runner/work/CodeSkeptic/CodeSkeptic/zlib-1.3.1/zutil.c.
[46/47] Processing file /home/runner/work/CodeSkeptic/CodeSkeptic/zlib-1.3.1/deflate.c.
[47/47] Processing file /home/runner/work/CodeSkeptic/CodeSkeptic/zlib-1.3.1/deflate.c.
[48/47] Processing file /home/runner/work/CodeSkeptic/CodeSkeptic/zlib-1.3.1/gzread.c.
[49/47] Processing file /home/runner/work/CodeSkeptic/CodeSkeptic/zlib-1.3.1/gzread.c.
[50/47] Processing file /home/runner/work/CodeSkeptic/CodeSkeptic/zlib-1.3.1/adler32.c.
[51/47] Processing file /home/runner/work/CodeSkeptic/CodeSkeptic/zlib-1.3.1/adler32.c.
[52/47] Processing file /home/runner/work/CodeSkeptic/CodeSkeptic/zlib-1.3.1/infback.c.
[53/47] Processing file /home/runner/work/CodeSkeptic/CodeSkeptic/zlib-1.3.1/infback.c.
[54/47] Processing file /home/runner/work/CodeSkeptic/CodeSkeptic/zlib-1.3.1/inffast.c.
[55/47] Processing file /home/runner/work/CodeSkeptic/CodeSkeptic/zlib-1.3.1/inffast.c.
[56/47] Processing file /home/runner/work/CodeSkeptic/CodeSkeptic/zlib-1.3.1/trees.c.
[57/47] Processing file /home/runner/work/CodeSkeptic/CodeSkeptic/zlib-1.3.1/trees.c.
[58/47] Processing file /home/runner/work/CodeSkeptic/CodeSkeptic/zlib-1.3.1/test/minigzip.c.
[59/47] Processing file /home/runner/work/CodeSkeptic/CodeSkeptic/zlib-1.3.1/test/minigzip.c.
[60/47] Processing file /home/runner/work/CodeSkeptic/CodeSkeptic/zlib-1.3.1/test/example.c.
[61/47] Processing file /home/runner/work/CodeSkeptic/CodeSkeptic/zlib-1.3.1/test/example.c.
[62/47] Processing file /home/runner/work/CodeSkeptic/CodeSkeptic/zlib-1.3.1/test/infcover.c.
[63/47] Processing file /home/runner/work/CodeSkeptic/CodeSkeptic/zlib-1.3.1/gzlib.c.
[64/47] Processing file /home/runner/work/CodeSkeptic/CodeSkeptic/zlib-1.3.1/gzlib.c.
[CodeSkeptic] 5 translation unit(s) failed to COMPILE and were skipped - findings from an error-recovery AST are unreliable. Fix the include paths/flags, or pass --analyze-broken-tus to analyze anyway:
  - /home/runner/work/CodeSkeptic/CodeSkeptic/zlib-1.3.1/contrib/iostream2/zstream_test.cpp
  - /home/runner/work/CodeSkeptic/CodeSkeptic/zlib-1.3.1/contrib/iostream/test.cpp
  - /home/runner/work/CodeSkeptic/CodeSkeptic/zlib-1.3.1/contrib/iostream/zfstream.cpp
  - /home/runner/work/CodeSkeptic/CodeSkeptic/zlib-1.3.1/contrib/testzlib/testzlib.c
  - /home/runner/work/CodeSkeptic/CodeSkeptic/zlib-1.3.1/contrib/minizip/iowin32.c
CodeSkeptic: 12 finding(s)
----------------------------------------
/home/runner/work/CodeSkeptic/CodeSkeptic/zlib-1.3.1/contrib/infback9/infback9.c:467:28 [warning] null-deref: Possible null dereference: 'lencode' may be null on some paths
    -> /home/runner/work/CodeSkeptic/CodeSkeptic/zlib-1.3.1/contrib/infback9/infback9.c:259:5 'lencode' assigned null here
    -> /home/runner/work/CodeSkeptic/CodeSkeptic/zlib-1.3.1/contrib/infback9/infback9.c:324:17 'lencode' assigned a possibly-null value here (callee may return null)
    -> /home/runner/work/CodeSkeptic/CodeSkeptic/zlib-1.3.1/contrib/infback9/infback9.c:460:24 'lencode' is also dereferenced here (same origin)
/home/runner/work/CodeSkeptic/CodeSkeptic/zlib-1.3.1/contrib/infback9/infback9.c:521:28 [warning] null-deref: Possible null dereference: 'distcode' may be null on some paths
    -> /home/runner/work/CodeSkeptic/CodeSkeptic/zlib-1.3.1/contrib/infback9/infback9.c:260:5 'distcode' assigned null here
    -> /home/runner/work/CodeSkeptic/CodeSkeptic/zlib-1.3.1/contrib/infback9/infback9.c:324:17 'distcode' assigned a possibly-null value here (callee may return null)
    -> /home/runner/work/CodeSkeptic/CodeSkeptic/zlib-1.3.1/contrib/infback9/infback9.c:437:13 'distcode' assigned a possibly-null value here (callee may return null)
    -> /home/runner/work/CodeSkeptic/CodeSkeptic/zlib-1.3.1/contrib/infback9/infback9.c:514:24 'distcode' is also dereferenced here (same origin)
/home/runner/work/CodeSkeptic/CodeSkeptic/zlib-1.3.1/contrib/untgz/untgz.c:136:3 [warning] bounds: possible buffer overflow: strcpy copies an unbounded amount into a fixed 1024-byte buffer; the source length is not checked (use a bounded copy or verify it fits)
/home/runner/work/CodeSkeptic/CodeSkeptic/zlib-1.3.1/contrib/untgz/untgz.c:259:3 [warning] null-deref: Possible null dereference: 'item' may be null on some paths
    -> /home/runner/work/CodeSkeptic/CodeSkeptic/zlib-1.3.1/contrib/untgz/untgz.c:256:3 'item' assigned a possibly-null value here (callee may return null)
    -> /home/runner/work/CodeSkeptic/CodeSkeptic/zlib-1.3.1/contrib/untgz/untgz.c:257:7 'item' is null on this branch (per this condition)
    -> /home/runner/work/CodeSkeptic/CodeSkeptic/zlib-1.3.1/contrib/untgz/untgz.c:260:3 'item' is also dereferenced here (same origin)
    -> /home/runner/work/CodeSkeptic/CodeSkeptic/zlib-1.3.1/contrib/untgz/untgz.c:261:3 'item' is also dereferenced here (same origin)
    -> /home/runner/work/CodeSkeptic/CodeSkeptic/zlib-1.3.1/contrib/untgz/untgz.c:262:3 'item' is also dereferenced here (same origin)
/home/runner/work/CodeSkeptic/CodeSkeptic/zlib-1.3.1/contrib/untgz/untgz.c:338:5 [warning] null-deref: Possible null dereference: 'buffer' may be null on some paths
    -> /home/runner/work/CodeSkeptic/CodeSkeptic/zlib-1.3.1/contrib/untgz/untgz.c:329:3 'buffer' assigned a possibly-null value here (callee may return null)
    -> /home/runner/work/CodeSkeptic/CodeSkeptic/zlib-1.3.1/contrib/untgz/untgz.c:331:14 'buffer' is also dereferenced here (same origin)
    -> /home/runner/work/CodeSkeptic/CodeSkeptic/zlib-1.3.1/contrib/untgz/untgz.c:337:7 'buffer' is also dereferenced here (same origin)
/home/runner/work/CodeSkeptic/CodeSkeptic/zlib-1.3.1/examples/gzappend.c:439:9 [warning] null-deref: Possible null dereference: 'out' may be null on some paths
    -> /home/runner/work/CodeSkeptic/CodeSkeptic/zlib-1.3.1/examples/gzappend.c:405:5 'out' assigned a possibly-null value here (callee may return null)
    -> /home/runner/work/CodeSkeptic/CodeSkeptic/zlib-1.3.1/examples/gzappend.c:406:9 'out' is null on this branch (per this condition)
    -> /home/runner/work/CodeSkeptic/CodeSkeptic/zlib-1.3.1/examples/gzappend.c:440:9 'out' is also dereferenced here (same origin)
    -> /home/runner/work/CodeSkeptic/CodeSkeptic/zlib-1.3.1/examples/gzappend.c:441:9 'out' is also dereferenced here (same origin)
    -> /home/runner/work/CodeSkeptic/CodeSkeptic/zlib-1.3.1/examples/gzappend.c:442:9 'out' is also dereferenced here (same origin)
    -> /home/runner/work/CodeSkeptic/CodeSkeptic/zlib-1.3.1/examples/gzappend.c:443:9 'out' is also dereferenced here (same origin)
    -> /home/runner/work/CodeSkeptic/CodeSkeptic/zlib-1.3.1/examples/gzappend.c:444:9 'out' is also dereferenced here (same origin)
    -> /home/runner/work/CodeSkeptic/CodeSkeptic/zlib-1.3.1/examples/gzappend.c:445:9 'out' is also dereferenced here (same origin)
    -> /home/runner/work/CodeSkeptic/CodeSkeptic/zlib-1.3.1/examples/gzappend.c:446:9 'out' is also dereferenced here (same origin)
/home/runner/work/CodeSkeptic/CodeSkeptic/zlib-1.3.1/examples/gzjoin.c:374:5 [warning] null-deref: Possible null dereference: 'in' may be null on some paths
    -> /home/runner/work/CodeSkeptic/CodeSkeptic/zlib-1.3.1/examples/gzjoin.c:292:5 'in' assigned a possibly-null value here (callee may return null)
    -> /home/runner/work/CodeSkeptic/CodeSkeptic/zlib-1.3.1/examples/gzjoin.c:293:9 'in' is null on this branch (per this condition)
    -> /home/runner/work/CodeSkeptic/CodeSkeptic/zlib-1.3.1/examples/gzjoin.c:312:13 'in' is also dereferenced here (same origin)
    -> /home/runner/work/CodeSkeptic/CodeSkeptic/zlib-1.3.1/examples/gzjoin.c:321:21 'in' is also dereferenced here (same origin)
    -> /home/runner/work/CodeSkeptic/CodeSkeptic/zlib-1.3.1/examples/gzjoin.c:322:13 'in' is also dereferenced here (same origin)
    -> /home/runner/work/CodeSkeptic/CodeSkeptic/zlib-1.3.1/examples/gzjoin.c:334:49 'in' is also dereferenced here (same origin)
    -> /home/runner/work/CodeSkeptic/CodeSkeptic/zlib-1.3.1/examples/gzjoin.c:355:21 'in' is also dereferenced here (same origin)
    -> /home/runner/work/CodeSkeptic/CodeSkeptic/zlib-1.3.1/examples/gzjoin.c:362:29 'in' is also dereferenced here (same origin)
    -> /home/runner/work/CodeSkeptic/CodeSkeptic/zlib-1.3.1/examples/gzjoin.c:363:21 'in' is also dereferenced here (same origin)
    -> /home/runner/work/CodeSkeptic/CodeSkeptic/zlib-1.3.1/examples/gzjoin.c:368:21 'in' is also dereferenced here (same origin)
/home/runner/work/CodeSkeptic/CodeSkeptic/zlib-1.3.1/examples/zran.c:236:5 [warning] null-deref: Possible null dereference: 'index' may be null on some paths
    -> /home/runner/work/CodeSkeptic/CodeSkeptic/zlib-1.3.1/examples/zran.c:144:5 'index' assigned null here
    -> /home/runner/work/CodeSkeptic/CodeSkeptic/zlib-1.3.1/examples/zran.c:179:13 'index' is null on this branch (per this condition)
    -> /home/runner/work/CodeSkeptic/CodeSkeptic/zlib-1.3.1/examples/zran.c:192:14 'index' is null on this branch (per this condition)
    -> /home/runner/work/CodeSkeptic/CodeSkeptic/zlib-1.3.1/examples/zran.c:200:17 'index' is null on this branch (per this condition)
    -> /home/runner/work/CodeSkeptic/CodeSkeptic/zlib-1.3.1/examples/zran.c:227:5 'index' is also dereferenced here (same origin)
    -> /home/runner/work/CodeSkeptic/CodeSkeptic/zlib-1.3.1/examples/zran.c:228:5 'index' is also dereferenced here (same origin)
    -> /home/runner/work/CodeSkeptic/CodeSkeptic/zlib-1.3.1/examples/zran.c:229:29 'index' is also dereferenced here (same origin)
    -> /home/runner/work/CodeSkeptic/CodeSkeptic/zlib-1.3.1/examples/zran.c:238:12 'index' is also dereferenced here (same origin)
/home/runner/work/CodeSkeptic/CodeSkeptic/zlib-1.3.1/gzlib.c:284:1 [warning] memory-leak: Memory leak: allocation stored in 'path' may not be freed
    -> /home/runner/work/CodeSkeptic/CodeSkeptic/zlib-1.3.1/gzlib.c:274:22 'path' allocated here
    -> /home/runner/work/CodeSkeptic/CodeSkeptic/zlib-1.3.1/gzlib.c:282:5 'path' freed here
/home/runner/work/CodeSkeptic/CodeSkeptic/zlib-1.3.1/gzread.c:399:43 [warning] div-by-zero: Possible division by zero: 'size' may be zero on some paths
    -> /home/runner/work/CodeSkeptic/CodeSkeptic/zlib-1.3.1/gzread.c:393:9 'size' is zero on this branch (per this condition)
/home/runner/work/CodeSkeptic/CodeSkeptic/zlib-1.3.1/gzwrite.c:283:44 [warning] div-by-zero: Possible division by zero: 'size' may be zero on some paths
    -> /home/runner/work/CodeSkeptic/CodeSkeptic/zlib-1.3.1/gzwrite.c:277:9 'size' is zero on this branch (per this condition)
/home/runner/work/CodeSkeptic/CodeSkeptic/zlib-1.3.1/test/infcover.c:273:1 [warning] memory-leak: Memory leak: allocation stored in 're' may not be freed
    -> /home/runner/work/CodeSkeptic/CodeSkeptic/zlib-1.3.1/test/infcover.c:271:5 're' allocated here
----------------------------------------
