=================================================================
==70==ERROR: AddressSanitizer: heap-buffer-overflow on address 0x7c0b8e3e0014 at pc 0x556b61d32d4e bp 0x7ffec38a8830 sp 0x7ffec38a8828
WRITE of size 4 at 0x7c0b8e3e0014 thread T0
    #0 0x556b61d32d4d in main /workspace/tests/sanitizer/AddressTripwire.cpp:6:21
    #1 0x7feb8f0c71c9 in __libc_start_call_main csu/../sysdeps/nptl/libc_start_call_main.h:58:16
    #2 0x7feb8f0c728a in __libc_start_main csu/../csu/libc-start.c:360:3
    #3 0x556b61c49354 in _start (/workspace/build-sanitizer-address-tests/tests/codeskeptic_sanitizer_tripwire+0x2c354) (BuildId: 417a8d3920cd41e57a2475a37961d75b8432826a)

0x7c0b8e3e0014 is located 0 bytes after 4-byte region [0x7c0b8e3e0010,0x7c0b8e3e0014)
allocated by thread T0 here:
    #0 0x556b61d31981 in operator new[](unsigned long) (/workspace/build-sanitizer-address-tests/tests/codeskeptic_sanitizer_tripwire+0x114981) (BuildId: 417a8d3920cd41e57a2475a37961d75b8432826a)
    #1 0x556b61d32cf7 in main /workspace/tests/sanitizer/AddressTripwire.cpp:5:19
    #2 0x7feb8f0c71c9 in __libc_start_call_main csu/../sysdeps/nptl/libc_start_call_main.h:58:16
    #3 0x7feb8f0c728a in __libc_start_main csu/../csu/libc-start.c:360:3
    #4 0x556b61c49354 in _start (/workspace/build-sanitizer-address-tests/tests/codeskeptic_sanitizer_tripwire+0x2c354) (BuildId: 417a8d3920cd41e57a2475a37961d75b8432826a)

SUMMARY: AddressSanitizer: heap-buffer-overflow /workspace/tests/sanitizer/AddressTripwire.cpp:6:21 in main
Shadow bytes around the buggy address:
  0x7c0b8e3dfd80: 00 00 00 00 00 00 00 00 00 00 00 00 00 00 00 00
  0x7c0b8e3dfe00: 00 00 00 00 00 00 00 00 00 00 00 00 00 00 00 00
  0x7c0b8e3dfe80: 00 00 00 00 00 00 00 00 00 00 00 00 00 00 00 00
  0x7c0b8e3dff00: 00 00 00 00 00 00 00 00 00 00 00 00 00 00 00 00
  0x7c0b8e3dff80: 00 00 00 00 00 00 00 00 00 00 00 00 00 00 00 00
=>0x7c0b8e3e0000: fa fa[04]fa fa fa fa fa fa fa fa fa fa fa fa fa
  0x7c0b8e3e0080: fa fa fa fa fa fa fa fa fa fa fa fa fa fa fa fa
  0x7c0b8e3e0100: fa fa fa fa fa fa fa fa fa fa fa fa fa fa fa fa
  0x7c0b8e3e0180: fa fa fa fa fa fa fa fa fa fa fa fa fa fa fa fa
  0x7c0b8e3e0200: fa fa fa fa fa fa fa fa fa fa fa fa fa fa fa fa
  0x7c0b8e3e0280: fa fa fa fa fa fa fa fa fa fa fa fa fa fa fa fa
Shadow byte legend (one shadow byte represents 8 application bytes):
  Addressable:           00
  Partially addressable: 01 02 03 04 05 06 07 
  Heap left redzone:       fa
  Freed heap region:       fd
  Stack left redzone:      f1
  Stack mid redzone:       f2
  Stack right redzone:     f3
  Stack after return:      f5
  Stack use after scope:   f8
  Global redzone:          f9
  Global init order:       f6
  Poisoned by user:        f7
  Container overflow:      fc
  Array cookie:            ac
  Intra object redzone:    bb
  ASan internal:           fe
  Left alloca redzone:     ca
  Right alloca redzone:    cb
==70==ABORTING
CODESKEPTIC_SANITIZER_GATE_OK runtime_tripwire
