INFO: Running with entropic power schedule (0xFF, 100).
INFO: Seed: 1001
INFO: Loaded 1 modules   (2563 inline 8-bit counters): 2563 [0x55ca00cb0ff8, 0x55ca00cb19fb), 
INFO: Loaded 1 PC tables (2563 PCs): 2563 [0x55ca00cb1a00,0x55ca00cbba30), 
INFO:        2 files found in /workspace/build/p10-05-sampling-final-address/codeskeptic-fuzz-3oxisp1g/corpus/config
INFO: seed corpus: files: 2 min: 81b max: 124b total: 205b rss: 85Mb
#3	INITED cov: 260 ft: 306 corp: 2/205b exec/s: 0 rss: 85Mb
#4	NEW    cov: 262 ft: 316 corp: 3/329b lim: 124 exec/s: 0 rss: 85Mb L: 124/124 MS: 1 CrossOver-
#5	NEW    cov: 262 ft: 318 corp: 4/453b lim: 124 exec/s: 0 rss: 85Mb L: 124/124 MS: 1 ChangeBinInt-
#6	NEW    cov: 263 ft: 319 corp: 5/577b lim: 124 exec/s: 0 rss: 85Mb L: 124/124 MS: 1 ChangeByte-
#7	NEW    cov: 265 ft: 332 corp: 6/701b lim: 124 exec/s: 0 rss: 85Mb L: 124/124 MS: 1 CrossOver-
#8	NEW    cov: 265 ft: 336 corp: 7/782b lim: 124 exec/s: 0 rss: 85Mb L: 81/124 MS: 1 ShuffleBytes-
#9	NEW    cov: 266 ft: 337 corp: 8/906b lim: 124 exec/s: 0 rss: 85Mb L: 124/124 MS: 1 ChangeBit-
#10	NEW    cov: 270 ft: 341 corp: 9/1030b lim: 124 exec/s: 0 rss: 85Mb L: 124/124 MS: 1 CopyPart-
#12	NEW    cov: 277 ft: 366 corp: 10/1152b lim: 124 exec/s: 0 rss: 86Mb L: 122/124 MS: 2 CrossOver-CrossOver-
#13	NEW    cov: 278 ft: 368 corp: 11/1274b lim: 124 exec/s: 0 rss: 86Mb L: 122/124 MS: 1 ChangeBinInt-
#16	NEW    cov: 278 ft: 369 corp: 12/1337b lim: 124 exec/s: 0 rss: 86Mb L: 63/124 MS: 3 ChangeBit-ChangeBinInt-EraseBytes-
#20	NEW    cov: 281 ft: 373 corp: 13/1461b lim: 124 exec/s: 0 rss: 86Mb L: 124/124 MS: 4 ChangeBit-CMP-ChangeBinInt-CrossOver- DE: "unknown_key"-
#21	NEW    cov: 282 ft: 443 corp: 14/1552b lim: 124 exec/s: 0 rss: 86Mb L: 91/124 MS: 1 InsertRepeatedBytes-
#23	NEW    cov: 282 ft: 448 corp: 15/1676b lim: 124 exec/s: 0 rss: 86Mb L: 124/124 MS: 2 ChangeByte-ShuffleBytes-
#26	NEW    cov: 288 ft: 459 corp: 16/1800b lim: 124 exec/s: 0 rss: 86Mb L: 124/124 MS: 3 ShuffleBytes-ChangeBit-CopyPart-
#34	NEW    cov: 288 ft: 461 corp: 17/1924b lim: 124 exec/s: 0 rss: 86Mb L: 124/124 MS: 3 ChangeBit-ChangeBit-ShuffleBytes-
#35	NEW    cov: 288 ft: 463 corp: 18/2048b lim: 124 exec/s: 0 rss: 86Mb L: 124/124 MS: 1 PersAutoDict- DE: "unknown_key"-
#36	NEW    cov: 288 ft: 464 corp: 19/2172b lim: 124 exec/s: 0 rss: 86Mb L: 124/124 MS: 1 ShuffleBytes-
#37	REDUCE cov: 288 ft: 464 corp: 19/2146b lim: 124 exec/s: 0 rss: 86Mb L: 65/124 MS: 1 EraseBytes-
#38	NEW    cov: 293 ft: 476 corp: 20/2149b lim: 124 exec/s: 0 rss: 87Mb L: 3/124 MS: 1 CrossOver-
#39	NEW    cov: 293 ft: 477 corp: 21/2241b lim: 124 exec/s: 0 rss: 87Mb L: 92/124 MS: 1 EraseBytes-
#41	NEW    cov: 296 ft: 480 corp: 22/2364b lim: 124 exec/s: 0 rss: 87Mb L: 123/124 MS: 2 InsertByte-CrossOver-
#43	NEW    cov: 296 ft: 481 corp: 23/2439b lim: 124 exec/s: 0 rss: 87Mb L: 75/124 MS: 2 ChangeBinInt-EraseBytes-
#51	NEW    cov: 296 ft: 482 corp: 24/2556b lim: 124 exec/s: 0 rss: 87Mb L: 117/124 MS: 3 ChangeByte-CrossOver-CrossOver-
#52	NEW    cov: 296 ft: 488 corp: 25/2678b lim: 124 exec/s: 0 rss: 87Mb L: 122/124 MS: 1 ShuffleBytes-
#53	NEW    cov: 296 ft: 495 corp: 26/2736b lim: 124 exec/s: 0 rss: 87Mb L: 58/124 MS: 1 EraseBytes-
#61	NEW    cov: 296 ft: 496 corp: 27/2783b lim: 124 exec/s: 0 rss: 87Mb L: 47/124 MS: 3 CMP-InsertByte-EraseBytes- DE: "\000\000\000\000\000\000\000\000"-
#63	NEW    cov: 297 ft: 497 corp: 28/2907b lim: 124 exec/s: 0 rss: 87Mb L: 124/124 MS: 2 ChangeByte-CopyPart-
#64	REDUCE cov: 297 ft: 497 corp: 28/2879b lim: 124 exec/s: 0 rss: 87Mb L: 96/124 MS: 1 EraseBytes-
#70	NEW    cov: 297 ft: 499 corp: 29/3003b lim: 124 exec/s: 0 rss: 88Mb L: 124/124 MS: 1 CrossOver-
#71	NEW    cov: 297 ft: 501 corp: 30/3127b lim: 124 exec/s: 0 rss: 88Mb L: 124/124 MS: 1 CopyPart-
#72	REDUCE cov: 297 ft: 501 corp: 30/3100b lim: 124 exec/s: 0 rss: 88Mb L: 97/124 MS: 1 EraseBytes-
#74	NEW    cov: 297 ft: 505 corp: 31/3166b lim: 124 exec/s: 0 rss: 88Mb L: 66/124 MS: 2 EraseBytes-CMP- DE: "\371\377\377\377"-
#83	NEW    cov: 297 ft: 506 corp: 32/3228b lim: 124 exec/s: 0 rss: 88Mb L: 62/124 MS: 4 ChangeBinInt-ChangeByte-ChangeByte-PersAutoDict- DE: "\371\377\377\377"-
#87	NEW    cov: 297 ft: 509 corp: 33/3352b lim: 124 exec/s: 0 rss: 88Mb L: 124/124 MS: 4 ChangeBinInt-PersAutoDict-ChangeBit-CrossOver- DE: "unknown_key"-
#93	NEW    cov: 298 ft: 510 corp: 34/3476b lim: 124 exec/s: 0 rss: 88Mb L: 124/124 MS: 1 CrossOver-
#98	NEW    cov: 298 ft: 511 corp: 35/3529b lim: 124 exec/s: 0 rss: 89Mb L: 53/124 MS: 5 ShuffleBytes-EraseBytes-ChangeBit-ChangeBit-PersAutoDict- DE: "unknown_key"-
#100	REDUCE cov: 298 ft: 512 corp: 36/3642b lim: 124 exec/s: 0 rss: 89Mb L: 113/124 MS: 2 ChangeBit-InsertRepeatedBytes-
#108	NEW    cov: 301 ft: 516 corp: 37/3687b lim: 124 exec/s: 0 rss: 89Mb L: 45/124 MS: 3 ShuffleBytes-CopyPart-CrossOver-
#109	REDUCE cov: 301 ft: 516 corp: 37/3679b lim: 124 exec/s: 0 rss: 89Mb L: 57/124 MS: 1 EraseBytes-
#115	NEW    cov: 301 ft: 518 corp: 38/3803b lim: 124 exec/s: 0 rss: 89Mb L: 124/124 MS: 1 CopyPart-
#129	NEW    cov: 301 ft: 520 corp: 39/3825b lim: 124 exec/s: 0 rss: 90Mb L: 22/124 MS: 4 ChangeBit-EraseBytes-EraseBytes-EraseBytes-
#133	NEW    cov: 301 ft: 521 corp: 40/3911b lim: 124 exec/s: 0 rss: 90Mb L: 86/124 MS: 4 CopyPart-ChangeBinInt-EraseBytes-ChangeByte-
#134	NEW    cov: 301 ft: 529 corp: 41/4033b lim: 124 exec/s: 0 rss: 90Mb L: 122/124 MS: 1 ShuffleBytes-
#142	NEW    cov: 301 ft: 530 corp: 42/4075b lim: 124 exec/s: 0 rss: 90Mb L: 42/124 MS: 3 ChangeBinInt-ChangeByte-EraseBytes-
#150	NEW    cov: 301 ft: 531 corp: 43/4199b lim: 124 exec/s: 0 rss: 90Mb L: 124/124 MS: 3 ChangeBinInt-ShuffleBytes-CrossOver-
#153	NEW    cov: 301 ft: 532 corp: 44/4323b lim: 124 exec/s: 0 rss: 90Mb L: 124/124 MS: 3 CMP-CrossOver-ChangeBinInt- DE: "em"-
#164	REDUCE cov: 301 ft: 532 corp: 44/4293b lim: 124 exec/s: 0 rss: 90Mb L: 33/124 MS: 1 EraseBytes-
#166	NEW    cov: 301 ft: 533 corp: 45/4417b lim: 124 exec/s: 0 rss: 90Mb L: 124/124 MS: 2 ChangeBit-CopyPart-
#171	NEW    cov: 301 ft: 534 corp: 46/4522b lim: 124 exec/s: 0 rss: 91Mb L: 105/124 MS: 5 ChangeBinInt-ChangeBit-PersAutoDict-CrossOver-PersAutoDict- DE: "em"-"em"-
#199	NEW    cov: 301 ft: 535 corp: 47/4646b lim: 124 exec/s: 0 rss: 91Mb L: 124/124 MS: 3 PersAutoDict-CrossOver-CopyPart- DE: "\000\000\000\000\000\000\000\000"-
#224	REDUCE cov: 301 ft: 535 corp: 47/4645b lim: 124 exec/s: 0 rss: 91Mb L: 61/124 MS: 5 InsertByte-ChangeBinInt-CrossOver-CrossOver-EraseBytes-
#243	REDUCE cov: 301 ft: 535 corp: 47/4644b lim: 124 exec/s: 0 rss: 92Mb L: 123/124 MS: 4 ChangeByte-ShuffleBytes-ChangeBit-EraseBytes-
#256	DONE   cov: 301 ft: 535 corp: 47/4644b lim: 124 exec/s: 0 rss: 92Mb
###### Recommended dictionary. ######
"unknown_key" # Uses: 5
"\000\000\000\000\000\000\000\000" # Uses: 3
"\371\377\377\377" # Uses: 2
"em" # Uses: 5
###### End of recommended dictionary. ######
Done 256 runs in 0 second(s)
