INFO: Running with entropic power schedule (0xFF, 100).
INFO: Seed: 1004
INFO: Loaded 1 modules   (580196 inline 8-bit counters): 580196 [0x55df8e203290, 0x55df8e290cf4), 
INFO: Loaded 1 PC tables (580196 PCs): 580196 [0x55df8e290cf8,0x55df8eb6b338), 
INFO:        3 files found in /workspace/build/p10-05-windows-final-address/codeskeptic-fuzz-hk8s_rgo/corpus/mcp_json_rpc
INFO: seed corpus: files: 3 min: 34b max: 153b total: 228b rss: 117Mb
#5	INITED cov: 313 ft: 366 corp: 3/228b exec/s: 0 rss: 118Mb
#6	NEW    cov: 316 ft: 369 corp: 4/269b lim: 153 exec/s: 0 rss: 118Mb L: 41/153 MS: 1 ChangeBit-
#35	REDUCE cov: 316 ft: 369 corp: 4/266b lim: 153 exec/s: 0 rss: 120Mb L: 31/153 MS: 4 CMP-ChangeBinInt-ShuffleBytes-EraseBytes- DE: "\011\000"-
#36	NEW    cov: 330 ft: 399 corp: 5/399b lim: 153 exec/s: 0 rss: 121Mb L: 133/153 MS: 1 EraseBytes-
	NEW_FUNC[1/1]: 0x55df8a2d82c0 in std::__cxx11::basic_string<char, std::char_traits<char>, std::allocator<char>> std::operator+<char, std::char_traits<char>, std::allocator<char>>(char const*, std::__cxx11::basic_string<char, std::char_traits<char>, std::allocator<char>>&&) /usr/lib/gcc/x86_64-linux-gnu/13/../../../../include/c++/13/bits/basic_string.h:3676
#47	NEW    cov: 336 ft: 410 corp: 6/533b lim: 153 exec/s: 0 rss: 122Mb L: 134/153 MS: 1 InsertByte-
#48	REDUCE cov: 336 ft: 410 corp: 6/529b lim: 153 exec/s: 0 rss: 122Mb L: 27/153 MS: 1 EraseBytes-
#59	NEW    cov: 337 ft: 411 corp: 7/677b lim: 153 exec/s: 0 rss: 123Mb L: 148/153 MS: 1 InsertRepeatedBytes-
#61	NEW    cov: 340 ft: 414 corp: 8/727b lim: 153 exec/s: 0 rss: 123Mb L: 50/153 MS: 2 ChangeByte-CMP- DE: "free_func"-
#79	NEW    cov: 346 ft: 421 corp: 9/871b lim: 153 exec/s: 0 rss: 124Mb L: 144/153 MS: 3 PersAutoDict-InsertByte-InsertByte- DE: "free_func"-
#126	NEW    cov: 348 ft: 423 corp: 10/878b lim: 153 exec/s: 0 rss: 128Mb L: 7/153 MS: 2 ChangeBit-CrossOver-
#132	NEW    cov: 349 ft: 424 corp: 11/919b lim: 153 exec/s: 0 rss: 128Mb L: 41/153 MS: 1 ChangeASCIIInt-
#164	NEW    cov: 349 ft: 435 corp: 12/1072b lim: 153 exec/s: 0 rss: 130Mb L: 153/153 MS: 2 ChangeASCIIInt-ChangeBit-
#256	DONE   cov: 349 ft: 435 corp: 12/1072b lim: 153 exec/s: 0 rss: 134Mb
###### Recommended dictionary. ######
"\011\000" # Uses: 13
"free_func" # Uses: 6
###### End of recommended dictionary. ######
Done 256 runs in 0 second(s)
