[CodeSkeptic] Analysis starting... (55 files, 12 rules)
[CodeSkeptic] Analysis starting... (1 files, 12 rules)
[CodeSkeptic] Analysis starting... (1 files, 12 rules)
[CodeSkeptic] Analysis starting... (1 files, 12 rules)
[CodeSkeptic] Analysis starting... (1 files, 12 rules)
[CodeSkeptic] Analysis starting... (1 files, 12 rules)
[CodeSkeptic] Analysis starting... (1 files, 12 rules)
[CodeSkeptic] Analysis starting... (1 files, 12 rules)
[CodeSkeptic] Analysis starting... (1 files, 12 rules)
[CodeSkeptic] Analysis starting... (1 files, 12 rules)
[CodeSkeptic] Analysis starting... (1 files, 12 rules)
[CodeSkeptic] Analysis starting... (1 files, 12 rules)
[CodeSkeptic] Analysis starting... (1 files, 12 rules)
[CodeSkeptic] Analysis starting... (1 files, 12 rules)
[CodeSkeptic] Analysis starting... (1 files, 12 rules)
[CodeSkeptic] Analysis starting... (1 files, 12 rules)
[CodeSkeptic] Analysis starting... (1 files, 12 rules)
[CodeSkeptic] Analysis starting... (1 files, 12 rules)
[CodeSkeptic] Analysis starting... (1 files, 12 rules)
[CodeSkeptic] Analysis starting... (1 files, 12 rules)
[CodeSkeptic] Analysis starting... (1 files, 12 rules)
[CodeSkeptic] Analysis starting... (1 files, 12 rules)
[CodeSkeptic] Analysis starting... (1 files, 12 rules)
[CodeSkeptic] Analysis starting... (1 files, 12 rules)
[CodeSkeptic] Analysis starting... (1 files, 12 rules)
[CodeSkeptic] Analysis starting... (1 files, 12 rules)
[CodeSkeptic] Analysis starting... (1 files, 12 rules)
[CodeSkeptic] Analysis starting... (1 files, 12 rules)
[CodeSkeptic] Analysis starting... (1 files, 12 rules)
[CodeSkeptic] Analysis starting... (1 files, 12 rules)
[CodeSkeptic] Analysis starting... (1 files, 12 rules)
[CodeSkeptic] Analysis starting... (1 files, 12 rules)
[CodeSkeptic] Analysis starting... (1 files, 12 rules)
[CodeSkeptic] Analysis starting... (1 files, 12 rules)
[CodeSkeptic] Analysis starting... (1 files, 12 rules)
[CodeSkeptic] Analysis starting... (1 files, 12 rules)
[CodeSkeptic] Analysis starting... (1 files, 12 rules)
[CodeSkeptic] Analysis starting... (1 files, 12 rules)
[CodeSkeptic] Analysis starting... (1 files, 12 rules)
[CodeSkeptic] Analysis starting... (1 files, 12 rules)
[CodeSkeptic] Analysis starting... (1 files, 12 rules)
[CodeSkeptic] Analysis starting... (1 files, 12 rules)
[CodeSkeptic] Analysis starting... (1 files, 12 rules)
[CodeSkeptic] Analysis starting... (1 files, 12 rules)
[CodeSkeptic] Analysis starting... (1 files, 12 rules)
[CodeSkeptic] Analysis starting... (1 files, 12 rules)
[CodeSkeptic] Analysis starting... (1 files, 12 rules)
[CodeSkeptic] Analysis starting... (1 files, 12 rules)
[CodeSkeptic] Analysis starting... (1 files, 12 rules)
[CodeSkeptic] Analysis starting... (1 files, 12 rules)
[CodeSkeptic] Analysis starting... (1 files, 12 rules)
[CodeSkeptic] Analysis starting... (1 files, 12 rules)
[CodeSkeptic] Analysis starting... (1 files, 12 rules)
[CodeSkeptic] Analysis starting... (1 files, 12 rules)
[CodeSkeptic] Analysis starting... (1 files, 12 rules)
[CodeSkeptic] 1 finding(s) suppressed by source comments
[CodeSkeptic] Analysis starting... (1 files, 12 rules)
/work/src/source_manager/SourceManager.cpp:451:13: warning: braces around scalar initializer [-Wbraced-scalar-init]
  451 |             {"-fparse-all-comments"},
      |             ^~~~~~~~~~~~~~~~~~~~~~~~
1 warning generated.
