[1/62] Building CXX object src/CMakeFiles/codeskeptic_core.dir/core/Messages.cpp.o
[2/62] Building CXX object src/CMakeFiles/codeskeptic_core.dir/core/Capabilities.cpp.o
[3/62] Building CXX object src/CMakeFiles/codeskeptic_core.dir/core/FindingFingerprint.cpp.o
[4/62] Building CXX object src/CMakeFiles/codeskeptic_core.dir/core/FunctionFilter.cpp.o
[5/62] Building CXX object src/CMakeFiles/codeskeptic_core.dir/core/ResourceSupervisor.cpp.o
[6/62] Building CXX object src/CMakeFiles/codeskeptic_core.dir/source_manager/ResourceDir.cpp.o
[7/62] Building CXX object src/CMakeFiles/codeskeptic_core.dir/engine/AllocFunctions.cpp.o
[8/62] Building CXX object src/CMakeFiles/codeskeptic_core.dir/source_manager/SourceManager.cpp.o
/work/src/source_manager/SourceManager.cpp:451:13: warning: braces around scalar initializer [-Wbraced-scalar-init]
  451 |             {"-fparse-all-comments"},
      |             ^~~~~~~~~~~~~~~~~~~~~~~~
1 warning generated.
[9/62] Building CXX object src/CMakeFiles/codeskeptic_core.dir/engine/CfgCache.cpp.o
[10/62] Building CXX object src/CMakeFiles/codeskeptic_core.dir/engine/AssertGuards.cpp.o
[11/62] Building CXX object src/CMakeFiles/codeskeptic_core.dir/engine/FatalCalls.cpp.o
[12/62] Building CXX object src/CMakeFiles/codeskeptic_core.dir/engine/RuleEngine.cpp.o
[13/62] Building CXX object src/CMakeFiles/codeskeptic_core.dir/engine/SummaryDiff.cpp.o
[14/62] Building CXX object src/CMakeFiles/codeskeptic_core.dir/engine/ImmutableFlags.cpp.o
[15/62] Building CXX object src/CMakeFiles/codeskeptic_core.dir/engine/PathFacts.cpp.o
[16/62] Building CXX object src/CMakeFiles/codeskeptic_core.dir/engine/Interval.cpp.o
[17/62] Building CXX object src/CMakeFiles/codeskeptic_core.dir/engine/IntervalEval.cpp.o
[18/62] Building CXX object src/CMakeFiles/codeskeptic_core.dir/engine/ExtentMap.cpp.o
[19/62] Building CXX object src/CMakeFiles/codeskeptic_core.dir/engine/ParamIntervals.cpp.o
[20/62] Building CXX object src/CMakeFiles/codeskeptic_core.dir/engine/CoverageReport.cpp.o
[21/62] Building CXX object src/CMakeFiles/codeskeptic_core.dir/engine/AssumptionMode.cpp.o
[22/62] Building CXX object src/CMakeFiles/codeskeptic_core.dir/reporter/ConsoleReporter.cpp.o
[23/62] Building CXX object src/CMakeFiles/codeskeptic_core.dir/reporter/HtmlReporter.cpp.o
[24/62] Building CXX object src/CMakeFiles/codeskeptic_core.dir/reporter/JsonReporter.cpp.o
[25/62] Building CXX object src/CMakeFiles/codeskeptic_core.dir/reporter/SarifReporter.cpp.o
[26/62] Building CXX object src/CMakeFiles/codeskeptic_core.dir/config/Config.cpp.o
[27/62] Building CXX object src/CMakeFiles/codeskeptic_core.dir/analyzer/StaticAnalyzer.cpp.o
[28/62] Building CXX object src/CMakeFiles/codeskeptic_core.dir/analyzer/AnalysisCoordinator.cpp.o
[29/62] Building CXX object src/CMakeFiles/codeskeptic_core.dir/analyzer/WorkerProtocol.cpp.o
[30/62] Building CXX object src/CMakeFiles/codeskeptic_core.dir/analyzer/UnitEvidenceStore.cpp.o
[31/62] Building CXX object src/CMakeFiles/codeskeptic_core.dir/analyzer/WorkerRuntime.cpp.o
[32/62] Building CXX object src/CMakeFiles/codeskeptic_core.dir/analyzer/DefaultRules.cpp.o
[33/62] Building CXX object src/CMakeFiles/codeskeptic_core.dir/analyzer/SuppressionFilter.cpp.o
[34/62] Building CXX object src/CMakeFiles/codeskeptic_core.dir/analyzer/Baseline.cpp.o
[35/62] Building CXX object src/CMakeFiles/codeskeptic_core.dir/server/McpServer.cpp.o
[36/62] Building CXX object src/CMakeFiles/codeskeptic_core.dir/rules/UninitPointerRule_Ex.cpp.o
[37/62] Building CXX object src/CMakeFiles/codeskeptic_core.dir/engine/FunctionSummary.cpp.o
[38/62] Building CXX object src/CMakeFiles/codeskeptic_core.dir/rules/FdResourceRule.cpp.o
[39/62] Building CXX object src/CMakeFiles/codeskeptic_core.dir/rules/MemoryLeakRule_Ex.cpp.o
[40/62] Building CXX object src/CMakeFiles/codeskeptic_core.dir/rules/IntOverflowRule.cpp.o
[41/62] Building CXX object src/CMakeFiles/codeskeptic_core.dir/rules/DivByZeroRule.cpp.o
[42/62] Building CXX object src/CMakeFiles/codeskeptic_core.dir/rules/SignConversionRule.cpp.o
[43/62] Building CXX object src/CMakeFiles/codeskeptic_core.dir/rules/AllocSizeOverflowRule.cpp.o
[44/62] Building CXX object src/CMakeFiles/codeskeptic_core.dir/rules/BoundsRule.cpp.o
[45/62] Building CXX object src/CMakeFiles/codeskeptic_core.dir/rules/AssumptionRule.cpp.o
[46/62] Building CXX object src/CMakeFiles/codeskeptic_core.dir/rules/NullDerefRule.cpp.o
[47/62] Building CXX object src/CMakeFiles/codeskeptic_core.dir/rules/ContractRule.cpp.o
[48/62] Building CXX object src/CMakeFiles/codeskeptic_core.dir/contracts/ContractParser.cpp.o
[49/62] Building CXX object src/CMakeFiles/codeskeptic_core.dir/rules/PolicyRule.cpp.o
[50/62] Building CXX object src/CMakeFiles/codeskeptic_core.dir/contracts/ContractInfo.cpp.o
[51/62] Building CXX object src/CMakeFiles/codeskeptic_core.dir/contracts/Policy.cpp.o
[52/62] Building CXX object src/CMakeFiles/codeskeptic_core.dir/contracts/GuardContracts.cpp.o
[53/62] Building CXX object fuzz/CMakeFiles/codeskeptic_fuzz_config.dir/FuzzConfig.cpp.o
[54/62] Building CXX object fuzz/CMakeFiles/codeskeptic_fuzz_compile_database.dir/FuzzCompileDatabase.cpp.o
[55/62] Building CXX object fuzz/CMakeFiles/codeskeptic_fuzz_summary.dir/FuzzSummary.cpp.o
[56/62] Building CXX object src/CMakeFiles/codeskeptic_core.dir/contracts/Sidecar.cpp.o
[57/62] Linking CXX static library src/libcodeskeptic_core.a
[58/62] Linking CXX executable fuzz/codeskeptic_fuzz_config
[59/62] Building CXX object fuzz/CMakeFiles/codeskeptic_fuzz_mcp_json_rpc.dir/FuzzMcpJsonRpc.cpp.o
[60/62] Linking CXX executable fuzz/codeskeptic_fuzz_compile_database
[61/62] Linking CXX executable fuzz/codeskeptic_fuzz_summary
[62/62] Linking CXX executable fuzz/codeskeptic_fuzz_mcp_json_rpc
CODESKEPTIC_SANITIZER_GATE_OK build_fuzz
