INFO: Running with entropic power schedule (0xFF, 100).
INFO: Seed: 1001
INFO: Loaded 1 modules   (2632 inline 8-bit counters): 2632 [0x55a174868ff8, 0x55a174869a40), 
INFO: Loaded 1 PC tables (2632 PCs): 2632 [0x55a174869a40,0x55a174873ec0), 
INFO:        2 files found in /work/docs/evidence/phase10/sanitizers/.staging-cache-linux-x86_64/address/codeskeptic-fuzz-zeg1j755/corpus/config
INFO: seed corpus: files: 2 min: 81b max: 124b total: 205b rss: 84Mb
#3	INITED cov: 263 ft: 309 corp: 2/205b exec/s: 0 rss: 85Mb
#4	NEW    cov: 265 ft: 319 corp: 3/329b lim: 124 exec/s: 0 rss: 85Mb L: 124/124 MS: 1 CrossOver-
#5	NEW    cov: 265 ft: 321 corp: 4/453b lim: 124 exec/s: 0 rss: 85Mb L: 124/124 MS: 1 ChangeBinInt-
#6	NEW    cov: 266 ft: 322 corp: 5/577b lim: 124 exec/s: 0 rss: 85Mb L: 124/124 MS: 1 ChangeByte-
#7	NEW    cov: 268 ft: 335 corp: 6/701b lim: 124 exec/s: 0 rss: 85Mb L: 124/124 MS: 1 CrossOver-
#8	NEW    cov: 268 ft: 339 corp: 7/782b lim: 124 exec/s: 0 rss: 85Mb L: 81/124 MS: 1 ShuffleBytes-
#9	NEW    cov: 269 ft: 340 corp: 8/906b lim: 124 exec/s: 0 rss: 85Mb L: 124/124 MS: 1 ChangeBit-
#10	NEW    cov: 273 ft: 344 corp: 9/1030b lim: 124 exec/s: 0 rss: 85Mb L: 124/124 MS: 1 CopyPart-
#12	NEW    cov: 280 ft: 369 corp: 10/1152b lim: 124 exec/s: 0 rss: 85Mb L: 122/124 MS: 2 CrossOver-CrossOver-
#13	NEW    cov: 281 ft: 372 corp: 11/1274b lim: 124 exec/s: 0 rss: 85Mb L: 122/124 MS: 1 ChangeBinInt-
#16	NEW    cov: 281 ft: 373 corp: 12/1337b lim: 124 exec/s: 0 rss: 85Mb L: 63/124 MS: 3 ChangeBit-ChangeBinInt-EraseBytes-
#20	NEW    cov: 284 ft: 377 corp: 13/1461b lim: 124 exec/s: 0 rss: 85Mb L: 124/124 MS: 4 ChangeBit-CMP-ChangeBinInt-CrossOver- DE: "unknown_key"-
#21	NEW    cov: 285 ft: 449 corp: 14/1552b lim: 124 exec/s: 0 rss: 85Mb L: 91/124 MS: 1 InsertRepeatedBytes-
#23	NEW    cov: 285 ft: 454 corp: 15/1676b lim: 124 exec/s: 0 rss: 85Mb L: 124/124 MS: 2 ChangeByte-ShuffleBytes-
#26	NEW    cov: 291 ft: 465 corp: 16/1800b lim: 124 exec/s: 0 rss: 86Mb L: 124/124 MS: 3 ShuffleBytes-ChangeBit-CopyPart-
#34	NEW    cov: 291 ft: 467 corp: 17/1924b lim: 124 exec/s: 0 rss: 86Mb L: 124/124 MS: 3 ChangeBit-ChangeBit-ShuffleBytes-
#35	NEW    cov: 291 ft: 469 corp: 18/2048b lim: 124 exec/s: 0 rss: 86Mb L: 124/124 MS: 1 PersAutoDict- DE: "unknown_key"-
#39	NEW    cov: 291 ft: 470 corp: 19/2162b lim: 124 exec/s: 0 rss: 86Mb L: 114/124 MS: 4 ShuffleBytes-PersAutoDict-EraseBytes-PersAutoDict- DE: "unknown_key"-"unknown_key"-
#40	NEW    cov: 291 ft: 484 corp: 20/2195b lim: 124 exec/s: 0 rss: 86Mb L: 33/124 MS: 1 CrossOver-
#57	NEW    cov: 291 ft: 490 corp: 21/2312b lim: 124 exec/s: 0 rss: 87Mb L: 117/124 MS: 2 ChangeBinInt-EraseBytes-
#61	NEW    cov: 291 ft: 500 corp: 22/2435b lim: 124 exec/s: 0 rss: 87Mb L: 123/124 MS: 4 ChangeBit-ChangeByte-CopyPart-CrossOver-
#63	REDUCE cov: 291 ft: 500 corp: 22/2417b lim: 124 exec/s: 0 rss: 87Mb L: 104/124 MS: 2 ChangeBit-EraseBytes-
#66	REDUCE cov: 291 ft: 500 corp: 22/2410b lim: 124 exec/s: 0 rss: 87Mb L: 117/124 MS: 3 ChangeByte-ShuffleBytes-EraseBytes-
#69	NEW    cov: 292 ft: 501 corp: 23/2534b lim: 124 exec/s: 0 rss: 87Mb L: 124/124 MS: 3 ShuffleBytes-ChangeByte-CopyPart-
#70	REDUCE cov: 292 ft: 501 corp: 23/2506b lim: 124 exec/s: 0 rss: 87Mb L: 96/124 MS: 1 EraseBytes-
#77	NEW    cov: 292 ft: 503 corp: 24/2630b lim: 124 exec/s: 0 rss: 87Mb L: 124/124 MS: 2 PersAutoDict-CrossOver- DE: "unknown_key"-
#78	NEW    cov: 293 ft: 512 corp: 25/2711b lim: 124 exec/s: 0 rss: 87Mb L: 81/124 MS: 1 CopyPart-
#79	NEW    cov: 294 ft: 514 corp: 26/2808b lim: 124 exec/s: 0 rss: 88Mb L: 97/124 MS: 1 EraseBytes-
#86	NEW    cov: 297 ft: 517 corp: 27/2932b lim: 124 exec/s: 0 rss: 88Mb L: 124/124 MS: 2 ChangeBinInt-CopyPart-
#89	NEW    cov: 299 ft: 523 corp: 28/3006b lim: 124 exec/s: 0 rss: 88Mb L: 74/124 MS: 3 InsertRepeatedBytes-ShuffleBytes-EraseBytes-
#90	REDUCE cov: 299 ft: 523 corp: 28/2995b lim: 124 exec/s: 0 rss: 88Mb L: 113/124 MS: 1 EraseBytes-
#94	NEW    cov: 300 ft: 524 corp: 29/3077b lim: 124 exec/s: 0 rss: 88Mb L: 82/124 MS: 4 ChangeBinInt-ShuffleBytes-InsertByte-CrossOver-
#106	NEW    cov: 300 ft: 525 corp: 30/3201b lim: 124 exec/s: 0 rss: 89Mb L: 124/124 MS: 2 CrossOver-CopyPart-
#111	NEW    cov: 300 ft: 527 corp: 31/3218b lim: 124 exec/s: 0 rss: 89Mb L: 17/124 MS: 5 CrossOver-ChangeByte-EraseBytes-InsertRepeatedBytes-CrossOver-
#127	REDUCE cov: 300 ft: 527 corp: 31/3203b lim: 124 exec/s: 0 rss: 89Mb L: 109/124 MS: 1 CrossOver-
#132	NEW    cov: 300 ft: 528 corp: 32/3281b lim: 124 exec/s: 0 rss: 89Mb L: 78/124 MS: 5 PersAutoDict-PersAutoDict-ChangeBit-CrossOver-CrossOver- DE: "unknown_key"-"unknown_key"-
#134	NEW    cov: 300 ft: 529 corp: 33/3379b lim: 124 exec/s: 0 rss: 89Mb L: 98/124 MS: 2 EraseBytes-CrossOver-
#135	REDUCE cov: 300 ft: 529 corp: 33/3377b lim: 124 exec/s: 0 rss: 89Mb L: 107/124 MS: 1 EraseBytes-
#138	NEW    cov: 301 ft: 530 corp: 34/3501b lim: 124 exec/s: 0 rss: 90Mb L: 124/124 MS: 3 PersAutoDict-ShuffleBytes-ChangeByte- DE: "unknown_key"-
#142	NEW    cov: 301 ft: 531 corp: 35/3548b lim: 124 exec/s: 0 rss: 90Mb L: 47/124 MS: 4 ChangeBinInt-ChangeBinInt-CrossOver-ShuffleBytes-
#147	NEW    cov: 301 ft: 532 corp: 36/3671b lim: 124 exec/s: 0 rss: 90Mb L: 123/124 MS: 5 ChangeByte-CopyPart-ChangeBit-ChangeBinInt-ChangeBinInt-
#153	NEW    cov: 304 ft: 535 corp: 37/3795b lim: 124 exec/s: 0 rss: 90Mb L: 124/124 MS: 1 InsertByte-
#158	NEW    cov: 308 ft: 545 corp: 38/3906b lim: 124 exec/s: 0 rss: 90Mb L: 111/124 MS: 5 CopyPart-ChangeBit-CopyPart-InsertByte-CopyPart-
#160	REDUCE cov: 308 ft: 545 corp: 38/3880b lim: 124 exec/s: 0 rss: 90Mb L: 98/124 MS: 2 CopyPart-EraseBytes-
#161	NEW    cov: 308 ft: 546 corp: 39/3991b lim: 124 exec/s: 0 rss: 90Mb L: 111/124 MS: 1 ChangeByte-
#189	REDUCE cov: 308 ft: 546 corp: 39/3981b lim: 124 exec/s: 0 rss: 91Mb L: 103/124 MS: 3 ChangeByte-ShuffleBytes-EraseBytes-
#207	NEW    cov: 308 ft: 549 corp: 40/4105b lim: 124 exec/s: 0 rss: 91Mb L: 124/124 MS: 3 ChangeBit-CopyPart-CopyPart-
#217	NEW    cov: 308 ft: 550 corp: 41/4229b lim: 124 exec/s: 0 rss: 91Mb L: 124/124 MS: 5 ShuffleBytes-ChangeByte-CMP-ChangeBit-CrossOver- DE: "untrusted_int_sources"-
#224	REDUCE cov: 308 ft: 550 corp: 41/4184b lim: 124 exec/s: 0 rss: 91Mb L: 62/124 MS: 2 CrossOver-CrossOver-
#241	REDUCE cov: 310 ft: 553 corp: 42/4288b lim: 124 exec/s: 0 rss: 92Mb L: 104/124 MS: 2 ChangeByte-InsertByte-
#247	NEW    cov: 313 ft: 559 corp: 43/4412b lim: 124 exec/s: 0 rss: 92Mb L: 124/124 MS: 1 CrossOver-
#256	DONE   cov: 313 ft: 559 corp: 43/4412b lim: 124 exec/s: 0 rss: 92Mb
###### Recommended dictionary. ######
"unknown_key" # Uses: 17
"untrusted_int_sources" # Uses: 1
###### End of recommended dictionary. ######
Done 256 runs in 0 second(s)
