INFO: Running with entropic power schedule (0xFF, 100).
INFO: Seed: 1004
INFO: Loaded 1 modules   (584602 inline 8-bit counters): 584602 [0x55cd6ef48390, 0x55cd6efd6f2a), 
INFO: Loaded 1 PC tables (584602 PCs): 584602 [0x55cd6efd6f30,0x55cd6f8c28d0), 
INFO:        3 files found in /work/docs/evidence/phase10/sanitizers/.staging-cache-linux-x86_64/address/codeskeptic-fuzz-zeg1j755/corpus/mcp_json_rpc
INFO: seed corpus: files: 3 min: 34b max: 153b total: 228b rss: 117Mb
#5	INITED cov: 314 ft: 368 corp: 3/228b exec/s: 0 rss: 118Mb
#6	NEW    cov: 317 ft: 371 corp: 4/269b lim: 153 exec/s: 0 rss: 118Mb L: 41/153 MS: 1 ChangeBit-
#35	REDUCE cov: 317 ft: 371 corp: 4/266b lim: 153 exec/s: 0 rss: 121Mb L: 31/153 MS: 4 CMP-ChangeBinInt-ShuffleBytes-EraseBytes- DE: "\011\000"-
#36	NEW    cov: 331 ft: 401 corp: 5/399b lim: 153 exec/s: 0 rss: 121Mb L: 133/153 MS: 1 EraseBytes-
	NEW_FUNC[1/1]: 0x55cd6afc55e0 in std::__cxx11::basic_string<char, std::char_traits<char>, std::allocator<char>> std::operator+<char, std::char_traits<char>, std::allocator<char>>(char const*, std::__cxx11::basic_string<char, std::char_traits<char>, std::allocator<char>>&&) /usr/lib/gcc/x86_64-linux-gnu/14/../../../../include/c++/14/bits/basic_string.h:3721
#47	NEW    cov: 337 ft: 412 corp: 6/533b lim: 153 exec/s: 0 rss: 122Mb L: 134/153 MS: 1 InsertByte-
#48	REDUCE cov: 337 ft: 412 corp: 6/529b lim: 153 exec/s: 0 rss: 122Mb L: 27/153 MS: 1 EraseBytes-
#59	NEW    cov: 338 ft: 413 corp: 7/677b lim: 153 exec/s: 0 rss: 123Mb L: 148/153 MS: 1 InsertRepeatedBytes-
#61	NEW    cov: 341 ft: 416 corp: 8/733b lim: 153 exec/s: 0 rss: 123Mb L: 56/153 MS: 2 ChangeByte-CMP- DE: "allocator_pairs"-
#82	NEW    cov: 342 ft: 417 corp: 9/886b lim: 153 exec/s: 0 rss: 125Mb L: 153/153 MS: 1 ChangeByte-
#121	REDUCE cov: 342 ft: 417 corp: 9/882b lim: 153 exec/s: 0 rss: 128Mb L: 23/153 MS: 4 InsertByte-CopyPart-InsertByte-EraseBytes-
#122	NEW    cov: 344 ft: 420 corp: 10/1015b lim: 153 exec/s: 0 rss: 128Mb L: 133/153 MS: 1 ChangeByte-
#159	NEW    cov: 344 ft: 431 corp: 11/1168b lim: 153 exec/s: 0 rss: 130Mb L: 153/153 MS: 2 ChangeASCIIInt-ChangeBit-
#250	NEW    cov: 349 ft: 436 corp: 12/1301b lim: 153 exec/s: 0 rss: 134Mb L: 133/153 MS: 1 ShuffleBytes-
#256	DONE   cov: 349 ft: 436 corp: 12/1301b lim: 153 exec/s: 0 rss: 134Mb
###### Recommended dictionary. ######
"\011\000" # Uses: 13
"allocator_pairs" # Uses: 1
###### End of recommended dictionary. ######
Done 256 runs in 0 second(s)
