[1/278] Building C object libarchive/CMakeFiles/archive.dir/archive_cryptor.c.o
[2/278] Building C object libarchive/CMakeFiles/archive.dir/archive_check_magic.c.o
[3/278] Building C object libarchive/CMakeFiles/archive.dir/archive_cmdline.c.o
[4/278] Building C object libarchive/CMakeFiles/archive.dir/archive_digest.c.o
[5/278] Building C object libarchive/CMakeFiles/archive.dir/archive_entry_copy_stat.c.o
[6/278] Building C object libarchive/CMakeFiles/archive.dir/archive_entry_sparse.c.o
[7/278] Building C object libarchive/CMakeFiles/archive.dir/archive_entry_link_resolver.c.o
[8/278] Building C object libarchive/CMakeFiles/archive.dir/archive_entry_stat.c.o
[9/278] Building C object libarchive/CMakeFiles/archive.dir/archive_entry.c.o
[10/278] Building C object libarchive/CMakeFiles/archive.dir/archive_entry_strmode.c.o
[11/278] Building C object libarchive/CMakeFiles/archive.dir/archive_entry_xattr.c.o
[12/278] Building C object libarchive/CMakeFiles/archive.dir/archive_hmac.c.o
[13/278] Building C object libarchive/CMakeFiles/archive.dir/archive_options.c.o
[14/278] Building C object libarchive/CMakeFiles/archive.dir/archive_pack_dev.c.o
[15/278] Building C object libarchive/CMakeFiles/archive.dir/archive_acl.c.o
[16/278] Building C object libarchive/CMakeFiles/archive.dir/archive_match.c.o
[17/278] Building C object libarchive/CMakeFiles/archive.dir/archive_pathmatch.c.o
[18/278] Building C object libarchive/CMakeFiles/archive.dir/archive_parse_date.c.o
[19/278] Building C object libarchive/CMakeFiles/archive.dir/archive_random.c.o
[20/278] Building C object libarchive/CMakeFiles/archive.dir/archive_rb.c.o
[21/278] Building C object libarchive/CMakeFiles/archive.dir/archive_read_add_passphrase.c.o
[22/278] Building C object libarchive/CMakeFiles/archive.dir/archive_ppmd7.c.o
[23/278] Building C object libarchive/CMakeFiles/archive.dir/archive_read.c.o
[24/278] Building C object libarchive/CMakeFiles/archive.dir/archive_read_append_filter.c.o
[25/278] Building C object libarchive/CMakeFiles/archive.dir/archive_read_data_into_fd.c.o
[26/278] Building C object libarchive/CMakeFiles/archive.dir/archive_read_disk_set_standard_lookup.c.o
[27/278] Building C object libarchive/CMakeFiles/archive.dir/archive_ppmd8.c.o
[28/278] Building C object libarchive/CMakeFiles/archive.dir/archive_read_extract.c.o
[29/278] Building C object libarchive/CMakeFiles/archive.dir/archive_read_disk_entry_from_file.c.o
/scratch/codeskeptic-quality-resource-ul55vmgd/mutant-source/libarchive/archive_read_disk_entry_from_file.c:166:6: warning: unused variable 'initial_fd' [-Wunused-variable]
  166 |         int initial_fd = fd;
      |             ^~~~~~~~~~
1 warning generated.
[30/278] Building C object libarchive/CMakeFiles/archive.dir/archive_read_extract2.c.o
[31/278] Building C object libarchive/CMakeFiles/archive.dir/archive_read_open_file.c.o
[32/278] Building C object libarchive/CMakeFiles/archive.dir/archive_read_open_fd.c.o
[33/278] Building C object libarchive/CMakeFiles/archive.dir/archive_read_disk_posix.c.o
[34/278] Building C object libarchive/CMakeFiles/archive.dir/archive_read_set_format.c.o
[35/278] Building C object libarchive/CMakeFiles/archive.dir/archive_read_open_memory.c.o
[36/278] Building C object libarchive/CMakeFiles/archive.dir/archive_read_support_filter_by_code.c.o
[37/278] Building C object libarchive/CMakeFiles/archive.dir/archive_read_open_filename.c.o
[38/278] Building C object libarchive/CMakeFiles/archive.dir/archive_read_support_filter_all.c.o
[39/278] Building C object libarchive/CMakeFiles/archive.dir/archive_read_set_options.c.o
[40/278] Building C object libarchive/CMakeFiles/archive.dir/archive_read_support_filter_bzip2.c.o
[41/278] Building C object libarchive/CMakeFiles/archive.dir/archive_read_support_filter_gzip.c.o
[42/278] Building C object libarchive/CMakeFiles/archive.dir/archive_read_support_filter_grzip.c.o
[43/278] Building C object libarchive/CMakeFiles/archive.dir/archive_read_support_filter_lrzip.c.o
[44/278] Building C object libarchive/CMakeFiles/archive.dir/archive_read_support_filter_compress.c.o
[45/278] Building C object libarchive/CMakeFiles/archive.dir/archive_read_support_filter_lzop.c.o
[46/278] Building C object libarchive/CMakeFiles/archive.dir/archive_read_support_filter_lz4.c.o
[47/278] Building C object libarchive/CMakeFiles/archive.dir/archive_read_support_filter_none.c.o
[48/278] Building C object libarchive/CMakeFiles/archive.dir/archive_read_support_filter_rpm.c.o
[49/278] Building C object libarchive/CMakeFiles/archive.dir/archive_read_support_filter_program.c.o
[50/278] Building C object libarchive/CMakeFiles/archive.dir/archive_read_support_filter_xz.c.o
[51/278] Building C object libarchive/CMakeFiles/archive.dir/archive_read_support_filter_zstd.c.o
[52/278] Building C object libarchive/CMakeFiles/archive.dir/archive_read_support_filter_uu.c.o
[53/278] Building C object libarchive/CMakeFiles/archive.dir/archive_read_support_format_all.c.o
[54/278] Building C object libarchive/CMakeFiles/archive.dir/archive_read_support_format_by_code.c.o
[55/278] Building C object libarchive/CMakeFiles/archive.dir/archive_read_support_format_ar.c.o
[56/278] Building C object libarchive/CMakeFiles/archive.dir/archive_read_support_format_empty.c.o
[57/278] Building C object libarchive/CMakeFiles/archive.dir/archive_read_support_format_cpio.c.o
[58/278] Building C object libarchive/CMakeFiles/archive.dir/archive_read_support_format_cab.c.o
[59/278] Building C object libarchive/CMakeFiles/archive.dir/archive_read_support_format_7zip.c.o
[60/278] Building C object libarchive/CMakeFiles/archive.dir/archive_read_support_format_iso9660.c.o
[61/278] Building C object libarchive/CMakeFiles/archive.dir/archive_read_support_format_lha.c.o
[62/278] Building C object libarchive/CMakeFiles/archive.dir/archive_read_support_format_mtree.c.o
[63/278] Building C object libarchive/CMakeFiles/archive.dir/archive_read_support_format_raw.c.o
[64/278] Building C object libarchive/CMakeFiles/archive.dir/archive_read_support_format_warc.c.o
[65/278] Building C object libarchive/CMakeFiles/archive.dir/archive_read_support_format_rar.c.o
[66/278] Building C object libarchive/CMakeFiles/archive.dir/archive_read_support_format_xar.c.o
[67/278] Building C object libarchive/CMakeFiles/archive.dir/archive_read_support_format_tar.c.o
[68/278] Building C object libarchive/CMakeFiles/archive.dir/archive_read_support_format_rar5.c.o
[69/278] Building C object libarchive/CMakeFiles/archive.dir/archive_string_sprintf.c.o
[70/278] Building C object libarchive/CMakeFiles/archive.dir/archive_time.c.o
[71/278] Building C object libarchive/CMakeFiles/archive.dir/archive_util.c.o
[72/278] Building C object libarchive/CMakeFiles/archive.dir/archive_version_details.c.o
[73/278] Building C object libarchive/CMakeFiles/archive.dir/archive_virtual.c.o
[74/278] Building C object libarchive/CMakeFiles/archive.dir/archive_read_support_format_zip.c.o
[75/278] Building C object libarchive/CMakeFiles/archive.dir/archive_write.c.o
[76/278] Building C object libarchive/CMakeFiles/archive.dir/archive_write_disk_set_standard_lookup.c.o
[77/278] Building C object libarchive/CMakeFiles/archive.dir/archive_write_open_fd.c.o
[78/278] Building C object libarchive/CMakeFiles/archive.dir/archive_write_open_file.c.o
[79/278] Building C object libarchive/CMakeFiles/archive.dir/archive_write_disk_posix.c.o
[80/278] Building C object libarchive/CMakeFiles/archive.dir/archive_write_open_filename.c.o
[81/278] Building C object libarchive/CMakeFiles/archive.dir/archive_string.c.o
[82/278] Building C object libarchive/CMakeFiles/archive.dir/archive_write_open_memory.c.o
[83/278] Building C object libarchive/CMakeFiles/archive.dir/archive_write_add_filter.c.o
[84/278] Building C object libarchive/CMakeFiles/archive.dir/archive_write_add_filter_by_name.c.o
[85/278] Building C object libarchive/CMakeFiles/archive.dir/archive_write_add_filter_b64encode.c.o
[86/278] Building C object libarchive/CMakeFiles/archive.dir/archive_write_add_filter_bzip2.c.o
[87/278] Building C object libarchive/CMakeFiles/archive.dir/archive_write_add_filter_compress.c.o
[88/278] Building C object libarchive/CMakeFiles/archive.dir/archive_write_add_filter_grzip.c.o
[89/278] Building C object libarchive/CMakeFiles/archive.dir/archive_write_add_filter_gzip.c.o
[90/278] Building C object libarchive/CMakeFiles/archive.dir/archive_write_add_filter_lrzip.c.o
[91/278] Building C object libarchive/CMakeFiles/archive.dir/archive_write_add_filter_lz4.c.o
[92/278] Building C object libarchive/CMakeFiles/archive.dir/archive_write_add_filter_none.c.o
[93/278] Building C object libarchive/CMakeFiles/archive.dir/archive_write_add_filter_lzop.c.o
[94/278] Building C object libarchive/CMakeFiles/archive.dir/archive_write_add_filter_xz.c.o
[95/278] Building C object libarchive/CMakeFiles/archive.dir/archive_write_add_filter_uuencode.c.o
[96/278] Building C object libarchive/CMakeFiles/archive.dir/archive_write_add_filter_program.c.o
[97/278] Building C object libarchive/CMakeFiles/archive.dir/archive_write_add_filter_zstd.c.o
[98/278] Building C object libarchive/CMakeFiles/archive.dir/archive_write_set_format.c.o
[99/278] Building C object libarchive/CMakeFiles/archive.dir/archive_write_set_format_by_name.c.o
[100/278] Building C object libarchive/CMakeFiles/archive.dir/archive_write_set_format_cpio.c.o
[101/278] Building C object libarchive/CMakeFiles/archive.dir/archive_write_set_format_ar.c.o
[102/278] Building C object libarchive/CMakeFiles/archive.dir/archive_write_set_format_cpio_binary.c.o
[103/278] Building C object libarchive/CMakeFiles/archive.dir/archive_write_set_format_cpio_odc.c.o
[104/278] Building C object libarchive/CMakeFiles/archive.dir/archive_write_set_format_cpio_newc.c.o
[105/278] Building C object libarchive/CMakeFiles/archive.dir/archive_write_set_format_filter_by_ext.c.o
[106/278] Building C object libarchive/CMakeFiles/archive.dir/archive_write_set_format_7zip.c.o
[107/278] Building C object libarchive/CMakeFiles/archive.dir/archive_write_set_format_gnutar.c.o
[108/278] Building C object libarchive/CMakeFiles/archive.dir/archive_write_set_format_raw.c.o
[109/278] Building C object libarchive/CMakeFiles/archive.dir/archive_write_set_format_mtree.c.o
/scratch/codeskeptic-quality-resource-ul55vmgd/mutant-source/libarchive/archive_write_set_format_mtree.c:1616:19: warning: unused variable 'digest' [-Wunused-variable]
 1616 |         struct ae_digest digest;
      |                          ^~~~~~
1 warning generated.
[110/278] Building C object libarchive/CMakeFiles/archive.dir/archive_write_set_format_pax.c.o
[111/278] Building C object libarchive/CMakeFiles/archive.dir/archive_write_set_format_shar.c.o
[112/278] Building C object libarchive/CMakeFiles/archive.dir/archive_write_set_format_warc.c.o
[113/278] Building C object libarchive/CMakeFiles/archive.dir/archive_write_set_format_ustar.c.o
[114/278] Building C object libarchive/CMakeFiles/archive.dir/archive_write_set_format_xar.c.o
[115/278] Building C object libarchive/CMakeFiles/archive.dir/archive_write_set_format_v7tar.c.o
[116/278] Building C object libarchive/CMakeFiles/archive.dir/archive_write_set_options.c.o
[117/278] Building C object libarchive/CMakeFiles/archive.dir/archive_write_set_passphrase.c.o
[118/278] Building C object libarchive/CMakeFiles/archive.dir/xxhash.c.o
[119/278] Building C object libarchive/CMakeFiles/archive.dir/filter_fork_posix.c.o
[120/278] Building C object libarchive/CMakeFiles/archive.dir/archive_blake2sp_ref.c.o
[121/278] Building C object libarchive/CMakeFiles/archive.dir/archive_write_set_format_zip.c.o
[122/278] Building C object libarchive/CMakeFiles/archive_static.dir/archive_check_magic.c.o
[123/278] Building C object libarchive/CMakeFiles/archive.dir/archive_blake2s_ref.c.o
[124/278] Building C object libarchive/CMakeFiles/archive_static.dir/archive_cmdline.c.o
[125/278] Building C object libarchive/CMakeFiles/archive_static.dir/archive_cryptor.c.o
[126/278] Building C object libarchive/CMakeFiles/archive_static.dir/archive_digest.c.o
[127/278] Building C object libarchive/CMakeFiles/archive_static.dir/archive_entry_copy_stat.c.o
[128/278] Building C object libarchive/CMakeFiles/archive_static.dir/archive_entry_link_resolver.c.o
[129/278] Building C object libarchive/CMakeFiles/archive_static.dir/archive_entry.c.o
[130/278] Building C object libarchive/CMakeFiles/archive_static.dir/archive_acl.c.o
[131/278] Building C object libarchive/CMakeFiles/archive_static.dir/archive_entry_sparse.c.o
[132/278] Building C object libarchive/CMakeFiles/archive.dir/archive_write_set_format_iso9660.c.o
[133/278] Building C object libarchive/CMakeFiles/archive_static.dir/archive_entry_stat.c.o
[134/278] Building C object libarchive/CMakeFiles/archive_static.dir/archive_entry_xattr.c.o
[135/278] Building C object libarchive/CMakeFiles/archive_static.dir/archive_hmac.c.o
[136/278] Building C object libarchive/CMakeFiles/archive_static.dir/archive_entry_strmode.c.o
[137/278] Linking C shared library libarchive/libarchive.so.13.8.9
[138/278] Creating library symlink libarchive/libarchive.so.13 libarchive/libarchive.so
[139/278] Building C object libarchive/CMakeFiles/archive_static.dir/archive_options.c.o
[140/278] Building C object libarchive/CMakeFiles/archive_static.dir/archive_pack_dev.c.o
[141/278] Building C object libarchive/CMakeFiles/archive_static.dir/archive_pathmatch.c.o
[142/278] Building C object libarchive/CMakeFiles/archive_static.dir/archive_parse_date.c.o
[143/278] Building C object libarchive/CMakeFiles/archive_static.dir/archive_match.c.o
[144/278] Building C object libarchive/CMakeFiles/archive_static.dir/archive_random.c.o
[145/278] Building C object libarchive/CMakeFiles/archive_static.dir/archive_rb.c.o
[146/278] Building C object libarchive/CMakeFiles/archive_static.dir/archive_read_add_passphrase.c.o
[147/278] Building C object libarchive/CMakeFiles/archive_static.dir/archive_read_append_filter.c.o
[148/278] Building C object libarchive/CMakeFiles/archive_static.dir/archive_ppmd7.c.o
[149/278] Building C object libarchive/CMakeFiles/archive_static.dir/archive_ppmd8.c.o
[150/278] Building C object libarchive/CMakeFiles/archive_static.dir/archive_read_data_into_fd.c.o
[151/278] Building C object libarchive/CMakeFiles/archive_static.dir/archive_read_disk_set_standard_lookup.c.o
[152/278] Building C object libarchive/CMakeFiles/archive_static.dir/archive_read.c.o
[153/278] Building C object libarchive/CMakeFiles/archive_static.dir/archive_read_extract.c.o
[154/278] Building C object libarchive/CMakeFiles/archive_static.dir/archive_read_disk_entry_from_file.c.o
/scratch/codeskeptic-quality-resource-ul55vmgd/mutant-source/libarchive/archive_read_disk_entry_from_file.c:166:6: warning: unused variable 'initial_fd' [-Wunused-variable]
  166 |         int initial_fd = fd;
      |             ^~~~~~~~~~
1 warning generated.
[155/278] Building C object libarchive/CMakeFiles/archive_static.dir/archive_read_open_fd.c.o
[156/278] Building C object libarchive/CMakeFiles/archive_static.dir/archive_read_extract2.c.o
[157/278] Building C object libarchive/CMakeFiles/archive_static.dir/archive_read_open_file.c.o
[158/278] Building C object libarchive/CMakeFiles/archive_static.dir/archive_read_disk_posix.c.o
[159/278] Building C object libarchive/CMakeFiles/archive_static.dir/archive_read_open_memory.c.o
[160/278] Building C object libarchive/CMakeFiles/archive_static.dir/archive_read_open_filename.c.o
[161/278] Building C object libarchive/CMakeFiles/archive_static.dir/archive_read_set_format.c.o
[162/278] Building C object libarchive/CMakeFiles/archive_static.dir/archive_read_support_filter_all.c.o
[163/278] Building C object libarchive/CMakeFiles/archive_static.dir/archive_read_support_filter_by_code.c.o
[164/278] Building C object libarchive/CMakeFiles/archive_static.dir/archive_read_support_filter_bzip2.c.o
[165/278] Building C object libarchive/CMakeFiles/archive_static.dir/archive_read_set_options.c.o
[166/278] Building C object libarchive/CMakeFiles/archive_static.dir/archive_read_support_filter_lrzip.c.o
[167/278] Building C object libarchive/CMakeFiles/archive_static.dir/archive_read_support_filter_gzip.c.o
[168/278] Building C object libarchive/CMakeFiles/archive_static.dir/archive_read_support_filter_grzip.c.o
[169/278] Building C object libarchive/CMakeFiles/archive_static.dir/archive_read_support_filter_compress.c.o
[170/278] Building C object libarchive/CMakeFiles/archive_static.dir/archive_read_support_filter_lz4.c.o
[171/278] Building C object libarchive/CMakeFiles/archive_static.dir/archive_read_support_filter_lzop.c.o
[172/278] Building C object libarchive/CMakeFiles/archive_static.dir/archive_read_support_filter_none.c.o
[173/278] Building C object libarchive/CMakeFiles/archive_static.dir/archive_read_support_filter_xz.c.o
[174/278] Building C object libarchive/CMakeFiles/archive_static.dir/archive_read_support_filter_rpm.c.o
[175/278] Building C object libarchive/CMakeFiles/archive_static.dir/archive_read_support_filter_program.c.o
[176/278] Building C object libarchive/CMakeFiles/archive_static.dir/archive_read_support_filter_uu.c.o
[177/278] Building C object libarchive/CMakeFiles/archive_static.dir/archive_read_support_filter_zstd.c.o
[178/278] Building C object libarchive/CMakeFiles/archive_static.dir/archive_read_support_format_all.c.o
[179/278] Building C object libarchive/CMakeFiles/archive_static.dir/archive_read_support_format_by_code.c.o
[180/278] Building C object libarchive/CMakeFiles/archive_static.dir/archive_read_support_format_ar.c.o
[181/278] Building C object libarchive/CMakeFiles/archive_static.dir/archive_read_support_format_empty.c.o
[182/278] Building C object libarchive/CMakeFiles/archive_static.dir/archive_read_support_format_cpio.c.o
[183/278] Building C object libarchive/CMakeFiles/archive_static.dir/archive_read_support_format_cab.c.o
[184/278] Building C object libarchive/CMakeFiles/archive_static.dir/archive_read_support_format_iso9660.c.o
[185/278] Building C object libarchive/CMakeFiles/archive_static.dir/archive_read_support_format_7zip.c.o
[186/278] Building C object libarchive/CMakeFiles/archive_static.dir/archive_read_support_format_mtree.c.o
[187/278] Building C object libarchive/CMakeFiles/archive_static.dir/archive_read_support_format_lha.c.o
[188/278] Building C object libarchive/CMakeFiles/archive_static.dir/archive_read_support_format_raw.c.o
[189/278] Building C object libarchive/CMakeFiles/archive_static.dir/archive_read_support_format_warc.c.o
[190/278] Building C object libarchive/CMakeFiles/archive_static.dir/archive_read_support_format_rar.c.o
[191/278] Building C object libarchive/CMakeFiles/archive_static.dir/archive_read_support_format_xar.c.o
[192/278] Building C object libarchive/CMakeFiles/archive_static.dir/archive_read_support_format_tar.c.o
[193/278] Building C object libarchive/CMakeFiles/archive_static.dir/archive_read_support_format_rar5.c.o
[194/278] Building C object libarchive/CMakeFiles/archive_static.dir/archive_string_sprintf.c.o
[195/278] Building C object libarchive/CMakeFiles/archive_static.dir/archive_time.c.o
[196/278] Building C object libarchive/CMakeFiles/archive_static.dir/archive_util.c.o
[197/278] Building C object libarchive/CMakeFiles/archive_static.dir/archive_version_details.c.o
[198/278] Building C object libarchive/CMakeFiles/archive_static.dir/archive_virtual.c.o
[199/278] Building C object libarchive/CMakeFiles/archive_static.dir/archive_read_support_format_zip.c.o
[200/278] Building C object libarchive/CMakeFiles/archive_static.dir/archive_write.c.o
[201/278] Building C object libarchive/CMakeFiles/archive_static.dir/archive_write_disk_set_standard_lookup.c.o
[202/278] Building C object libarchive/CMakeFiles/archive_static.dir/archive_write_open_fd.c.o
[203/278] Building C object libarchive/CMakeFiles/archive_static.dir/archive_write_open_file.c.o
[204/278] Building C object libarchive/CMakeFiles/archive_static.dir/archive_write_open_filename.c.o
[205/278] Building C object libarchive/CMakeFiles/archive_static.dir/archive_write_open_memory.c.o
[206/278] Building C object libarchive/CMakeFiles/archive_static.dir/archive_write_disk_posix.c.o
[207/278] Building C object libarchive/CMakeFiles/archive_static.dir/archive_string.c.o
[208/278] Building C object libarchive/CMakeFiles/archive_static.dir/archive_write_add_filter.c.o
[209/278] Building C object libarchive/CMakeFiles/archive_static.dir/archive_write_add_filter_by_name.c.o
[210/278] Building C object libarchive/CMakeFiles/archive_static.dir/archive_write_add_filter_bzip2.c.o
[211/278] Building C object libarchive/CMakeFiles/archive_static.dir/archive_write_add_filter_b64encode.c.o
[212/278] Building C object libarchive/CMakeFiles/archive_static.dir/archive_write_add_filter_grzip.c.o
[213/278] Building C object libarchive/CMakeFiles/archive_static.dir/archive_write_add_filter_compress.c.o
[214/278] Building C object libarchive/CMakeFiles/archive_static.dir/archive_write_add_filter_lrzip.c.o
[215/278] Building C object libarchive/CMakeFiles/archive_static.dir/archive_write_add_filter_lzop.c.o
[216/278] Building C object libarchive/CMakeFiles/archive_static.dir/archive_write_add_filter_none.c.o
[217/278] Building C object libarchive/CMakeFiles/archive_static.dir/archive_write_add_filter_gzip.c.o
[218/278] Building C object libarchive/CMakeFiles/archive_static.dir/archive_write_add_filter_lz4.c.o
[219/278] Building C object libarchive/CMakeFiles/archive_static.dir/archive_write_add_filter_xz.c.o
[220/278] Building C object libarchive/CMakeFiles/archive_static.dir/archive_write_add_filter_program.c.o
[221/278] Building C object libarchive/CMakeFiles/archive_static.dir/archive_write_add_filter_zstd.c.o
[222/278] Building C object libarchive/CMakeFiles/archive_static.dir/archive_write_add_filter_uuencode.c.o
[223/278] Building C object libarchive/CMakeFiles/archive_static.dir/archive_write_set_format.c.o
[224/278] Building C object libarchive/CMakeFiles/archive_static.dir/archive_write_set_format_cpio.c.o
[225/278] Building C object libarchive/CMakeFiles/archive_static.dir/archive_write_set_format_by_name.c.o
[226/278] Building C object libarchive/CMakeFiles/archive_static.dir/archive_write_set_format_ar.c.o
[227/278] Building C object libarchive/CMakeFiles/archive_static.dir/archive_write_set_format_cpio_binary.c.o
[228/278] Building C object libarchive/CMakeFiles/archive_static.dir/archive_write_set_format_cpio_newc.c.o
[229/278] Building C object libarchive/CMakeFiles/archive_static.dir/archive_write_set_format_cpio_odc.c.o
[230/278] Building C object libarchive/CMakeFiles/archive_static.dir/archive_write_set_format_7zip.c.o
[231/278] Building C object libarchive/CMakeFiles/archive_static.dir/archive_write_set_format_filter_by_ext.c.o
[232/278] Building C object libarchive/CMakeFiles/archive_static.dir/archive_write_set_format_gnutar.c.o
[233/278] Building C object libarchive/CMakeFiles/archive_static.dir/archive_write_set_format_raw.c.o
[234/278] Building C object libarchive/CMakeFiles/archive_static.dir/archive_write_set_format_mtree.c.o
/scratch/codeskeptic-quality-resource-ul55vmgd/mutant-source/libarchive/archive_write_set_format_mtree.c:1616:19: warning: unused variable 'digest' [-Wunused-variable]
 1616 |         struct ae_digest digest;
      |                          ^~~~~~
1 warning generated.
[235/278] Building C object libarchive/CMakeFiles/archive_static.dir/archive_write_set_format_shar.c.o
[236/278] Building C object libarchive/CMakeFiles/archive_static.dir/archive_write_set_format_pax.c.o
[237/278] Building C object libarchive/CMakeFiles/archive_static.dir/archive_write_set_format_ustar.c.o
[238/278] Building C object libarchive/CMakeFiles/archive_static.dir/archive_write_set_format_v7tar.c.o
[239/278] Building C object libarchive/CMakeFiles/archive_static.dir/archive_write_set_format_warc.c.o
[240/278] Building C object libarchive/CMakeFiles/archive_static.dir/archive_write_set_format_xar.c.o
[241/278] Building C object libarchive/CMakeFiles/archive_static.dir/archive_write_set_options.c.o
[242/278] Building C object libarchive/CMakeFiles/archive_static.dir/archive_write_set_passphrase.c.o
[243/278] Building C object libarchive/CMakeFiles/archive_static.dir/filter_fork_posix.c.o
[244/278] Building C object libarchive/CMakeFiles/archive_static.dir/xxhash.c.o
[245/278] Building C object libarchive/CMakeFiles/archive_static.dir/archive_write_set_format_zip.c.o
[246/278] Building C object libarchive/CMakeFiles/archive_static.dir/archive_blake2sp_ref.c.o
[247/278] Building C object cat/CMakeFiles/bsdcat.dir/bsdcat.c.o
[248/278] Building C object libarchive/CMakeFiles/archive_static.dir/archive_blake2s_ref.c.o
[249/278] Building C object cat/CMakeFiles/bsdcat.dir/cmdline.c.o
[250/278] Building C object cat/CMakeFiles/bsdcat.dir/__/libarchive_fe/lafe_err.c.o
[251/278] Building C object tar/CMakeFiles/bsdtar.dir/cmdline.c.o
[252/278] Building C object libarchive/CMakeFiles/archive_static.dir/archive_write_set_format_iso9660.c.o
[253/278] Building C object tar/CMakeFiles/bsdtar.dir/bsdtar.c.o
[254/278] Building C object tar/CMakeFiles/bsdtar.dir/creation_set.c.o
[255/278] Linking C static library libarchive/libarchive.a
[256/278] Building C object tar/CMakeFiles/bsdtar.dir/read.c.o
[257/278] Building C object tar/CMakeFiles/bsdtar.dir/subst.c.o
[258/278] Linking C executable bin/bsdcat
[259/278] Building C object tar/CMakeFiles/bsdtar.dir/__/libarchive_fe/lafe_err.c.o
[260/278] Building C object tar/CMakeFiles/bsdtar.dir/util.c.o
[261/278] Building C object tar/CMakeFiles/bsdtar.dir/__/libarchive_fe/line_reader.c.o
[262/278] Building C object tar/CMakeFiles/bsdtar.dir/__/libarchive_fe/passphrase.c.o
[263/278] Building C object tar/CMakeFiles/bsdtar.dir/write.c.o
[264/278] Building C object cpio/CMakeFiles/bsdcpio.dir/__/libarchive_fe/lafe_err.c.o
[265/278] Building C object cpio/CMakeFiles/bsdcpio.dir/cmdline.c.o
[266/278] Building C object cpio/CMakeFiles/bsdcpio.dir/__/libarchive_fe/lafe_getline.c.o
[267/278] Building C object cpio/CMakeFiles/bsdcpio.dir/__/libarchive_fe/line_reader.c.o
[268/278] Linking C executable bin/bsdtar
[269/278] Building C object cpio/CMakeFiles/bsdcpio.dir/__/libarchive_fe/passphrase.c.o
[270/278] Building C object cpio/CMakeFiles/bsdcpio.dir/cpio.c.o
[271/278] Building C object unzip/CMakeFiles/bsdunzip.dir/cmdline.c.o
[272/278] Building C object unzip/CMakeFiles/bsdunzip.dir/__/libarchive_fe/lafe_err.c.o
[273/278] Building C object unzip/CMakeFiles/bsdunzip.dir/__/libarchive_fe/lafe_fnmatch.c.o
[274/278] Building C object unzip/CMakeFiles/bsdunzip.dir/__/libarchive_fe/lafe_getline.c.o
[275/278] Linking C executable bin/bsdcpio
[276/278] Building C object unzip/CMakeFiles/bsdunzip.dir/__/libarchive_fe/passphrase.c.o
[277/278] Building C object unzip/CMakeFiles/bsdunzip.dir/bsdunzip.c.o
[278/278] Linking C executable bin/bsdunzip
