[CodeSkeptic] Analysis starting... (246 files, 12 rules)
[CodeSkeptic] Whole-program pass: collecting summaries from 123 file(s)...
/scratch/codeskeptic-quality-resource-ul55vmgd/mutant-source/libarchive/archive_read_disk_entry_from_file.c:166:6: warning: unused variable 'initial_fd' [-Wunused-variable]
  166 |         int initial_fd = fd;
      |             ^~~~~~~~~~
1 warning generated.
/scratch/codeskeptic-quality-resource-ul55vmgd/mutant-source/libarchive/archive_read_disk_entry_from_file.c:166:6: warning: unused variable 'initial_fd' [-Wunused-variable]
  166 |         int initial_fd = fd;
      |             ^~~~~~~~~~
1 warning generated.
/scratch/codeskeptic-quality-resource-ul55vmgd/mutant-source/libarchive/archive_write_set_format_mtree.c:1616:19: warning: unused variable 'digest' [-Wunused-variable]
 1616 |         struct ae_digest digest;
      |                          ^~~~~~
1 warning generated.
/scratch/codeskeptic-quality-resource-ul55vmgd/mutant-source/libarchive/archive_write_set_format_mtree.c:1616:19: warning: unused variable 'digest' [-Wunused-variable]
 1616 |         struct ae_digest digest;
      |                          ^~~~~~
1 warning generated.
[CodeSkeptic] Analysis starting... (1 files, 12 rules)
[CodeSkeptic] 621 function summaries loaded from /scratch/codeskeptic-tu-run-330b4c/merged-summary.csk
[CodeSkeptic] Analysis starting... (1 files, 12 rules)
[CodeSkeptic] 621 function summaries loaded from /scratch/codeskeptic-tu-run-330b4c/merged-summary.csk
[CodeSkeptic] Analysis starting... (1 files, 12 rules)
[CodeSkeptic] 621 function summaries loaded from /scratch/codeskeptic-tu-run-330b4c/merged-summary.csk
[CodeSkeptic] Analysis starting... (1 files, 12 rules)
[CodeSkeptic] 621 function summaries loaded from /scratch/codeskeptic-tu-run-330b4c/merged-summary.csk
[CodeSkeptic] Analysis starting... (1 files, 12 rules)
[CodeSkeptic] 621 function summaries loaded from /scratch/codeskeptic-tu-run-330b4c/merged-summary.csk
[CodeSkeptic] Analysis starting... (1 files, 12 rules)
[CodeSkeptic] 621 function summaries loaded from /scratch/codeskeptic-tu-run-330b4c/merged-summary.csk
[CodeSkeptic] Analysis starting... (1 files, 12 rules)
[CodeSkeptic] 621 function summaries loaded from /scratch/codeskeptic-tu-run-330b4c/merged-summary.csk
[CodeSkeptic] Analysis starting... (1 files, 12 rules)
[CodeSkeptic] 621 function summaries loaded from /scratch/codeskeptic-tu-run-330b4c/merged-summary.csk
[CodeSkeptic] Analysis starting... (1 files, 12 rules)
[CodeSkeptic] 621 function summaries loaded from /scratch/codeskeptic-tu-run-330b4c/merged-summary.csk
[CodeSkeptic] Analysis starting... (1 files, 12 rules)
[CodeSkeptic] 621 function summaries loaded from /scratch/codeskeptic-tu-run-330b4c/merged-summary.csk
[CodeSkeptic] Analysis starting... (1 files, 12 rules)
[CodeSkeptic] 621 function summaries loaded from /scratch/codeskeptic-tu-run-330b4c/merged-summary.csk
[CodeSkeptic] Analysis starting... (1 files, 12 rules)
[CodeSkeptic] 621 function summaries loaded from /scratch/codeskeptic-tu-run-330b4c/merged-summary.csk
[CodeSkeptic] Analysis starting... (1 files, 12 rules)
[CodeSkeptic] 621 function summaries loaded from /scratch/codeskeptic-tu-run-330b4c/merged-summary.csk
[CodeSkeptic] Analysis starting... (1 files, 12 rules)
[CodeSkeptic] 621 function summaries loaded from /scratch/codeskeptic-tu-run-330b4c/merged-summary.csk
[CodeSkeptic] Analysis starting... (1 files, 12 rules)
[CodeSkeptic] 621 function summaries loaded from /scratch/codeskeptic-tu-run-330b4c/merged-summary.csk
[CodeSkeptic] Analysis starting... (1 files, 12 rules)
[CodeSkeptic] 621 function summaries loaded from /scratch/codeskeptic-tu-run-330b4c/merged-summary.csk
[CodeSkeptic] Analysis starting... (1 files, 12 rules)
[CodeSkeptic] 621 function summaries loaded from /scratch/codeskeptic-tu-run-330b4c/merged-summary.csk
[CodeSkeptic] Analysis starting... (1 files, 12 rules)
[CodeSkeptic] 621 function summaries loaded from /scratch/codeskeptic-tu-run-330b4c/merged-summary.csk
[CodeSkeptic] Analysis starting... (1 files, 12 rules)
[CodeSkeptic] 621 function summaries loaded from /scratch/codeskeptic-tu-run-330b4c/merged-summary.csk
[CodeSkeptic] Analysis starting... (1 files, 12 rules)
[CodeSkeptic] 621 function summaries loaded from /scratch/codeskeptic-tu-run-330b4c/merged-summary.csk
[CodeSkeptic] Analysis starting... (1 files, 12 rules)
[CodeSkeptic] 621 function summaries loaded from /scratch/codeskeptic-tu-run-330b4c/merged-summary.csk
[CodeSkeptic] Analysis starting... (1 files, 12 rules)
[CodeSkeptic] 621 function summaries loaded from /scratch/codeskeptic-tu-run-330b4c/merged-summary.csk
[CodeSkeptic] Analysis starting... (1 files, 12 rules)
[CodeSkeptic] 621 function summaries loaded from /scratch/codeskeptic-tu-run-330b4c/merged-summary.csk
[CodeSkeptic] Analysis starting... (1 files, 12 rules)
[CodeSkeptic] 621 function summaries loaded from /scratch/codeskeptic-tu-run-330b4c/merged-summary.csk
[CodeSkeptic] Analysis starting... (1 files, 12 rules)
[CodeSkeptic] 621 function summaries loaded from /scratch/codeskeptic-tu-run-330b4c/merged-summary.csk
[CodeSkeptic] Analysis starting... (1 files, 12 rules)
[CodeSkeptic] 621 function summaries loaded from /scratch/codeskeptic-tu-run-330b4c/merged-summary.csk
[CodeSkeptic] Analysis starting... (1 files, 12 rules)
[CodeSkeptic] 621 function summaries loaded from /scratch/codeskeptic-tu-run-330b4c/merged-summary.csk
[CodeSkeptic] Analysis starting... (1 files, 12 rules)
[CodeSkeptic] 621 function summaries loaded from /scratch/codeskeptic-tu-run-330b4c/merged-summary.csk
[CodeSkeptic] Analysis starting... (1 files, 12 rules)
[CodeSkeptic] 621 function summaries loaded from /scratch/codeskeptic-tu-run-330b4c/merged-summary.csk
[CodeSkeptic] Analysis starting... (1 files, 12 rules)
[CodeSkeptic] 621 function summaries loaded from /scratch/codeskeptic-tu-run-330b4c/merged-summary.csk
[CodeSkeptic] Analysis starting... (1 files, 12 rules)
[CodeSkeptic] 621 function summaries loaded from /scratch/codeskeptic-tu-run-330b4c/merged-summary.csk
[CodeSkeptic] Analysis starting... (1 files, 12 rules)
[CodeSkeptic] 621 function summaries loaded from /scratch/codeskeptic-tu-run-330b4c/merged-summary.csk
[CodeSkeptic] Analysis starting... (1 files, 12 rules)
[CodeSkeptic] 621 function summaries loaded from /scratch/codeskeptic-tu-run-330b4c/merged-summary.csk
[CodeSkeptic] Analysis starting... (1 files, 12 rules)
[CodeSkeptic] 621 function summaries loaded from /scratch/codeskeptic-tu-run-330b4c/merged-summary.csk
[CodeSkeptic] Analysis starting... (1 files, 12 rules)
[CodeSkeptic] 621 function summaries loaded from /scratch/codeskeptic-tu-run-330b4c/merged-summary.csk
[CodeSkeptic] Analysis starting... (1 files, 12 rules)
[CodeSkeptic] 621 function summaries loaded from /scratch/codeskeptic-tu-run-330b4c/merged-summary.csk
[CodeSkeptic] Analysis starting... (1 files, 12 rules)
[CodeSkeptic] 621 function summaries loaded from /scratch/codeskeptic-tu-run-330b4c/merged-summary.csk
[CodeSkeptic] Analysis starting... (1 files, 12 rules)
[CodeSkeptic] 621 function summaries loaded from /scratch/codeskeptic-tu-run-330b4c/merged-summary.csk
[CodeSkeptic] Analysis starting... (1 files, 12 rules)
[CodeSkeptic] 621 function summaries loaded from /scratch/codeskeptic-tu-run-330b4c/merged-summary.csk
[CodeSkeptic] Analysis starting... (1 files, 12 rules)
[CodeSkeptic] 621 function summaries loaded from /scratch/codeskeptic-tu-run-330b4c/merged-summary.csk
[CodeSkeptic] Analysis starting... (1 files, 12 rules)
[CodeSkeptic] 621 function summaries loaded from /scratch/codeskeptic-tu-run-330b4c/merged-summary.csk
[CodeSkeptic] Analysis starting... (1 files, 12 rules)
[CodeSkeptic] 621 function summaries loaded from /scratch/codeskeptic-tu-run-330b4c/merged-summary.csk
[CodeSkeptic] Analysis starting... (1 files, 12 rules)
[CodeSkeptic] 621 function summaries loaded from /scratch/codeskeptic-tu-run-330b4c/merged-summary.csk
[CodeSkeptic] Analysis starting... (1 files, 12 rules)
[CodeSkeptic] 621 function summaries loaded from /scratch/codeskeptic-tu-run-330b4c/merged-summary.csk
[CodeSkeptic] Analysis starting... (1 files, 12 rules)
[CodeSkeptic] 621 function summaries loaded from /scratch/codeskeptic-tu-run-330b4c/merged-summary.csk
[CodeSkeptic] Analysis starting... (1 files, 12 rules)
[CodeSkeptic] 621 function summaries loaded from /scratch/codeskeptic-tu-run-330b4c/merged-summary.csk
[CodeSkeptic] Analysis starting... (1 files, 12 rules)
[CodeSkeptic] 621 function summaries loaded from /scratch/codeskeptic-tu-run-330b4c/merged-summary.csk
[CodeSkeptic] Analysis starting... (1 files, 12 rules)
[CodeSkeptic] 621 function summaries loaded from /scratch/codeskeptic-tu-run-330b4c/merged-summary.csk
[CodeSkeptic] Analysis starting... (1 files, 12 rules)
[CodeSkeptic] 621 function summaries loaded from /scratch/codeskeptic-tu-run-330b4c/merged-summary.csk
[CodeSkeptic] Analysis starting... (1 files, 12 rules)
[CodeSkeptic] 621 function summaries loaded from /scratch/codeskeptic-tu-run-330b4c/merged-summary.csk
[CodeSkeptic] Analysis starting... (1 files, 12 rules)
[CodeSkeptic] 621 function summaries loaded from /scratch/codeskeptic-tu-run-330b4c/merged-summary.csk
[CodeSkeptic] Analysis starting... (1 files, 12 rules)
[CodeSkeptic] 621 function summaries loaded from /scratch/codeskeptic-tu-run-330b4c/merged-summary.csk
[CodeSkeptic] Analysis starting... (1 files, 12 rules)
[CodeSkeptic] 621 function summaries loaded from /scratch/codeskeptic-tu-run-330b4c/merged-summary.csk
[CodeSkeptic] Analysis starting... (1 files, 12 rules)
[CodeSkeptic] 621 function summaries loaded from /scratch/codeskeptic-tu-run-330b4c/merged-summary.csk
[CodeSkeptic] Analysis starting... (1 files, 12 rules)
[CodeSkeptic] 621 function summaries loaded from /scratch/codeskeptic-tu-run-330b4c/merged-summary.csk
[CodeSkeptic] Analysis starting... (1 files, 12 rules)
[CodeSkeptic] 621 function summaries loaded from /scratch/codeskeptic-tu-run-330b4c/merged-summary.csk
[CodeSkeptic] Analysis starting... (1 files, 12 rules)
[CodeSkeptic] 621 function summaries loaded from /scratch/codeskeptic-tu-run-330b4c/merged-summary.csk
/scratch/codeskeptic-quality-resource-ul55vmgd/mutant-source/libarchive/archive_read_disk_entry_from_file.c:166:6: warning: unused variable 'initial_fd' [-Wunused-variable]
  166 |         int initial_fd = fd;
      |             ^~~~~~~~~~
1 warning generated.
[CodeSkeptic] Analysis starting... (1 files, 12 rules)
[CodeSkeptic] 621 function summaries loaded from /scratch/codeskeptic-tu-run-330b4c/merged-summary.csk
/scratch/codeskeptic-quality-resource-ul55vmgd/mutant-source/libarchive/archive_read_disk_entry_from_file.c:166:6: warning: unused variable 'initial_fd' [-Wunused-variable]
  166 |         int initial_fd = fd;
      |             ^~~~~~~~~~
1 warning generated.
[CodeSkeptic] Analysis starting... (1 files, 12 rules)
[CodeSkeptic] 621 function summaries loaded from /scratch/codeskeptic-tu-run-330b4c/merged-summary.csk
[CodeSkeptic] Analysis starting... (1 files, 12 rules)
[CodeSkeptic] 621 function summaries loaded from /scratch/codeskeptic-tu-run-330b4c/merged-summary.csk
[CodeSkeptic] Analysis starting... (1 files, 12 rules)
[CodeSkeptic] 621 function summaries loaded from /scratch/codeskeptic-tu-run-330b4c/merged-summary.csk
[CodeSkeptic] Analysis starting... (1 files, 12 rules)
[CodeSkeptic] 621 function summaries loaded from /scratch/codeskeptic-tu-run-330b4c/merged-summary.csk
[CodeSkeptic] Analysis starting... (1 files, 12 rules)
[CodeSkeptic] 621 function summaries loaded from /scratch/codeskeptic-tu-run-330b4c/merged-summary.csk
[CodeSkeptic] Analysis starting... (1 files, 12 rules)
[CodeSkeptic] 621 function summaries loaded from /scratch/codeskeptic-tu-run-330b4c/merged-summary.csk
[CodeSkeptic] Analysis starting... (1 files, 12 rules)
[CodeSkeptic] 621 function summaries loaded from /scratch/codeskeptic-tu-run-330b4c/merged-summary.csk
[CodeSkeptic] Analysis starting... (1 files, 12 rules)
[CodeSkeptic] 621 function summaries loaded from /scratch/codeskeptic-tu-run-330b4c/merged-summary.csk
[CodeSkeptic] Analysis starting... (1 files, 12 rules)
[CodeSkeptic] 621 function summaries loaded from /scratch/codeskeptic-tu-run-330b4c/merged-summary.csk
[CodeSkeptic] Analysis starting... (1 files, 12 rules)
[CodeSkeptic] 621 function summaries loaded from /scratch/codeskeptic-tu-run-330b4c/merged-summary.csk
[CodeSkeptic] Analysis starting... (1 files, 12 rules)
[CodeSkeptic] 621 function summaries loaded from /scratch/codeskeptic-tu-run-330b4c/merged-summary.csk
[CodeSkeptic] Analysis starting... (1 files, 12 rules)
[CodeSkeptic] 621 function summaries loaded from /scratch/codeskeptic-tu-run-330b4c/merged-summary.csk
[CodeSkeptic] Analysis starting... (1 files, 12 rules)
[CodeSkeptic] 621 function summaries loaded from /scratch/codeskeptic-tu-run-330b4c/merged-summary.csk
[CodeSkeptic] Analysis starting... (1 files, 12 rules)
[CodeSkeptic] 621 function summaries loaded from /scratch/codeskeptic-tu-run-330b4c/merged-summary.csk
[CodeSkeptic] Analysis starting... (1 files, 12 rules)
[CodeSkeptic] 621 function summaries loaded from /scratch/codeskeptic-tu-run-330b4c/merged-summary.csk
[CodeSkeptic] Analysis starting... (1 files, 12 rules)
[CodeSkeptic] 621 function summaries loaded from /scratch/codeskeptic-tu-run-330b4c/merged-summary.csk
[CodeSkeptic] Analysis starting... (1 files, 12 rules)
[CodeSkeptic] 621 function summaries loaded from /scratch/codeskeptic-tu-run-330b4c/merged-summary.csk
[CodeSkeptic] Analysis starting... (1 files, 12 rules)
[CodeSkeptic] 621 function summaries loaded from /scratch/codeskeptic-tu-run-330b4c/merged-summary.csk
[CodeSkeptic] Analysis starting... (1 files, 12 rules)
[CodeSkeptic] 621 function summaries loaded from /scratch/codeskeptic-tu-run-330b4c/merged-summary.csk
[CodeSkeptic] Analysis starting... (1 files, 12 rules)
[CodeSkeptic] 621 function summaries loaded from /scratch/codeskeptic-tu-run-330b4c/merged-summary.csk
[CodeSkeptic] Analysis starting... (1 files, 12 rules)
[CodeSkeptic] 621 function summaries loaded from /scratch/codeskeptic-tu-run-330b4c/merged-summary.csk
[CodeSkeptic] Analysis starting... (1 files, 12 rules)
[CodeSkeptic] 621 function summaries loaded from /scratch/codeskeptic-tu-run-330b4c/merged-summary.csk
[CodeSkeptic] Analysis starting... (1 files, 12 rules)
[CodeSkeptic] 621 function summaries loaded from /scratch/codeskeptic-tu-run-330b4c/merged-summary.csk
[CodeSkeptic] Analysis starting... (1 files, 12 rules)
[CodeSkeptic] 621 function summaries loaded from /scratch/codeskeptic-tu-run-330b4c/merged-summary.csk
[CodeSkeptic] Analysis starting... (1 files, 12 rules)
[CodeSkeptic] 621 function summaries loaded from /scratch/codeskeptic-tu-run-330b4c/merged-summary.csk
[CodeSkeptic] Analysis starting... (1 files, 12 rules)
[CodeSkeptic] 621 function summaries loaded from /scratch/codeskeptic-tu-run-330b4c/merged-summary.csk
[CodeSkeptic] Analysis starting... (1 files, 12 rules)
[CodeSkeptic] 621 function summaries loaded from /scratch/codeskeptic-tu-run-330b4c/merged-summary.csk
[CodeSkeptic] Analysis starting... (1 files, 12 rules)
[CodeSkeptic] 621 function summaries loaded from /scratch/codeskeptic-tu-run-330b4c/merged-summary.csk
[CodeSkeptic] Analysis starting... (1 files, 12 rules)
[CodeSkeptic] 621 function summaries loaded from /scratch/codeskeptic-tu-run-330b4c/merged-summary.csk
[CodeSkeptic] Analysis starting... (1 files, 12 rules)
[CodeSkeptic] 621 function summaries loaded from /scratch/codeskeptic-tu-run-330b4c/merged-summary.csk
[CodeSkeptic] Analysis starting... (1 files, 12 rules)
[CodeSkeptic] 621 function summaries loaded from /scratch/codeskeptic-tu-run-330b4c/merged-summary.csk
[CodeSkeptic] Analysis starting... (1 files, 12 rules)
[CodeSkeptic] 621 function summaries loaded from /scratch/codeskeptic-tu-run-330b4c/merged-summary.csk
[CodeSkeptic] Analysis starting... (1 files, 12 rules)
[CodeSkeptic] 621 function summaries loaded from /scratch/codeskeptic-tu-run-330b4c/merged-summary.csk
[CodeSkeptic] Analysis starting... (1 files, 12 rules)
[CodeSkeptic] 621 function summaries loaded from /scratch/codeskeptic-tu-run-330b4c/merged-summary.csk
[CodeSkeptic] Analysis starting... (1 files, 12 rules)
[CodeSkeptic] 621 function summaries loaded from /scratch/codeskeptic-tu-run-330b4c/merged-summary.csk
[CodeSkeptic] Analysis starting... (1 files, 12 rules)
[CodeSkeptic] 621 function summaries loaded from /scratch/codeskeptic-tu-run-330b4c/merged-summary.csk
[CodeSkeptic] Analysis starting... (1 files, 12 rules)
[CodeSkeptic] 621 function summaries loaded from /scratch/codeskeptic-tu-run-330b4c/merged-summary.csk
[CodeSkeptic] Analysis starting... (1 files, 12 rules)
[CodeSkeptic] 621 function summaries loaded from /scratch/codeskeptic-tu-run-330b4c/merged-summary.csk
[CodeSkeptic] Analysis starting... (1 files, 12 rules)
[CodeSkeptic] 621 function summaries loaded from /scratch/codeskeptic-tu-run-330b4c/merged-summary.csk
[CodeSkeptic] Analysis starting... (1 files, 12 rules)
[CodeSkeptic] 621 function summaries loaded from /scratch/codeskeptic-tu-run-330b4c/merged-summary.csk
[CodeSkeptic] Analysis starting... (1 files, 12 rules)
[CodeSkeptic] 621 function summaries loaded from /scratch/codeskeptic-tu-run-330b4c/merged-summary.csk
[CodeSkeptic] Analysis starting... (1 files, 12 rules)
[CodeSkeptic] 621 function summaries loaded from /scratch/codeskeptic-tu-run-330b4c/merged-summary.csk
[CodeSkeptic] Analysis starting... (1 files, 12 rules)
[CodeSkeptic] 621 function summaries loaded from /scratch/codeskeptic-tu-run-330b4c/merged-summary.csk
[CodeSkeptic] Analysis starting... (1 files, 12 rules)
[CodeSkeptic] 621 function summaries loaded from /scratch/codeskeptic-tu-run-330b4c/merged-summary.csk
[CodeSkeptic] Analysis starting... (1 files, 12 rules)
[CodeSkeptic] 621 function summaries loaded from /scratch/codeskeptic-tu-run-330b4c/merged-summary.csk
[CodeSkeptic] Analysis starting... (1 files, 12 rules)
[CodeSkeptic] 621 function summaries loaded from /scratch/codeskeptic-tu-run-330b4c/merged-summary.csk
[CodeSkeptic] Analysis starting... (1 files, 12 rules)
[CodeSkeptic] 621 function summaries loaded from /scratch/codeskeptic-tu-run-330b4c/merged-summary.csk
[CodeSkeptic] Analysis starting... (1 files, 12 rules)
[CodeSkeptic] 621 function summaries loaded from /scratch/codeskeptic-tu-run-330b4c/merged-summary.csk
[CodeSkeptic] Analysis starting... (1 files, 12 rules)
[CodeSkeptic] 621 function summaries loaded from /scratch/codeskeptic-tu-run-330b4c/merged-summary.csk
[CodeSkeptic] Analysis starting... (1 files, 12 rules)
[CodeSkeptic] 621 function summaries loaded from /scratch/codeskeptic-tu-run-330b4c/merged-summary.csk
[CodeSkeptic] Analysis starting... (1 files, 12 rules)
[CodeSkeptic] 621 function summaries loaded from /scratch/codeskeptic-tu-run-330b4c/merged-summary.csk
[CodeSkeptic] Analysis starting... (1 files, 12 rules)
[CodeSkeptic] 621 function summaries loaded from /scratch/codeskeptic-tu-run-330b4c/merged-summary.csk
[CodeSkeptic] Analysis starting... (1 files, 12 rules)
[CodeSkeptic] 621 function summaries loaded from /scratch/codeskeptic-tu-run-330b4c/merged-summary.csk
[CodeSkeptic] Analysis starting... (1 files, 12 rules)
[CodeSkeptic] 621 function summaries loaded from /scratch/codeskeptic-tu-run-330b4c/merged-summary.csk
[CodeSkeptic] Analysis starting... (1 files, 12 rules)
[CodeSkeptic] 621 function summaries loaded from /scratch/codeskeptic-tu-run-330b4c/merged-summary.csk
[CodeSkeptic] Analysis starting... (1 files, 12 rules)
[CodeSkeptic] 621 function summaries loaded from /scratch/codeskeptic-tu-run-330b4c/merged-summary.csk
[CodeSkeptic] Analysis starting... (1 files, 12 rules)
[CodeSkeptic] 621 function summaries loaded from /scratch/codeskeptic-tu-run-330b4c/merged-summary.csk
[CodeSkeptic] Analysis starting... (1 files, 12 rules)
[CodeSkeptic] 621 function summaries loaded from /scratch/codeskeptic-tu-run-330b4c/merged-summary.csk
[CodeSkeptic] Analysis starting... (1 files, 12 rules)
[CodeSkeptic] 621 function summaries loaded from /scratch/codeskeptic-tu-run-330b4c/merged-summary.csk
[CodeSkeptic] Analysis starting... (1 files, 12 rules)
[CodeSkeptic] 621 function summaries loaded from /scratch/codeskeptic-tu-run-330b4c/merged-summary.csk
[CodeSkeptic] Analysis starting... (1 files, 12 rules)
[CodeSkeptic] 621 function summaries loaded from /scratch/codeskeptic-tu-run-330b4c/merged-summary.csk
[CodeSkeptic] Analysis starting... (1 files, 12 rules)
[CodeSkeptic] 621 function summaries loaded from /scratch/codeskeptic-tu-run-330b4c/merged-summary.csk
[CodeSkeptic] Analysis starting... (1 files, 12 rules)
[CodeSkeptic] 621 function summaries loaded from /scratch/codeskeptic-tu-run-330b4c/merged-summary.csk
[CodeSkeptic] Analysis starting... (1 files, 12 rules)
[CodeSkeptic] 621 function summaries loaded from /scratch/codeskeptic-tu-run-330b4c/merged-summary.csk
[CodeSkeptic] Analysis starting... (1 files, 12 rules)
[CodeSkeptic] 621 function summaries loaded from /scratch/codeskeptic-tu-run-330b4c/merged-summary.csk
[CodeSkeptic] Analysis starting... (1 files, 12 rules)
[CodeSkeptic] 621 function summaries loaded from /scratch/codeskeptic-tu-run-330b4c/merged-summary.csk
[CodeSkeptic] Analysis starting... (1 files, 12 rules)
[CodeSkeptic] 621 function summaries loaded from /scratch/codeskeptic-tu-run-330b4c/merged-summary.csk
[CodeSkeptic] Analysis starting... (1 files, 12 rules)
[CodeSkeptic] 621 function summaries loaded from /scratch/codeskeptic-tu-run-330b4c/merged-summary.csk
[CodeSkeptic] Analysis starting... (1 files, 12 rules)
[CodeSkeptic] 621 function summaries loaded from /scratch/codeskeptic-tu-run-330b4c/merged-summary.csk
[CodeSkeptic] Analysis starting... (1 files, 12 rules)
[CodeSkeptic] 621 function summaries loaded from /scratch/codeskeptic-tu-run-330b4c/merged-summary.csk
[CodeSkeptic] Analysis starting... (1 files, 12 rules)
[CodeSkeptic] 621 function summaries loaded from /scratch/codeskeptic-tu-run-330b4c/merged-summary.csk
[CodeSkeptic] Analysis starting... (1 files, 12 rules)
[CodeSkeptic] 621 function summaries loaded from /scratch/codeskeptic-tu-run-330b4c/merged-summary.csk
[CodeSkeptic] Analysis starting... (1 files, 12 rules)
[CodeSkeptic] 621 function summaries loaded from /scratch/codeskeptic-tu-run-330b4c/merged-summary.csk
[CodeSkeptic] Analysis starting... (1 files, 12 rules)
[CodeSkeptic] 621 function summaries loaded from /scratch/codeskeptic-tu-run-330b4c/merged-summary.csk
[CodeSkeptic] Analysis starting... (1 files, 12 rules)
[CodeSkeptic] 621 function summaries loaded from /scratch/codeskeptic-tu-run-330b4c/merged-summary.csk
[CodeSkeptic] Analysis starting... (1 files, 12 rules)
[CodeSkeptic] 621 function summaries loaded from /scratch/codeskeptic-tu-run-330b4c/merged-summary.csk
[CodeSkeptic] Analysis starting... (1 files, 12 rules)
[CodeSkeptic] 621 function summaries loaded from /scratch/codeskeptic-tu-run-330b4c/merged-summary.csk
[CodeSkeptic] Analysis starting... (1 files, 12 rules)
[CodeSkeptic] 621 function summaries loaded from /scratch/codeskeptic-tu-run-330b4c/merged-summary.csk
[CodeSkeptic] Analysis starting... (1 files, 12 rules)
[CodeSkeptic] 621 function summaries loaded from /scratch/codeskeptic-tu-run-330b4c/merged-summary.csk
[CodeSkeptic] Analysis starting... (1 files, 12 rules)
[CodeSkeptic] 621 function summaries loaded from /scratch/codeskeptic-tu-run-330b4c/merged-summary.csk
[CodeSkeptic] Analysis starting... (1 files, 12 rules)
[CodeSkeptic] 621 function summaries loaded from /scratch/codeskeptic-tu-run-330b4c/merged-summary.csk
[CodeSkeptic] Analysis starting... (1 files, 12 rules)
[CodeSkeptic] 621 function summaries loaded from /scratch/codeskeptic-tu-run-330b4c/merged-summary.csk
[CodeSkeptic] Analysis starting... (1 files, 12 rules)
[CodeSkeptic] 621 function summaries loaded from /scratch/codeskeptic-tu-run-330b4c/merged-summary.csk
[CodeSkeptic] Analysis starting... (1 files, 12 rules)
[CodeSkeptic] 621 function summaries loaded from /scratch/codeskeptic-tu-run-330b4c/merged-summary.csk
[CodeSkeptic] Analysis starting... (1 files, 12 rules)
[CodeSkeptic] 621 function summaries loaded from /scratch/codeskeptic-tu-run-330b4c/merged-summary.csk
[CodeSkeptic] Analysis starting... (1 files, 12 rules)
[CodeSkeptic] 621 function summaries loaded from /scratch/codeskeptic-tu-run-330b4c/merged-summary.csk
[CodeSkeptic] Analysis starting... (1 files, 12 rules)
[CodeSkeptic] 621 function summaries loaded from /scratch/codeskeptic-tu-run-330b4c/merged-summary.csk
[CodeSkeptic] Analysis starting... (1 files, 12 rules)
[CodeSkeptic] 621 function summaries loaded from /scratch/codeskeptic-tu-run-330b4c/merged-summary.csk
[CodeSkeptic] Analysis starting... (1 files, 12 rules)
[CodeSkeptic] 621 function summaries loaded from /scratch/codeskeptic-tu-run-330b4c/merged-summary.csk
[CodeSkeptic] Analysis starting... (1 files, 12 rules)
[CodeSkeptic] 621 function summaries loaded from /scratch/codeskeptic-tu-run-330b4c/merged-summary.csk
[CodeSkeptic] Analysis starting... (1 files, 12 rules)
[CodeSkeptic] 621 function summaries loaded from /scratch/codeskeptic-tu-run-330b4c/merged-summary.csk
[CodeSkeptic] Analysis starting... (1 files, 12 rules)
[CodeSkeptic] 621 function summaries loaded from /scratch/codeskeptic-tu-run-330b4c/merged-summary.csk
[CodeSkeptic] Analysis starting... (1 files, 12 rules)
[CodeSkeptic] 621 function summaries loaded from /scratch/codeskeptic-tu-run-330b4c/merged-summary.csk
[CodeSkeptic] Analysis starting... (1 files, 12 rules)
[CodeSkeptic] 621 function summaries loaded from /scratch/codeskeptic-tu-run-330b4c/merged-summary.csk
[CodeSkeptic] Analysis starting... (1 files, 12 rules)
[CodeSkeptic] 621 function summaries loaded from /scratch/codeskeptic-tu-run-330b4c/merged-summary.csk
[CodeSkeptic] Analysis starting... (1 files, 12 rules)
[CodeSkeptic] 621 function summaries loaded from /scratch/codeskeptic-tu-run-330b4c/merged-summary.csk
[CodeSkeptic] Analysis starting... (1 files, 12 rules)
[CodeSkeptic] 621 function summaries loaded from /scratch/codeskeptic-tu-run-330b4c/merged-summary.csk
[CodeSkeptic] Analysis starting... (1 files, 12 rules)
[CodeSkeptic] 621 function summaries loaded from /scratch/codeskeptic-tu-run-330b4c/merged-summary.csk
[CodeSkeptic] Analysis starting... (1 files, 12 rules)
[CodeSkeptic] 621 function summaries loaded from /scratch/codeskeptic-tu-run-330b4c/merged-summary.csk
[CodeSkeptic] Analysis starting... (1 files, 12 rules)
[CodeSkeptic] 621 function summaries loaded from /scratch/codeskeptic-tu-run-330b4c/merged-summary.csk
[CodeSkeptic] Analysis starting... (1 files, 12 rules)
[CodeSkeptic] 621 function summaries loaded from /scratch/codeskeptic-tu-run-330b4c/merged-summary.csk
[CodeSkeptic] Analysis starting... (1 files, 12 rules)
[CodeSkeptic] 621 function summaries loaded from /scratch/codeskeptic-tu-run-330b4c/merged-summary.csk
[CodeSkeptic] Analysis starting... (1 files, 12 rules)
[CodeSkeptic] 621 function summaries loaded from /scratch/codeskeptic-tu-run-330b4c/merged-summary.csk
[CodeSkeptic] Analysis starting... (1 files, 12 rules)
[CodeSkeptic] 621 function summaries loaded from /scratch/codeskeptic-tu-run-330b4c/merged-summary.csk
[CodeSkeptic] Analysis starting... (1 files, 12 rules)
[CodeSkeptic] 621 function summaries loaded from /scratch/codeskeptic-tu-run-330b4c/merged-summary.csk
[CodeSkeptic] Analysis starting... (1 files, 12 rules)
[CodeSkeptic] 621 function summaries loaded from /scratch/codeskeptic-tu-run-330b4c/merged-summary.csk
[CodeSkeptic] Analysis starting... (1 files, 12 rules)
[CodeSkeptic] 621 function summaries loaded from /scratch/codeskeptic-tu-run-330b4c/merged-summary.csk
[CodeSkeptic] Analysis starting... (1 files, 12 rules)
[CodeSkeptic] 621 function summaries loaded from /scratch/codeskeptic-tu-run-330b4c/merged-summary.csk
[CodeSkeptic] Analysis starting... (1 files, 12 rules)
[CodeSkeptic] 621 function summaries loaded from /scratch/codeskeptic-tu-run-330b4c/merged-summary.csk
[CodeSkeptic] Analysis starting... (1 files, 12 rules)
[CodeSkeptic] 621 function summaries loaded from /scratch/codeskeptic-tu-run-330b4c/merged-summary.csk
[CodeSkeptic] Analysis starting... (1 files, 12 rules)
[CodeSkeptic] 621 function summaries loaded from /scratch/codeskeptic-tu-run-330b4c/merged-summary.csk
[CodeSkeptic] Analysis starting... (1 files, 12 rules)
[CodeSkeptic] 621 function summaries loaded from /scratch/codeskeptic-tu-run-330b4c/merged-summary.csk
[CodeSkeptic] Analysis starting... (1 files, 12 rules)
[CodeSkeptic] 621 function summaries loaded from /scratch/codeskeptic-tu-run-330b4c/merged-summary.csk
[CodeSkeptic] Analysis starting... (1 files, 12 rules)
[CodeSkeptic] 621 function summaries loaded from /scratch/codeskeptic-tu-run-330b4c/merged-summary.csk
[CodeSkeptic] Analysis starting... (1 files, 12 rules)
[CodeSkeptic] 621 function summaries loaded from /scratch/codeskeptic-tu-run-330b4c/merged-summary.csk
[CodeSkeptic] Analysis starting... (1 files, 12 rules)
[CodeSkeptic] 621 function summaries loaded from /scratch/codeskeptic-tu-run-330b4c/merged-summary.csk
[CodeSkeptic] Analysis starting... (1 files, 12 rules)
[CodeSkeptic] 621 function summaries loaded from /scratch/codeskeptic-tu-run-330b4c/merged-summary.csk
[CodeSkeptic] Analysis starting... (1 files, 12 rules)
[CodeSkeptic] 621 function summaries loaded from /scratch/codeskeptic-tu-run-330b4c/merged-summary.csk
[CodeSkeptic] Analysis starting... (1 files, 12 rules)
[CodeSkeptic] 621 function summaries loaded from /scratch/codeskeptic-tu-run-330b4c/merged-summary.csk
[CodeSkeptic] Analysis starting... (1 files, 12 rules)
[CodeSkeptic] 621 function summaries loaded from /scratch/codeskeptic-tu-run-330b4c/merged-summary.csk
[CodeSkeptic] Analysis starting... (1 files, 12 rules)
[CodeSkeptic] 621 function summaries loaded from /scratch/codeskeptic-tu-run-330b4c/merged-summary.csk
[CodeSkeptic] Analysis starting... (1 files, 12 rules)
[CodeSkeptic] 621 function summaries loaded from /scratch/codeskeptic-tu-run-330b4c/merged-summary.csk
[CodeSkeptic] Analysis starting... (1 files, 12 rules)
[CodeSkeptic] 621 function summaries loaded from /scratch/codeskeptic-tu-run-330b4c/merged-summary.csk
[CodeSkeptic] Analysis starting... (1 files, 12 rules)
[CodeSkeptic] 621 function summaries loaded from /scratch/codeskeptic-tu-run-330b4c/merged-summary.csk
[CodeSkeptic] Analysis starting... (1 files, 12 rules)
[CodeSkeptic] 621 function summaries loaded from /scratch/codeskeptic-tu-run-330b4c/merged-summary.csk
[CodeSkeptic] Analysis starting... (1 files, 12 rules)
[CodeSkeptic] 621 function summaries loaded from /scratch/codeskeptic-tu-run-330b4c/merged-summary.csk
[CodeSkeptic] Analysis starting... (1 files, 12 rules)
[CodeSkeptic] 621 function summaries loaded from /scratch/codeskeptic-tu-run-330b4c/merged-summary.csk
[CodeSkeptic] Analysis starting... (1 files, 12 rules)
[CodeSkeptic] 621 function summaries loaded from /scratch/codeskeptic-tu-run-330b4c/merged-summary.csk
[CodeSkeptic] Analysis starting... (1 files, 12 rules)
[CodeSkeptic] 621 function summaries loaded from /scratch/codeskeptic-tu-run-330b4c/merged-summary.csk
[CodeSkeptic] Analysis starting... (1 files, 12 rules)
[CodeSkeptic] 621 function summaries loaded from /scratch/codeskeptic-tu-run-330b4c/merged-summary.csk
[CodeSkeptic] Analysis starting... (1 files, 12 rules)
[CodeSkeptic] 621 function summaries loaded from /scratch/codeskeptic-tu-run-330b4c/merged-summary.csk
[CodeSkeptic] Analysis starting... (1 files, 12 rules)
[CodeSkeptic] 621 function summaries loaded from /scratch/codeskeptic-tu-run-330b4c/merged-summary.csk
[CodeSkeptic] Analysis starting... (1 files, 12 rules)
[CodeSkeptic] 621 function summaries loaded from /scratch/codeskeptic-tu-run-330b4c/merged-summary.csk
[CodeSkeptic] Analysis starting... (1 files, 12 rules)
[CodeSkeptic] 621 function summaries loaded from /scratch/codeskeptic-tu-run-330b4c/merged-summary.csk
[CodeSkeptic] Analysis starting... (1 files, 12 rules)
[CodeSkeptic] 621 function summaries loaded from /scratch/codeskeptic-tu-run-330b4c/merged-summary.csk
[CodeSkeptic] Analysis starting... (1 files, 12 rules)
[CodeSkeptic] 621 function summaries loaded from /scratch/codeskeptic-tu-run-330b4c/merged-summary.csk
[CodeSkeptic] Analysis starting... (1 files, 12 rules)
[CodeSkeptic] 621 function summaries loaded from /scratch/codeskeptic-tu-run-330b4c/merged-summary.csk
[CodeSkeptic] Analysis starting... (1 files, 12 rules)
[CodeSkeptic] 621 function summaries loaded from /scratch/codeskeptic-tu-run-330b4c/merged-summary.csk
[CodeSkeptic] Analysis starting... (1 files, 12 rules)
[CodeSkeptic] 621 function summaries loaded from /scratch/codeskeptic-tu-run-330b4c/merged-summary.csk
[CodeSkeptic] Analysis starting... (1 files, 12 rules)
[CodeSkeptic] 621 function summaries loaded from /scratch/codeskeptic-tu-run-330b4c/merged-summary.csk
[CodeSkeptic] Analysis starting... (1 files, 12 rules)
[CodeSkeptic] 621 function summaries loaded from /scratch/codeskeptic-tu-run-330b4c/merged-summary.csk
[CodeSkeptic] Analysis starting... (1 files, 12 rules)
[CodeSkeptic] 621 function summaries loaded from /scratch/codeskeptic-tu-run-330b4c/merged-summary.csk
[CodeSkeptic] Analysis starting... (1 files, 12 rules)
[CodeSkeptic] 621 function summaries loaded from /scratch/codeskeptic-tu-run-330b4c/merged-summary.csk
[CodeSkeptic] Analysis starting... (1 files, 12 rules)
[CodeSkeptic] 621 function summaries loaded from /scratch/codeskeptic-tu-run-330b4c/merged-summary.csk
[CodeSkeptic] Analysis starting... (1 files, 12 rules)
[CodeSkeptic] 621 function summaries loaded from /scratch/codeskeptic-tu-run-330b4c/merged-summary.csk
[CodeSkeptic] Analysis starting... (1 files, 12 rules)
[CodeSkeptic] 621 function summaries loaded from /scratch/codeskeptic-tu-run-330b4c/merged-summary.csk
[CodeSkeptic] Analysis starting... (1 files, 12 rules)
[CodeSkeptic] 621 function summaries loaded from /scratch/codeskeptic-tu-run-330b4c/merged-summary.csk
[CodeSkeptic] Analysis starting... (1 files, 12 rules)
[CodeSkeptic] 621 function summaries loaded from /scratch/codeskeptic-tu-run-330b4c/merged-summary.csk
[CodeSkeptic] Analysis starting... (1 files, 12 rules)
[CodeSkeptic] 621 function summaries loaded from /scratch/codeskeptic-tu-run-330b4c/merged-summary.csk
[CodeSkeptic] Analysis starting... (1 files, 12 rules)
[CodeSkeptic] 621 function summaries loaded from /scratch/codeskeptic-tu-run-330b4c/merged-summary.csk
[CodeSkeptic] Analysis starting... (1 files, 12 rules)
[CodeSkeptic] 621 function summaries loaded from /scratch/codeskeptic-tu-run-330b4c/merged-summary.csk
[CodeSkeptic] Analysis starting... (1 files, 12 rules)
[CodeSkeptic] 621 function summaries loaded from /scratch/codeskeptic-tu-run-330b4c/merged-summary.csk
[CodeSkeptic] Analysis starting... (1 files, 12 rules)
[CodeSkeptic] 621 function summaries loaded from /scratch/codeskeptic-tu-run-330b4c/merged-summary.csk
[CodeSkeptic] Analysis starting... (1 files, 12 rules)
[CodeSkeptic] 621 function summaries loaded from /scratch/codeskeptic-tu-run-330b4c/merged-summary.csk
[CodeSkeptic] Analysis starting... (1 files, 12 rules)
[CodeSkeptic] 621 function summaries loaded from /scratch/codeskeptic-tu-run-330b4c/merged-summary.csk
[CodeSkeptic] Analysis starting... (1 files, 12 rules)
[CodeSkeptic] 621 function summaries loaded from /scratch/codeskeptic-tu-run-330b4c/merged-summary.csk
[CodeSkeptic] Analysis starting... (1 files, 12 rules)
[CodeSkeptic] 621 function summaries loaded from /scratch/codeskeptic-tu-run-330b4c/merged-summary.csk
[CodeSkeptic] Analysis starting... (1 files, 12 rules)
[CodeSkeptic] 621 function summaries loaded from /scratch/codeskeptic-tu-run-330b4c/merged-summary.csk
[CodeSkeptic] Analysis starting... (1 files, 12 rules)
[CodeSkeptic] 621 function summaries loaded from /scratch/codeskeptic-tu-run-330b4c/merged-summary.csk
[CodeSkeptic] Analysis starting... (1 files, 12 rules)
[CodeSkeptic] 621 function summaries loaded from /scratch/codeskeptic-tu-run-330b4c/merged-summary.csk
[CodeSkeptic] Analysis starting... (1 files, 12 rules)
[CodeSkeptic] 621 function summaries loaded from /scratch/codeskeptic-tu-run-330b4c/merged-summary.csk
[CodeSkeptic] Analysis starting... (1 files, 12 rules)
[CodeSkeptic] 621 function summaries loaded from /scratch/codeskeptic-tu-run-330b4c/merged-summary.csk
[CodeSkeptic] Analysis starting... (1 files, 12 rules)
[CodeSkeptic] 621 function summaries loaded from /scratch/codeskeptic-tu-run-330b4c/merged-summary.csk
/scratch/codeskeptic-quality-resource-ul55vmgd/mutant-source/libarchive/archive_write_set_format_mtree.c:1616:19: warning: unused variable 'digest' [-Wunused-variable]
 1616 |         struct ae_digest digest;
      |                          ^~~~~~
1 warning generated.
[CodeSkeptic] Analysis starting... (1 files, 12 rules)
[CodeSkeptic] 621 function summaries loaded from /scratch/codeskeptic-tu-run-330b4c/merged-summary.csk
/scratch/codeskeptic-quality-resource-ul55vmgd/mutant-source/libarchive/archive_write_set_format_mtree.c:1616:19: warning: unused variable 'digest' [-Wunused-variable]
 1616 |         struct ae_digest digest;
      |                          ^~~~~~
1 warning generated.
[CodeSkeptic] Analysis starting... (1 files, 12 rules)
[CodeSkeptic] 621 function summaries loaded from /scratch/codeskeptic-tu-run-330b4c/merged-summary.csk
[CodeSkeptic] Analysis starting... (1 files, 12 rules)
[CodeSkeptic] 621 function summaries loaded from /scratch/codeskeptic-tu-run-330b4c/merged-summary.csk
[CodeSkeptic] Analysis starting... (1 files, 12 rules)
[CodeSkeptic] 621 function summaries loaded from /scratch/codeskeptic-tu-run-330b4c/merged-summary.csk
[CodeSkeptic] Analysis starting... (1 files, 12 rules)
[CodeSkeptic] 621 function summaries loaded from /scratch/codeskeptic-tu-run-330b4c/merged-summary.csk
[CodeSkeptic] Analysis starting... (1 files, 12 rules)
[CodeSkeptic] 621 function summaries loaded from /scratch/codeskeptic-tu-run-330b4c/merged-summary.csk
[CodeSkeptic] Analysis starting... (1 files, 12 rules)
[CodeSkeptic] 621 function summaries loaded from /scratch/codeskeptic-tu-run-330b4c/merged-summary.csk
[CodeSkeptic] Analysis starting... (1 files, 12 rules)
[CodeSkeptic] 621 function summaries loaded from /scratch/codeskeptic-tu-run-330b4c/merged-summary.csk
[CodeSkeptic] Analysis starting... (1 files, 12 rules)
[CodeSkeptic] 621 function summaries loaded from /scratch/codeskeptic-tu-run-330b4c/merged-summary.csk
[CodeSkeptic] Analysis starting... (1 files, 12 rules)
[CodeSkeptic] 621 function summaries loaded from /scratch/codeskeptic-tu-run-330b4c/merged-summary.csk
[CodeSkeptic] Analysis starting... (1 files, 12 rules)
[CodeSkeptic] 621 function summaries loaded from /scratch/codeskeptic-tu-run-330b4c/merged-summary.csk
[CodeSkeptic] Analysis starting... (1 files, 12 rules)
[CodeSkeptic] 621 function summaries loaded from /scratch/codeskeptic-tu-run-330b4c/merged-summary.csk
[CodeSkeptic] Analysis starting... (1 files, 12 rules)
[CodeSkeptic] 621 function summaries loaded from /scratch/codeskeptic-tu-run-330b4c/merged-summary.csk
[CodeSkeptic] Analysis starting... (1 files, 12 rules)
[CodeSkeptic] 621 function summaries loaded from /scratch/codeskeptic-tu-run-330b4c/merged-summary.csk
[CodeSkeptic] Analysis starting... (1 files, 12 rules)
[CodeSkeptic] 621 function summaries loaded from /scratch/codeskeptic-tu-run-330b4c/merged-summary.csk
[CodeSkeptic] Analysis starting... (1 files, 12 rules)
[CodeSkeptic] 621 function summaries loaded from /scratch/codeskeptic-tu-run-330b4c/merged-summary.csk
[CodeSkeptic] Analysis starting... (1 files, 12 rules)
[CodeSkeptic] 621 function summaries loaded from /scratch/codeskeptic-tu-run-330b4c/merged-summary.csk
[CodeSkeptic] Analysis starting... (1 files, 12 rules)
[CodeSkeptic] 621 function summaries loaded from /scratch/codeskeptic-tu-run-330b4c/merged-summary.csk
[CodeSkeptic] Analysis starting... (1 files, 12 rules)
[CodeSkeptic] 621 function summaries loaded from /scratch/codeskeptic-tu-run-330b4c/merged-summary.csk
[CodeSkeptic] Analysis starting... (1 files, 12 rules)
[CodeSkeptic] 621 function summaries loaded from /scratch/codeskeptic-tu-run-330b4c/merged-summary.csk
[CodeSkeptic] Analysis starting... (1 files, 12 rules)
[CodeSkeptic] 621 function summaries loaded from /scratch/codeskeptic-tu-run-330b4c/merged-summary.csk
[CodeSkeptic] Analysis starting... (1 files, 12 rules)
[CodeSkeptic] 621 function summaries loaded from /scratch/codeskeptic-tu-run-330b4c/merged-summary.csk
[CodeSkeptic] Analysis starting... (1 files, 12 rules)
[CodeSkeptic] 621 function summaries loaded from /scratch/codeskeptic-tu-run-330b4c/merged-summary.csk
[CodeSkeptic] Analysis starting... (1 files, 12 rules)
[CodeSkeptic] 621 function summaries loaded from /scratch/codeskeptic-tu-run-330b4c/merged-summary.csk
[CodeSkeptic] Analysis starting... (1 files, 12 rules)
[CodeSkeptic] 621 function summaries loaded from /scratch/codeskeptic-tu-run-330b4c/merged-summary.csk
